../Core/Src/main.c:86:6:button	8	static
../Core/Src/main.c:93:6:HAL_TIM_IC_CaptureCallback	16	static
../Core/Src/main.c:105:6:HAL_TIM_PeriodElapsedCallback	16	static
../Core/Src/main.c:134:6:calcsin	4	static
../Core/Src/main.c:173:5:main	32	static
../Core/Src/main.c:435:7:SystemClock_Config	120	static
../Core/Src/main.c:479:14:MX_DAC_Init	24	static
../Core/Src/main.c:516:14:MX_TIM2_Init	56	static
../Core/Src/main.c:563:14:MX_TIM15_Init	40	static
../Core/Src/main.c:606:14:MX_USART2_UART_Init	8	static
../Core/Src/main.c:637:14:MX_DMA_Init	16	static
../Core/Src/main.c:654:14:MX_GPIO_Init	48	static
../Core/Src/main.c:701:7:Error_Handler	4	static,ignoring_inline_asm
