../Core/Src/main.c:99:6:delay	16	static
../Core/Src/main.c:108:6:HAL_TIM_PeriodElapsedCallback	16	static
../Core/Src/main.c:133:5:main	80	static
../Core/Src/main.c:518:6:SystemClock_Config	120	static
../Core/Src/main.c:569:13:MX_I2C1_Init	8	static
../Core/Src/main.c:617:13:MX_TIM1_Init	40	static
../Core/Src/main.c:664:13:MX_TIM2_Init	64	static
../Core/Src/main.c:723:13:MX_TIM15_Init	40	static
../Core/Src/main.c:769:13:MX_USART2_UART_Init	8	static
../Core/Src/main.c:804:13:MX_GPIO_Init	48	static
../Core/Src/main.c:906:6:Error_Handler	4	static,ignoring_inline_asm
