Archive member included to satisfy reference by file (symbol)

c:/st/stm32cubeide_1.12.1/stm32cubeide/plugins/com.st.stm32cube.ide.mcu.externaltools.gnu-tools-for-stm32.10.3-2021.10.win32_1.0.200.202301161003/tools/bin/../lib/gcc/arm-none-eabi/10.3.1/../../../../arm-none-eabi/lib/thumb/v7e-m+fp/hard\libc_nano.a(lib_a-errno.o)
                              ./Core/Src/syscalls.o (__errno)
c:/st/stm32cubeide_1.12.1/stm32cubeide/plugins/com.st.stm32cube.ide.mcu.externaltools.gnu-tools-for-stm32.10.3-2021.10.win32_1.0.200.202301161003/tools/bin/../lib/gcc/arm-none-eabi/10.3.1/../../../../arm-none-eabi/lib/thumb/v7e-m+fp/hard\libc_nano.a(lib_a-exit.o)
                              c:/st/stm32cubeide_1.12.1/stm32cubeide/plugins/com.st.stm32cube.ide.mcu.externaltools.gnu-tools-for-stm32.10.3-2021.10.win32_1.0.200.202301161003/tools/bin/../lib/gcc/arm-none-eabi/10.3.1/../../../../arm-none-eabi/lib/thumb/v7e-m+fp/hard/crt0.o (exit)
c:/st/stm32cubeide_1.12.1/stm32cubeide/plugins/com.st.stm32cube.ide.mcu.externaltools.gnu-tools-for-stm32.10.3-2021.10.win32_1.0.200.202301161003/tools/bin/../lib/gcc/arm-none-eabi/10.3.1/../../../../arm-none-eabi/lib/thumb/v7e-m+fp/hard\libc_nano.a(lib_a-impure.o)
                              c:/st/stm32cubeide_1.12.1/stm32cubeide/plugins/com.st.stm32cube.ide.mcu.externaltools.gnu-tools-for-stm32.10.3-2021.10.win32_1.0.200.202301161003/tools/bin/../lib/gcc/arm-none-eabi/10.3.1/../../../../arm-none-eabi/lib/thumb/v7e-m+fp/hard\libc_nano.a(lib_a-exit.o) (_global_impure_ptr)
c:/st/stm32cubeide_1.12.1/stm32cubeide/plugins/com.st.stm32cube.ide.mcu.externaltools.gnu-tools-for-stm32.10.3-2021.10.win32_1.0.200.202301161003/tools/bin/../lib/gcc/arm-none-eabi/10.3.1/../../../../arm-none-eabi/lib/thumb/v7e-m+fp/hard\libc_nano.a(lib_a-init.o)
                              c:/st/stm32cubeide_1.12.1/stm32cubeide/plugins/com.st.stm32cube.ide.mcu.externaltools.gnu-tools-for-stm32.10.3-2021.10.win32_1.0.200.202301161003/tools/bin/../lib/gcc/arm-none-eabi/10.3.1/../../../../arm-none-eabi/lib/thumb/v7e-m+fp/hard/crt0.o (__libc_init_array)
c:/st/stm32cubeide_1.12.1/stm32cubeide/plugins/com.st.stm32cube.ide.mcu.externaltools.gnu-tools-for-stm32.10.3-2021.10.win32_1.0.200.202301161003/tools/bin/../lib/gcc/arm-none-eabi/10.3.1/../../../../arm-none-eabi/lib/thumb/v7e-m+fp/hard\libc_nano.a(lib_a-memset.o)
                              c:/st/stm32cubeide_1.12.1/stm32cubeide/plugins/com.st.stm32cube.ide.mcu.externaltools.gnu-tools-for-stm32.10.3-2021.10.win32_1.0.200.202301161003/tools/bin/../lib/gcc/arm-none-eabi/10.3.1/../../../../arm-none-eabi/lib/thumb/v7e-m+fp/hard/crt0.o (memset)

Discarded input sections

 .text          0x0000000000000000        0x0 c:/st/stm32cubeide_1.12.1/stm32cubeide/plugins/com.st.stm32cube.ide.mcu.externaltools.gnu-tools-for-stm32.10.3-2021.10.win32_1.0.200.202301161003/tools/bin/../lib/gcc/arm-none-eabi/10.3.1/thumb/v7e-m+fp/hard/crti.o
 .data          0x0000000000000000        0x0 c:/st/stm32cubeide_1.12.1/stm32cubeide/plugins/com.st.stm32cube.ide.mcu.externaltools.gnu-tools-for-stm32.10.3-2021.10.win32_1.0.200.202301161003/tools/bin/../lib/gcc/arm-none-eabi/10.3.1/thumb/v7e-m+fp/hard/crti.o
 .bss           0x0000000000000000        0x0 c:/st/stm32cubeide_1.12.1/stm32cubeide/plugins/com.st.stm32cube.ide.mcu.externaltools.gnu-tools-for-stm32.10.3-2021.10.win32_1.0.200.202301161003/tools/bin/../lib/gcc/arm-none-eabi/10.3.1/thumb/v7e-m+fp/hard/crti.o
 .data          0x0000000000000000        0x4 c:/st/stm32cubeide_1.12.1/stm32cubeide/plugins/com.st.stm32cube.ide.mcu.externaltools.gnu-tools-for-stm32.10.3-2021.10.win32_1.0.200.202301161003/tools/bin/../lib/gcc/arm-none-eabi/10.3.1/thumb/v7e-m+fp/hard/crtbegin.o
 .rodata        0x0000000000000000       0x24 c:/st/stm32cubeide_1.12.1/stm32cubeide/plugins/com.st.stm32cube.ide.mcu.externaltools.gnu-tools-for-stm32.10.3-2021.10.win32_1.0.200.202301161003/tools/bin/../lib/gcc/arm-none-eabi/10.3.1/thumb/v7e-m+fp/hard/crtbegin.o
 .text          0x0000000000000000       0x7c c:/st/stm32cubeide_1.12.1/stm32cubeide/plugins/com.st.stm32cube.ide.mcu.externaltools.gnu-tools-for-stm32.10.3-2021.10.win32_1.0.200.202301161003/tools/bin/../lib/gcc/arm-none-eabi/10.3.1/../../../../arm-none-eabi/lib/thumb/v7e-m+fp/hard/crt0.o
 .data          0x0000000000000000        0x0 c:/st/stm32cubeide_1.12.1/stm32cubeide/plugins/com.st.stm32cube.ide.mcu.externaltools.gnu-tools-for-stm32.10.3-2021.10.win32_1.0.200.202301161003/tools/bin/../lib/gcc/arm-none-eabi/10.3.1/../../../../arm-none-eabi/lib/thumb/v7e-m+fp/hard/crt0.o
 .bss           0x0000000000000000        0x0 c:/st/stm32cubeide_1.12.1/stm32cubeide/plugins/com.st.stm32cube.ide.mcu.externaltools.gnu-tools-for-stm32.10.3-2021.10.win32_1.0.200.202301161003/tools/bin/../lib/gcc/arm-none-eabi/10.3.1/../../../../arm-none-eabi/lib/thumb/v7e-m+fp/hard/crt0.o
[...]
Memory Configuration

Name             Origin             Length             Attributes
RAM              0x0000000020000000 0x0000000000004000 xrw
FLASH            0x0000000008000000 0x0000000000010000 xr
*default*        0x0000000000000000 0xffffffffffffffff

Linker script and memory map

LOAD c:/st/stm32cubeide_1.12.1/stm32cubeide/plugins/com.st.stm32cube.ide.mcu.externaltools.gnu-tools-for-stm32.10.3-2021.10.win32_1.0.200.202301161003/tools/bin/../lib/gcc/arm-none-eabi/10.3.1/thumb/v7e-m+fp/hard/crti.o
LOAD c:/st/stm32cubeide_1.12.1/stm32cubeide/plugins/com.st.stm32cube.ide.mcu.externaltools.gnu-tools-for-stm32.10.3-2021.10.win32_1.0.200.202301161003/tools/bin/../lib/gcc/arm-none-eabi/10.3.1/thumb/v7e-m+fp/hard/crtbegin.o
LOAD c:/st/stm32cubeide_1.12.1/stm32cubeide/plugins/com.st.stm32cube.ide.mcu.externaltools.gnu-tools-for-stm32.10.3-2021.10.win32_1.0.200.202301161003/tools/bin/../lib/gcc/arm-none-eabi/10.3.1/../../../../arm-none-eabi/lib/thumb/v7e-m+fp/hard/crt0.o
LOAD ./Core/Src/main.o
LOAD ./Core/Src/max_matrix_stm32.o
LOAD ./Core/Src/stm32f3xx_hal_msp.o
LOAD ./Core/Src/stm32f3xx_it.o
LOAD ./Core/Src/syscalls.o
LOAD ./Core/Src/sysmem.o
LOAD ./Core/Src/system_stm32f3xx.o
LOAD ./Core/Startup/startup_stm32f302r8tx.o
LOAD ./Drivers/STM32F3xx_HAL_Driver/Src/stm32f3xx_hal.o
LOAD ./Drivers/STM32F3xx_HAL_Driver/Src/stm32f3xx_hal_cortex.o
LOAD ./Drivers/STM32F3xx_HAL_Driver/Src/stm32f3xx_hal_dma.o
LOAD ./Drivers/STM32F3xx_HAL_Driver/Src/stm32f3xx_hal_exti.o
LOAD ./Drivers/STM32F3xx_HAL_Driver/Src/stm32f3xx_hal_flash.o
LOAD ./Drivers/STM32F3xx_HAL_Driver/Src/stm32f3xx_hal_flash_ex.o
LOAD ./Drivers/STM32F3xx_HAL_Driver/Src/stm32f3xx_hal_gpio.o
LOAD ./Drivers/STM32F3xx_HAL_Driver/Src/stm32f3xx_hal_i2c.o
LOAD ./Drivers/STM32F3xx_HAL_Driver/Src/stm32f3xx_hal_i2c_ex.o
LOAD ./Drivers/STM32F3xx_HAL_Driver/Src/stm32f3xx_hal_pwr.o
LOAD ./Drivers/STM32F3xx_HAL_Driver/Src/stm32f3xx_hal_pwr_ex.o
LOAD ./Drivers/STM32F3xx_HAL_Driver/Src/stm32f3xx_hal_rcc.o
LOAD ./Drivers/STM32F3xx_HAL_Driver/Src/stm32f3xx_hal_rcc_ex.o
LOAD ./Drivers/STM32F3xx_HAL_Driver/Src/stm32f3xx_hal_tim.o
LOAD ./Drivers/STM32F3xx_HAL_Driver/Src/stm32f3xx_hal_tim_ex.o
START GROUP
LOAD c:/st/stm32cubeide_1.12.1/stm32cubeide/plugins/com.st.stm32cube.ide.mcu.externaltools.gnu-tools-for-stm32.10.3-2021.10.win32_1.0.200.202301161003/tools/bin/../lib/gcc/arm-none-eabi/10.3.1/../../../../arm-none-eabi/lib/thumb/v7e-m+fp/hard\libc_nano.a
LOAD c:/st/stm32cubeide_1.12.1/stm32cubeide/plugins/com.st.stm32cube.ide.mcu.externaltools.gnu-tools-for-stm32.10.3-2021.10.win32_1.0.200.202301161003/tools/bin/../lib/gcc/arm-none-eabi/10.3.1/../../../../arm-none-eabi/lib/thumb/v7e-m+fp/hard\libm.a
END GROUP
START GROUP
LOAD c:/st/stm32cubeide_1.12.1/stm32cubeide/plugins/com.st.stm32cube.ide.mcu.externaltools.gnu-tools-for-stm32.10.3-2021.10.win32_1.0.200.202301161003/tools/bin/../lib/gcc/arm-none-eabi/10.3.1/thumb/v7e-m+fp/hard\libgcc.a
LOAD c:/st/stm32cubeide_1.12.1/stm32cubeide/plugins/com.st.stm32cube.ide.mcu.externaltools.gnu-tools-for-stm32.10.3-2021.10.win32_1.0.200.202301161003/tools/bin/../lib/gcc/arm-none-eabi/10.3.1/../../../../arm-none-eabi/lib/thumb/v7e-m+fp/hard\libc_nano.a
END GROUP
START GROUP
LOAD c:/st/stm32cubeide_1.12.1/stm32cubeide/plugins/com.st.stm32cube.ide.mcu.externaltools.gnu-tools-for-stm32.10.3-2021.10.win32_1.0.200.202301161003/tools/bin/../lib/gcc/arm-none-eabi/10.3.1/thumb/v7e-m+fp/hard\libgcc.a
LOAD c:/st/stm32cubeide_1.12.1/stm32cubeide/plugins/com.st.stm32cube.ide.mcu.externaltools.gnu-tools-for-stm32.10.3-2021.10.win32_1.0.200.202301161003/tools/bin/../lib/gcc/arm-none-eabi/10.3.1/../../../../arm-none-eabi/lib/thumb/v7e-m+fp/hard\libc_nano.a
LOAD c:/st/stm32cubeide_1.12.1/stm32cubeide/plugins/com.st.stm32cube.ide.mcu.externaltools.gnu-tools-for-stm32.10.3-2021.10.win32_1.0.200.202301161003/tools/bin/../lib/gcc/arm-none-eabi/10.3.1/../../../../arm-none-eabi/lib/thumb/v7e-m+fp/hard\libnosys.a
END GROUP
START GROUP
LOAD c:/st/stm32cubeide_1.12.1/stm32cubeide/plugins/com.st.stm32cube.ide.mcu.externaltools.gnu-tools-for-stm32.10.3-2021.10.win32_1.0.200.202301161003/tools/bin/../lib/gcc/arm-none-eabi/10.3.1/thumb/v7e-m+fp/hard\libgcc.a
LOAD c:/st/stm32cubeide_1.12.1/stm32cubeide/plugins/com.st.stm32cube.ide.mcu.externaltools.gnu-tools-for-stm32.10.3-2021.10.win32_1.0.200.202301161003/tools/bin/../lib/gcc/arm-none-eabi/10.3.1/../../../../arm-none-eabi/lib/thumb/v7e-m+fp/hard\libc_nano.a
LOAD c:/st/stm32cubeide_1.12.1/stm32cubeide/plugins/com.st.stm32cube.ide.mcu.externaltools.gnu-tools-for-stm32.10.3-2021.10.win32_1.0.200.202301161003/tools/bin/../lib/gcc/arm-none-eabi/10.3.1/../../../../arm-none-eabi/lib/thumb/v7e-m+fp/hard\libnosys.a
END GROUP
LOAD c:/st/stm32cubeide_1.12.1/stm32cubeide/plugins/com.st.stm32cube.ide.mcu.externaltools.gnu-tools-for-stm32.10.3-2021.10.win32_1.0.200.202301161003/tools/bin/../lib/gcc/arm-none-eabi/10.3.1/thumb/v7e-m+fp/hard/crtend.o
LOAD c:/st/stm32cubeide_1.12.1/stm32cubeide/plugins/com.st.stm32cube.ide.mcu.externaltools.gnu-tools-for-stm32.10.3-2021.10.win32_1.0.200.202301161003/tools/bin/../lib/gcc/arm-none-eabi/10.3.1/thumb/v7e-m+fp/hard/crtn.o
                0x0000000020004000                _estack = (ORIGIN (RAM) + LENGTH (RAM))
                0x0000000000000200                _Min_Heap_Size = 0x200
                0x0000000000000400                _Min_Stack_Size = 0x400

.isr_vector     0x0000000008000000      0x188
                0x0000000008000000                . = ALIGN (0x4)
 *(.isr_vector)
 .isr_vector    0x0000000008000000      0x188 ./Core/Startup/startup_stm32f302r8tx.o
                0x0000000008000000                g_pfnVectors
                0x0000000008000188                . = ALIGN (0x4)

.text           0x0000000008000188     0x21e8
                0x0000000008000188                . = ALIGN (0x4)
 *(.text)
 .text          0x0000000008000188       0x40 c:/st/stm32cubeide_1.12.1/stm32cubeide/plugins/com.st.stm32cube.ide.mcu.externaltools.gnu-tools-for-stm32.10.3-2021.10.win32_1.0.200.202301161003/tools/bin/../lib/gcc/arm-none-eabi/10.3.1/thumb/v7e-m+fp/hard/crtbegin.o
 *(.text*)
 .text.main     0x00000000080001c8       0x28 ./Core/Src/main.o
                0x00000000080001c8                main
 .text.SystemClock_Config
                0x00000000080001f0       0x8a ./Core/Src/main.o
                0x00000000080001f0                SystemClock_Config
 *fill*         0x000000000800027a        0x2 
 .text.MX_GPIO_Init
                0x000000000800027c       0x98 ./Core/Src/main.o
 .text.Error_Handler
                0x0000000008000314        0xa ./Core/Src/main.o
                0x0000000008000314                Error_Handler
 *fill*         0x000000000800031e        0x2 
 .text.write_byte
                0x0000000008000320       0x5c ./Core/Src/max_matrix_stm32.o
                0x0000000008000320                write_byte
 .text.write_max_cmd
                0x000000000800037c       0x64 ./Core/Src/max_matrix_stm32.o
                0x000000000800037c                write_max_cmd
 .text.setled   0x00000000080003e0       0xdc ./Core/Src/max_matrix_stm32.o
                0x00000000080003e0                setled
 .text.setrow   0x00000000080004bc       0xa0 ./Core/Src/max_matrix_stm32.o
                0x00000000080004bc                setrow
 .text.shift_char
                0x000000000800055c       0xa4 ./Core/Src/max_matrix_stm32.o
                0x000000000800055c                shift_char
 .text.scroll_string
                0x0000000008000600       0x36 ./Core/Src/max_matrix_stm32.o
                0x0000000008000600                scroll_string
 *fill*         0x0000000008000636        0x2 
 .text.max_clear
                0x0000000008000638       0x5c ./Core/Src/max_matrix_stm32.o
                0x0000000008000638                max_clear
 .text.shiftleft
                0x0000000008000694       0x70 ./Core/Src/max_matrix_stm32.o
                0x0000000008000694                shiftleft
 .text.shiftright
                0x0000000008000704       0x6c ./Core/Src/max_matrix_stm32.o
                0x0000000008000704                shiftright
 .text.max_init
                0x0000000008000770       0x40 ./Core/Src/max_matrix_stm32.o
                0x0000000008000770                max_init
 .text.HAL_MspInit
                0x00000000080007b0       0x48 ./Core/Src/stm32f3xx_hal_msp.o
                0x00000000080007b0                HAL_MspInit
 .text.NMI_Handler
                0x00000000080007f8        0x6 ./Core/Src/stm32f3xx_it.o
                0x00000000080007f8                NMI_Handler
 .text.HardFault_Handler
                0x00000000080007fe        0x6 ./Core/Src/stm32f3xx_it.o
                0x00000000080007fe                HardFault_Handler
 .text.MemManage_Handler
                0x0000000008000804        0x6 ./Core/Src/stm32f3xx_it.o
                0x0000000008000804                MemManage_Handler
 .text.BusFault_Handler
                0x000000000800080a        0x6 ./Core/Src/stm32f3xx_it.o
                0x000000000800080a                BusFault_Handler
 .text.UsageFault_Handler
                0x0000000008000810        0x6 ./Core/Src/stm32f3xx_it.o
                0x0000000008000810                UsageFault_Handler
 .text.SVC_Handler
                0x0000000008000816        0xe ./Core/Src/stm32f3xx_it.o
                0x0000000008000816                SVC_Handler
 .text.DebugMon_Handler
                0x0000000008000824        0xe ./Core/Src/stm32f3xx_it.o
                0x0000000008000824                DebugMon_Handler
 .text.PendSV_Handler
                0x0000000008000832        0xe ./Core/Src/stm32f3xx_it.o
                0x0000000008000832                PendSV_Handler
 .text.SysTick_Handler
                0x0000000008000840        0xc ./Core/Src/stm32f3xx_it.o
                0x0000000008000840                SysTick_Handler
 .text.SystemInit
                0x000000000800084c       0x24 ./Core/Src/system_stm32f3xx.o
                0x000000000800084c                SystemInit
 .text.Reset_Handler
                0x0000000008000870       0x50 ./Core/Startup/startup_stm32f302r8tx.o
                0x0000000008000870                Reset_Handler
 .text.Default_Handler
                0x00000000080008c0        0x2 ./Core/Startup/startup_stm32f302r8tx.o
                0x00000000080008c0                RTC_Alarm_IRQHandler
                0x00000000080008c0                TIM1_CC_IRQHandler
                0x00000000080008c0                USB_HP_IRQHandler
                0x00000000080008c0                PVD_IRQHandler
                0x00000000080008c0                TAMP_STAMP_IRQHandler
                0x00000000080008c0                EXTI3_IRQHandler
                0x00000000080008c0                I2C3_ER_IRQHandler
                0x00000000080008c0                USB_HP_CAN_TX_IRQHandler
                0x00000000080008c0                EXTI0_IRQHandler
                0x00000000080008c0                I2C2_EV_IRQHandler
                0x00000000080008c0                FPU_IRQHandler
                0x00000000080008c0                TIM1_UP_TIM16_IRQHandler
                0x00000000080008c0                CAN_SCE_IRQHandler
                0x00000000080008c0                TIM6_DAC_IRQHandler
                0x00000000080008c0                DMA1_Channel4_IRQHandler
                0x00000000080008c0                ADC1_IRQHandler
                0x00000000080008c0                USART3_IRQHandler
                0x00000000080008c0                DMA1_Channel7_IRQHandler
                0x00000000080008c0                CAN_RX1_IRQHandler
                0x00000000080008c0                I2C1_EV_IRQHandler
                0x00000000080008c0                DMA1_Channel6_IRQHandler
                0x00000000080008c0                RCC_IRQHandler
                0x00000000080008c0                DMA1_Channel1_IRQHandler
                0x00000000080008c0                Default_Handler
                0x00000000080008c0                USBWakeUp_RMP_IRQHandler
                0x00000000080008c0                EXTI15_10_IRQHandler
                0x00000000080008c0                COMP2_IRQHandler
                0x00000000080008c0                I2C3_EV_IRQHandler
                0x00000000080008c0                EXTI9_5_IRQHandler
                0x00000000080008c0                RTC_WKUP_IRQHandler
                0x00000000080008c0                SPI2_IRQHandler
                0x00000000080008c0                USB_LP_CAN_RX0_IRQHandler
                0x00000000080008c0                DMA1_Channel5_IRQHandler
                0x00000000080008c0                USB_LP_IRQHandler
                0x00000000080008c0                EXTI4_IRQHandler
                0x00000000080008c0                TIM1_TRG_COM_TIM17_IRQHandler
                0x00000000080008c0                DMA1_Channel3_IRQHandler
                0x00000000080008c0                WWDG_IRQHandler
                0x00000000080008c0                TIM2_IRQHandler
                0x00000000080008c0                EXTI1_IRQHandler
                0x00000000080008c0                COMP4_6_IRQHandler
                0x00000000080008c0                USART2_IRQHandler
                0x00000000080008c0                I2C2_ER_IRQHandler
                0x00000000080008c0                DMA1_Channel2_IRQHandler
                0x00000000080008c0                FLASH_IRQHandler
                0x00000000080008c0                USART1_IRQHandler
                0x00000000080008c0                SPI3_IRQHandler
                0x00000000080008c0                I2C1_ER_IRQHandler
                0x00000000080008c0                USBWakeUp_IRQHandler
                0x00000000080008c0                EXTI2_TSC_IRQHandler
                0x00000000080008c0                TIM1_BRK_TIM15_IRQHandler
 *fill*         0x00000000080008c2        0x2 
 .text.HAL_Init
                0x00000000080008c4       0x2c ./Drivers/STM32F3xx_HAL_Driver/Src/stm32f3xx_hal.o
                0x00000000080008c4                HAL_Init
 .text.HAL_InitTick
                0x00000000080008f0       0x60 ./Drivers/STM32F3xx_HAL_Driver/Src/stm32f3xx_hal.o
                0x00000000080008f0                HAL_InitTick
 .text.HAL_IncTick
                0x0000000008000950       0x28 ./Drivers/STM32F3xx_HAL_Driver/Src/stm32f3xx_hal.o
                0x0000000008000950                HAL_IncTick
 .text.HAL_GetTick
                0x0000000008000978       0x18 ./Drivers/STM32F3xx_HAL_Driver/Src/stm32f3xx_hal.o
                0x0000000008000978                HAL_GetTick
 .text.HAL_Delay
                0x0000000008000990       0x48 ./Drivers/STM32F3xx_HAL_Driver/Src/stm32f3xx_hal.o
                0x0000000008000990                HAL_Delay
 .text.__NVIC_SetPriorityGrouping
                0x00000000080009d8       0x48 ./Drivers/STM32F3xx_HAL_Driver/Src/stm32f3xx_hal_cortex.o
 .text.__NVIC_GetPriorityGrouping
                0x0000000008000a20       0x1c ./Drivers/STM32F3xx_HAL_Driver/Src/stm32f3xx_hal_cortex.o
 .text.__NVIC_SetPriority
                0x0000000008000a3c       0x54 ./Drivers/STM32F3xx_HAL_Driver/Src/stm32f3xx_hal_cortex.o
 .text.NVIC_EncodePriority
                0x0000000008000a90       0x66 ./Drivers/STM32F3xx_HAL_Driver/Src/stm32f3xx_hal_cortex.o
 *fill*         0x0000000008000af6        0x2 
 .text.SysTick_Config
                0x0000000008000af8       0x44 ./Drivers/STM32F3xx_HAL_Driver/Src/stm32f3xx_hal_cortex.o
 .text.HAL_NVIC_SetPriorityGrouping
                0x0000000008000b3c       0x16 ./Drivers/STM32F3xx_HAL_Driver/Src/stm32f3xx_hal_cortex.o
                0x0000000008000b3c                HAL_NVIC_SetPriorityGrouping
 .text.HAL_NVIC_SetPriority
                0x0000000008000b52       0x38 ./Drivers/STM32F3xx_HAL_Driver/Src/stm32f3xx_hal_cortex.o
                0x0000000008000b52                HAL_NVIC_SetPriority
 .text.HAL_SYSTICK_Config
                0x0000000008000b8a       0x18 ./Drivers/STM32F3xx_HAL_Driver/Src/stm32f3xx_hal_cortex.o
                0x0000000008000b8a                HAL_SYSTICK_Config
 *fill*         0x0000000008000ba2        0x2 
 .text.HAL_GPIO_Init
                0x0000000008000ba4      0x2e4 ./Drivers/STM32F3xx_HAL_Driver/Src/stm32f3xx_hal_gpio.o
                0x0000000008000ba4                HAL_GPIO_Init
 .text.HAL_GPIO_WritePin
                0x0000000008000e88       0x30 ./Drivers/STM32F3xx_HAL_Driver/Src/stm32f3xx_hal_gpio.o
                0x0000000008000e88                HAL_GPIO_WritePin
 .text.HAL_RCC_OscConfig
                0x0000000008000eb8     0x107c ./Drivers/STM32F3xx_HAL_Driver/Src/stm32f3xx_hal_rcc.o
                0x0000000008000eb8                HAL_RCC_OscConfig
 .text.HAL_RCC_ClockConfig
                0x0000000008001f34      0x2f8 ./Drivers/STM32F3xx_HAL_Driver/Src/stm32f3xx_hal_rcc.o
                0x0000000008001f34                HAL_RCC_ClockConfig
 .text.HAL_RCC_GetSysClockFreq
                0x000000000800222c       0xd4 ./Drivers/STM32F3xx_HAL_Driver/Src/stm32f3xx_hal_rcc.o
                0x000000000800222c                HAL_RCC_GetSysClockFreq
 .text.__libc_init_array
                0x0000000008002300       0x48 c:/st/stm32cubeide_1.12.1/stm32cubeide/plugins/com.st.stm32cube.ide.mcu.externaltools.gnu-tools-for-stm32.10.3-2021.10.win32_1.0.200.202301161003/tools/bin/../lib/gcc/arm-none-eabi/10.3.1/../../../../arm-none-eabi/lib/thumb/v7e-m+fp/hard\libc_nano.a(lib_a-init.o)
                0x0000000008002300                __libc_init_array
 .text.memset   0x0000000008002348       0x10 c:/st/stm32cubeide_1.12.1/stm32cubeide/plugins/com.st.stm32cube.ide.mcu.externaltools.gnu-tools-for-stm32.10.3-2021.10.win32_1.0.200.202301161003/tools/bin/../lib/gcc/arm-none-eabi/10.3.1/../../../../arm-none-eabi/lib/thumb/v7e-m+fp/hard\libc_nano.a(lib_a-memset.o)
                0x0000000008002348                memset
 *(.glue_7)
 .glue_7        0x0000000008002358        0x0 linker stubs
 *(.glue_7t)
 .glue_7t       0x0000000008002358        0x0 linker stubs
 *(.eh_frame)
 .eh_frame      0x0000000008002358        0x0 c:/st/stm32cubeide_1.12.1/stm32cubeide/plugins/com.st.stm32cube.ide.mcu.externaltools.gnu-tools-for-stm32.10.3-2021.10.win32_1.0.200.202301161003/tools/bin/../lib/gcc/arm-none-eabi/10.3.1/thumb/v7e-m+fp/hard/crtbegin.o
 *(.init)
 .init          0x0000000008002358        0x4 c:/st/stm32cubeide_1.12.1/stm32cubeide/plugins/com.st.stm32cube.ide.mcu.externaltools.gnu-tools-for-stm32.10.3-2021.10.win32_1.0.200.202301161003/tools/bin/../lib/gcc/arm-none-eabi/10.3.1/thumb/v7e-m+fp/hard/crti.o
                0x0000000008002358                _init
 .init          0x000000000800235c        0x8 c:/st/stm32cubeide_1.12.1/stm32cubeide/plugins/com.st.stm32cube.ide.mcu.externaltools.gnu-tools-for-stm32.10.3-2021.10.win32_1.0.200.202301161003/tools/bin/../lib/gcc/arm-none-eabi/10.3.1/thumb/v7e-m+fp/hard/crtn.o
 *(.fini)
 .fini          0x0000000008002364        0x4 c:/st/stm32cubeide_1.12.1/stm32cubeide/plugins/com.st.stm32cube.ide.mcu.externaltools.gnu-tools-for-stm32.10.3-2021.10.win32_1.0.200.202301161003/tools/bin/../lib/gcc/arm-none-eabi/10.3.1/thumb/v7e-m+fp/hard/crti.o
                0x0000000008002364                _fini
 .fini          0x0000000008002368        0x8 c:/st/stm32cubeide_1.12.1/stm32cubeide/plugins/com.st.stm32cube.ide.mcu.externaltools.gnu-tools-for-stm32.10.3-2021.10.win32_1.0.200.202301161003/tools/bin/../lib/gcc/arm-none-eabi/10.3.1/thumb/v7e-m+fp/hard/crtn.o
                0x0000000008002370                . = ALIGN (0x4)
                0x0000000008002370                _etext = .

.vfp11_veneer   0x0000000008002370        0x0
 .vfp11_veneer  0x0000000008002370        0x0 linker stubs

.v4_bx          0x0000000008002370        0x0
 .v4_bx         0x0000000008002370        0x0 linker stubs

.iplt           0x0000000008002370        0x0
 .iplt          0x0000000008002370        0x0 c:/st/stm32cubeide_1.12.1/stm32cubeide/plugins/com.st.stm32cube.ide.mcu.externaltools.gnu-tools-for-stm32.10.3-2021.10.win32_1.0.200.202301161003/tools/bin/../lib/gcc/arm-none-eabi/10.3.1/thumb/v7e-m+fp/hard/crtbegin.o

.rodata         0x0000000008002370       0x48
                0x0000000008002370                . = ALIGN (0x4)
 *(.rodata)
 .rodata        0x0000000008002370       0x18 ./Core/Src/main.o
 *(.rodata*)
 .rodata.AHBPrescTable
                0x0000000008002388       0x10 ./Core/Src/system_stm32f3xx.o
                0x0000000008002388                AHBPrescTable
 .rodata.aPLLMULFactorTable
                0x0000000008002398       0x10 ./Drivers/STM32F3xx_HAL_Driver/Src/stm32f3xx_hal_rcc.o
 .rodata.aPredivFactorTable
                0x00000000080023a8       0x10 ./Drivers/STM32F3xx_HAL_Driver/Src/stm32f3xx_hal_rcc.o
                0x00000000080023b8                . = ALIGN (0x4)

.rel.dyn        0x00000000080023b8        0x0
 .rel.iplt      0x00000000080023b8        0x0 c:/st/stm32cubeide_1.12.1/stm32cubeide/plugins/com.st.stm32cube.ide.mcu.externaltools.gnu-tools-for-stm32.10.3-2021.10.win32_1.0.200.202301161003/tools/bin/../lib/gcc/arm-none-eabi/10.3.1/thumb/v7e-m+fp/hard/crtbegin.o

.ARM.extab      0x00000000080023b8        0x0
                0x00000000080023b8                . = ALIGN (0x4)
 *(.ARM.extab* .gnu.linkonce.armextab.*)
                0x00000000080023b8                . = ALIGN (0x4)

.ARM            0x00000000080023b8        0x0
                0x00000000080023b8                . = ALIGN (0x4)
                0x00000000080023b8                __exidx_start = .
 *(.ARM.exidx*)
                0x00000000080023b8                __exidx_end = .
                0x00000000080023b8                . = ALIGN (0x4)

.preinit_array  0x00000000080023b8        0x0
                0x00000000080023b8                . = ALIGN (0x4)
                0x00000000080023b8                PROVIDE (__preinit_array_start = .)
 *(.preinit_array*)
                0x00000000080023b8                PROVIDE (__preinit_array_end = .)
                0x00000000080023b8                . = ALIGN (0x4)

.init_array     0x00000000080023b8        0x4
                0x00000000080023b8                . = ALIGN (0x4)
                0x00000000080023b8                PROVIDE (__init_array_start = .)
 *(SORT_BY_NAME(.init_array.*))
 *(.init_array*)
 .init_array    0x00000000080023b8        0x4 c:/st/stm32cubeide_1.12.1/stm32cubeide/plugins/com.st.stm32cube.ide.mcu.externaltools.gnu-tools-for-stm32.10.3-2021.10.win32_1.0.200.202301161003/tools/bin/../lib/gcc/arm-none-eabi/10.3.1/thumb/v7e-m+fp/hard/crtbegin.o
                0x00000000080023bc                PROVIDE (__init_array_end = .)
                0x00000000080023bc                . = ALIGN (0x4)

.fini_array     0x00000000080023bc        0x4
                0x00000000080023bc                . = ALIGN (0x4)
                [!provide]                        PROVIDE (__fini_array_start = .)
 *(SORT_BY_NAME(.fini_array.*))
 *(.fini_array*)
 .fini_array    0x00000000080023bc        0x4 c:/st/stm32cubeide_1.12.1/stm32cubeide/plugins/com.st.stm32cube.ide.mcu.externaltools.gnu-tools-for-stm32.10.3-2021.10.win32_1.0.200.202301161003/tools/bin/../lib/gcc/arm-none-eabi/10.3.1/thumb/v7e-m+fp/hard/crtbegin.o
                [!provide]                        PROVIDE (__fini_array_end = .)
                0x00000000080023c0                . = ALIGN (0x4)
                0x00000000080023c0                _sidata = LOADADDR (.data)

.data           0x0000000020000000      0x40c load address 0x00000000080023c0
                0x0000000020000000                . = ALIGN (0x4)
                0x0000000020000000                _sdata = .
 *(.data)
 *(.data*)
 .data.CH       0x0000000020000000      0x400 ./Core/Src/max_matrix_stm32.o
                0x0000000020000000                CH
 .data.SystemCoreClock
                0x0000000020000400        0x4 ./Core/Src/system_stm32f3xx.o
                0x0000000020000400                SystemCoreClock
 .data.uwTickPrio
                0x0000000020000404        0x4 ./Drivers/STM32F3xx_HAL_Driver/Src/stm32f3xx_hal.o
                0x0000000020000404                uwTickPrio
 .data.uwTickFreq
                0x0000000020000408        0x1 ./Drivers/STM32F3xx_HAL_Driver/Src/stm32f3xx_hal.o
                0x0000000020000408                uwTickFreq
 *(.RamFunc)
 *(.RamFunc*)
                0x000000002000040c                . = ALIGN (0x4)
 *fill*         0x0000000020000409        0x3 
                0x000000002000040c                _edata = .

.igot.plt       0x000000002000040c        0x0 load address 0x00000000080027cc
 .igot.plt      0x000000002000040c        0x0 c:/st/stm32cubeide_1.12.1/stm32cubeide/plugins/com.st.stm32cube.ide.mcu.externaltools.gnu-tools-for-stm32.10.3-2021.10.win32_1.0.200.202301161003/tools/bin/../lib/gcc/arm-none-eabi/10.3.1/thumb/v7e-m+fp/hard/crtbegin.o
                0x000000002000040c                . = ALIGN (0x4)

.bss            0x000000002000040c       0xc0 load address 0x00000000080027cc
                0x000000002000040c                _sbss = .
                0x000000002000040c                __bss_start__ = _sbss
 *(.bss)
 .bss           0x000000002000040c       0x1c c:/st/stm32cubeide_1.12.1/stm32cubeide/plugins/com.st.stm32cube.ide.mcu.externaltools.gnu-tools-for-stm32.10.3-2021.10.win32_1.0.200.202301161003/tools/bin/../lib/gcc/arm-none-eabi/10.3.1/thumb/v7e-m+fp/hard/crtbegin.o
 *(.bss*)
 .bss.buffer    0x0000000020000428       0x50 ./Core/Src/max_matrix_stm32.o
                0x0000000020000428                buffer
 .bss.buffer_row
                0x0000000020000478       0x50 ./Core/Src/max_matrix_stm32.o
                0x0000000020000478                buffer_row
 .bss.uwTick    0x00000000200004c8        0x4 ./Drivers/STM32F3xx_HAL_Driver/Src/stm32f3xx_hal.o
                0x00000000200004c8                uwTick
 *(COMMON)
                0x00000000200004cc                . = ALIGN (0x4)
                0x00000000200004cc                _ebss = .
                0x00000000200004cc                __bss_end__ = _ebss

._user_heap_stack
                0x00000000200004cc      0x604 load address 0x00000000080027cc
                0x00000000200004d0                . = ALIGN (0x8)
 *fill*         0x00000000200004cc        0x4 
                [!provide]                        PROVIDE (end = .)
                0x00000000200004d0                PROVIDE (_end = .)
                0x00000000200006d0                . = (. + _Min_Heap_Size)
 *fill*         0x00000000200004d0      0x200 
                0x0000000020000ad0                . = (. + _Min_Stack_Size)
 *fill*         0x00000000200006d0      0x400 
                0x0000000020000ad0                . = ALIGN (0x8)

/DISCARD/
 libc.a(*)
 libm.a(*)
 libgcc.a(*)

.ARM.attributes
                0x0000000000000000       0x30
 *(.ARM.attributes)
 .ARM.attributes
                0x0000000000000000       0x1e c:/st/stm32cubeide_1.12.1/stm32cubeide/plugins/com.st.stm32cube.ide.mcu.externaltools.gnu-tools-for-stm32.10.3-2021.10.win32_1.0.200.202301161003/tools/bin/../lib/gcc/arm-none-eabi/10.3.1/thumb/v7e-m+fp/hard/crti.o
 .ARM.attributes
                0x000000000000001e       0x34 c:/st/stm32cubeide_1.12.1/stm32cubeide/plugins/com.st.stm32cube.ide.mcu.externaltools.gnu-tools-for-stm32.10.3-2021.10.win32_1.0.200.202301161003/tools/bin/../lib/gcc/arm-none-eabi/10.3.1/thumb/v7e-m+fp/hard/crtbegin.o
 .ARM.attributes
                0x0000000000000052       0x34 ./Core/Src/main.o
 .ARM.attributes
                0x0000000000000086       0x34 ./Core/Src/max_matrix_stm32.o
 .ARM.attributes
                0x00000000000000ba       0x34 ./Core/Src/stm32f3xx_hal_msp.o
 .ARM.attributes
                0x00000000000000ee       0x34 ./Core/Src/stm32f3xx_it.o
 .ARM.attributes
                0x0000000000000122       0x34 ./Core/Src/system_stm32f3xx.o
 .ARM.attributes
                0x0000000000000156       0x21 ./Core/Startup/startup_stm32f302r8tx.o
 .ARM.attributes
                0x0000000000000177       0x34 ./Drivers/STM32F3xx_HAL_Driver/Src/stm32f3xx_hal.o
 .ARM.attributes
                0x00000000000001ab       0x34 ./Drivers/STM32F3xx_HAL_Driver/Src/stm32f3xx_hal_cortex.o
 .ARM.attributes
                0x00000000000001df       0x34 ./Drivers/STM32F3xx_HAL_Driver/Src/stm32f3xx_hal_gpio.o
 .ARM.attributes
                0x0000000000000213       0x34 ./Drivers/STM32F3xx_HAL_Driver/Src/stm32f3xx_hal_rcc.o
 .ARM.attributes
                0x0000000000000247       0x34 c:/st/stm32cubeide_1.12.1/stm32cubeide/plugins/com.st.stm32cube.ide.mcu.externaltools.gnu-tools-for-stm32.10.3-2021.10.win32_1.0.200.202301161003/tools/bin/../lib/gcc/arm-none-eabi/10.3.1/../../../../arm-none-eabi/lib/thumb/v7e-m+fp/hard\libc_nano.a(lib_a-init.o)
 .ARM.attributes
                0x000000000000027b       0x34 c:/st/stm32cubeide_1.12.1/stm32cubeide/plugins/com.st.stm32cube.ide.mcu.externaltools.gnu-tools-for-stm32.10.3-2021.10.win32_1.0.200.202301161003/tools/bin/../lib/gcc/arm-none-eabi/10.3.1/../../../../arm-none-eabi/lib/thumb/v7e-m+fp/hard\libc_nano.a(lib_a-memset.o)
 .ARM.attributes
                0x00000000000002af       0x1e c:/st/stm32cubeide_1.12.1/stm32cubeide/plugins/com.st.stm32cube.ide.mcu.externaltools.gnu-tools-for-stm32.10.3-2021.10.win32_1.0.200.202301161003/tools/bin/../lib/gcc/arm-none-eabi/10.3.1/thumb/v7e-m+fp/hard/crtn.o
OUTPUT(matriz con barrido.elf elf32-littlearm)
LOAD linker stubs
LOAD c:/st/stm32cubeide_1.12.1/stm32cubeide/plugins/com.st.stm32cube.ide.mcu.externaltools.gnu-tools-for-stm32.10.3-2021.10.win32_1.0.200.202301161003/tools/bin/../lib/gcc/arm-none-eabi/10.3.1/../../../../arm-none-eabi/lib/thumb/v7e-m+fp/hard\libc.a
LOAD c:/st/stm32cubeide_1.12.1/stm32cubeide/plugins/com.st.stm32cube.ide.mcu.externaltools.gnu-tools-for-stm32.10.3-2021.10.win32_1.0.200.202301161003/tools/bin/../lib/gcc/arm-none-eabi/10.3.1/../../../../arm-none-eabi/lib/thumb/v7e-m+fp/hard\libm.a
LOAD c:/st/stm32cubeide_1.12.1/stm32cubeide/plugins/com.st.stm32cube.ide.mcu.externaltools.gnu-tools-for-stm32.10.3-2021.10.win32_1.0.200.202301161003/tools/bin/../lib/gcc/arm-none-eabi/10.3.1/thumb/v7e-m+fp/hard\libgcc.a

.debug_info     0x0000000000000000     0x432e
 .debug_info    0x0000000000000000      0x5dd ./Core/Src/main.o
 .debug_info    0x00000000000005dd      0x73a ./Core/Src/max_matrix_stm32.o
 .debug_info    0x0000000000000d17      0x1bd ./Core/Src/stm32f3xx_hal_msp.o
 .debug_info    0x0000000000000ed4      0x122 ./Core/Src/stm32f3xx_it.o
 .debug_info    0x0000000000000ff6      0x416 ./Core/Src/system_stm32f3xx.o
 .debug_info    0x000000000000140c       0x22 ./Core/Startup/startup_stm32f302r8tx.o
 .debug_info    0x000000000000142e      0x7a7 ./Drivers/STM32F3xx_HAL_Driver/Src/stm32f3xx_hal.o
 .debug_info    0x0000000000001bd5      0xb4a ./Drivers/STM32F3xx_HAL_Driver/Src/stm32f3xx_hal_cortex.o
 .debug_info    0x000000000000271f      0x68a ./Drivers/STM32F3xx_HAL_Driver/Src/stm32f3xx_hal_gpio.o
 .debug_info    0x0000000000002da9     0x1585 ./Drivers/STM32F3xx_HAL_Driver/Src/stm32f3xx_hal_rcc.o

.debug_abbrev   0x0000000000000000     0x1019
 .debug_abbrev  0x0000000000000000      0x1fd ./Core/Src/main.o
 .debug_abbrev  0x00000000000001fd      0x1f3 ./Core/Src/max_matrix_stm32.o
 .debug_abbrev  0x00000000000003f0       0xde ./Core/Src/stm32f3xx_hal_msp.o
 .debug_abbrev  0x00000000000004ce       0x74 ./Core/Src/stm32f3xx_it.o
 .debug_abbrev  0x0000000000000542      0x116 ./Core/Src/system_stm32f3xx.o
 .debug_abbrev  0x0000000000000658       0x12 ./Core/Startup/startup_stm32f302r8tx.o
 .debug_abbrev  0x000000000000066a      0x20e ./Drivers/STM32F3xx_HAL_Driver/Src/stm32f3xx_hal.o
 .debug_abbrev  0x0000000000000878      0x2ed ./Drivers/STM32F3xx_HAL_Driver/Src/stm32f3xx_hal_cortex.o
 .debug_abbrev  0x0000000000000b65      0x1bb ./Drivers/STM32F3xx_HAL_Driver/Src/stm32f3xx_hal_gpio.o
 .debug_abbrev  0x0000000000000d20      0x2f9 ./Drivers/STM32F3xx_HAL_Driver/Src/stm32f3xx_hal_rcc.o

.debug_aranges  0x0000000000000000      0x440
 .debug_aranges
                0x0000000000000000       0x38 ./Core/Src/main.o
 .debug_aranges
                0x0000000000000038       0x78 ./Core/Src/max_matrix_stm32.o
 .debug_aranges
                0x00000000000000b0       0x20 ./Core/Src/stm32f3xx_hal_msp.o
 .debug_aranges
                0x00000000000000d0       0x60 ./Core/Src/stm32f3xx_it.o
 .debug_aranges
                0x0000000000000130       0x28 ./Core/Src/system_stm32f3xx.o
 .debug_aranges
                0x0000000000000158       0x28 ./Core/Startup/startup_stm32f302r8tx.o
 .debug_aranges
                0x0000000000000180       0xe0 ./Drivers/STM32F3xx_HAL_Driver/Src/stm32f3xx_hal.o
 .debug_aranges
                0x0000000000000260      0x100 ./Drivers/STM32F3xx_HAL_Driver/Src/stm32f3xx_hal_cortex.o
 .debug_aranges
                0x0000000000000360       0x58 ./Drivers/STM32F3xx_HAL_Driver/Src/stm32f3xx_hal_gpio.o
 .debug_aranges
                0x00000000000003b8       0x88 ./Drivers/STM32F3xx_HAL_Driver/Src/stm32f3xx_hal_rcc.o

.debug_ranges   0x0000000000000000      0x3a8
 .debug_ranges  0x0000000000000000       0x28 ./Core/Src/main.o
 .debug_ranges  0x0000000000000028       0x68 ./Core/Src/max_matrix_stm32.o
 .debug_ranges  0x0000000000000090       0x10 ./Core/Src/stm32f3xx_hal_msp.o
 .debug_ranges  0x00000000000000a0       0x50 ./Core/Src/stm32f3xx_it.o
 .debug_ranges  0x00000000000000f0       0x18 ./Core/Src/system_stm32f3xx.o
 .debug_ranges  0x0000000000000108       0x20 ./Core/Startup/startup_stm32f302r8tx.o
 .debug_ranges  0x0000000000000128       0xd0 ./Drivers/STM32F3xx_HAL_Driver/Src/stm32f3xx_hal.o
 .debug_ranges  0x00000000000001f8       0xf0 ./Drivers/STM32F3xx_HAL_Driver/Src/stm32f3xx_hal_cortex.o
 .debug_ranges  0x00000000000002e8       0x48 ./Drivers/STM32F3xx_HAL_Driver/Src/stm32f3xx_hal_gpio.o
 .debug_ranges  0x0000000000000330       0x78 ./Drivers/STM32F3xx_HAL_Driver/Src/stm32f3xx_hal_rcc.o

.debug_macro    0x0000000000000000    0x195ec
 .debug_macro   0x0000000000000000      0x1bd ./Core/Src/main.o
 .debug_macro   0x00000000000001bd      0xa78 ./Core/Src/main.o
 .debug_macro   0x0000000000000c35      0x14b ./Core/Src/main.o
 .debug_macro   0x0000000000000d80       0x2e ./Core/Src/main.o
 .debug_macro   0x0000000000000dae       0x28 ./Core/Src/main.o
 .debug_macro   0x0000000000000dd6       0x22 ./Core/Src/main.o
 .debug_macro   0x0000000000000df8       0x8e ./Core/Src/main.o
 .debug_macro   0x0000000000000e86       0x51 ./Core/Src/main.o
 .debug_macro   0x0000000000000ed7      0x103 ./Core/Src/main.o
 .debug_macro   0x0000000000000fda       0x6a ./Core/Src/main.o
 .debug_macro   0x0000000000001044      0x1df ./Core/Src/main.o
 .debug_macro   0x0000000000001223       0x1c ./Core/Src/main.o
 .debug_macro   0x000000000000123f       0x22 ./Core/Src/main.o
 .debug_macro   0x0000000000001261       0xd9 ./Core/Src/main.o
 .debug_macro   0x000000000000133a      0xf07 ./Core/Src/main.o
 .debug_macro   0x0000000000002241    0x110e8 ./Core/Src/main.o
 .debug_macro   0x0000000000013329       0x6d ./Core/Src/main.o
 .debug_macro   0x0000000000013396     0x3558 ./Core/Src/main.o
 .debug_macro   0x00000000000168ee      0x174 ./Core/Src/main.o
 .debug_macro   0x0000000000016a62       0x55 ./Core/Src/main.o
 .debug_macro   0x0000000000016ab7      0x8f8 ./Core/Src/main.o
 .debug_macro   0x00000000000173af      0x41b ./Core/Src/main.o
 .debug_macro   0x00000000000177ca      0x1b5 ./Core/Src/main.o
 .debug_macro   0x000000000001797f      0x161 ./Core/Src/main.o
 .debug_macro   0x0000000000017ae0      0x1d5 ./Core/Src/main.o
 .debug_macro   0x0000000000017cb5      0x1bc ./Core/Src/main.o
 .debug_macro   0x0000000000017e71       0x34 ./Core/Src/main.o
 .debug_macro   0x0000000000017ea5       0x3c ./Core/Src/main.o
 .debug_macro   0x0000000000017ee1       0x57 ./Core/Src/main.o
 .debug_macro   0x0000000000017f38       0xc5 ./Core/Src/main.o
 .debug_macro   0x0000000000017ffd      0x19f ./Core/Src/main.o
 .debug_macro   0x000000000001819c      0x22c ./Core/Src/main.o
 .debug_macro   0x00000000000183c8       0x5b ./Core/Src/main.o
 .debug_macro   0x0000000000018423       0xa5 ./Core/Src/main.o
 .debug_macro   0x00000000000184c8       0x81 ./Core/Src/main.o
 .debug_macro   0x0000000000018549       0xd3 ./Core/Src/main.o
 .debug_macro   0x000000000001861c      0x1f7 ./Core/Src/main.o
 .debug_macro   0x0000000000018813       0x22 ./Core/Src/main.o
 .debug_macro   0x0000000000018835       0x46 ./Core/Src/main.o
 .debug_macro   0x000000000001887b      0x1b9 ./Core/Src/max_matrix_stm32.o
 .debug_macro   0x0000000000018a34      0x1a7 ./Core/Src/stm32f3xx_hal_msp.o
 .debug_macro   0x0000000000018bdb      0x1b1 ./Core/Src/stm32f3xx_it.o
 .debug_macro   0x0000000000018d8c      0x19d ./Core/Src/system_stm32f3xx.o
 .debug_macro   0x0000000000018f29      0x1c1 ./Drivers/STM32F3xx_HAL_Driver/Src/stm32f3xx_hal.o
 .debug_macro   0x00000000000190ea      0x19d ./Drivers/STM32F3xx_HAL_Driver/Src/stm32f3xx_hal_cortex.o
 .debug_macro   0x0000000000019287      0x1a4 ./Drivers/STM32F3xx_HAL_Driver/Src/stm32f3xx_hal_gpio.o
 .debug_macro   0x000000000001942b      0x1c1 ./Drivers/STM32F3xx_HAL_Driver/Src/stm32f3xx_hal_rcc.o

.debug_line     0x0000000000000000     0x58f1
 .debug_line    0x0000000000000000      0x739 ./Core/Src/main.o
 .debug_line    0x0000000000000739      0xad8 ./Core/Src/max_matrix_stm32.o
 .debug_line    0x0000000000001211      0x67c ./Core/Src/stm32f3xx_hal_msp.o
 .debug_line    0x000000000000188d      0x73e ./Core/Src/stm32f3xx_it.o
 .debug_line    0x0000000000001fcb      0x6f2 ./Core/Src/system_stm32f3xx.o
 .debug_line    0x00000000000026bd       0x88 ./Core/Startup/startup_stm32f302r8tx.o
 .debug_line    0x0000000000002745      0x927 ./Drivers/STM32F3xx_HAL_Driver/Src/stm32f3xx_hal.o
 .debug_line    0x000000000000306c      0xb0f ./Drivers/STM32F3xx_HAL_Driver/Src/stm32f3xx_hal_cortex.o
 .debug_line    0x0000000000003b7b      0xa72 ./Drivers/STM32F3xx_HAL_Driver/Src/stm32f3xx_hal_gpio.o
 .debug_line    0x00000000000045ed     0x1304 ./Drivers/STM32F3xx_HAL_Driver/Src/stm32f3xx_hal_rcc.o

.debug_str      0x0000000000000000    0x93849
 .debug_str     0x0000000000000000    0x928b7 ./Core/Src/main.o
                                      0x92b2d (size before relaxing)
 .debug_str     0x00000000000928b7       0xd7 ./Core/Src/max_matrix_stm32.o
                                      0x929b4 (size before relaxing)
 .debug_str     0x000000000009298e       0x49 ./Core/Src/stm32f3xx_hal_msp.o
                                      0x9272b (size before relaxing)
 .debug_str     0x00000000000929d7       0xc9 ./Core/Src/stm32f3xx_it.o
                                      0x9273d (size before relaxing)
 .debug_str     0x0000000000092aa0       0xe9 ./Core/Src/system_stm32f3xx.o
                                      0x927cc (size before relaxing)
 .debug_str     0x0000000000092b89       0x36 ./Core/Startup/startup_stm32f302r8tx.o
                                         0x7b (size before relaxing)
 .debug_str     0x0000000000092bbf      0x608 ./Drivers/STM32F3xx_HAL_Driver/Src/stm32f3xx_hal.o
                                      0x92f26 (size before relaxing)
 .debug_str     0x00000000000931c7      0x267 ./Drivers/STM32F3xx_HAL_Driver/Src/stm32f3xx_hal_cortex.o
                                      0x92e4b (size before relaxing)
 .debug_str     0x000000000009342e      0x14a ./Drivers/STM32F3xx_HAL_Driver/Src/stm32f3xx_hal_gpio.o
                                      0x92942 (size before relaxing)
 .debug_str     0x0000000000093578      0x2d1 ./Drivers/STM32F3xx_HAL_Driver/Src/stm32f3xx_hal_rcc.o
                                      0x92c6c (size before relaxing)

.comment        0x0000000000000000       0x50
 .comment       0x0000000000000000       0x50 ./Core/Src/main.o
                                         0x51 (size before relaxing)
 .comment       0x0000000000000050       0x51 ./Core/Src/max_matrix_stm32.o
 .comment       0x0000000000000050       0x51 ./Core/Src/stm32f3xx_hal_msp.o
 .comment       0x0000000000000050       0x51 ./Core/Src/stm32f3xx_it.o
 .comment       0x0000000000000050       0x51 ./Core/Src/system_stm32f3xx.o
 .comment       0x0000000000000050       0x51 ./Drivers/STM32F3xx_HAL_Driver/Src/stm32f3xx_hal.o
 .comment       0x0000000000000050       0x51 ./Drivers/STM32F3xx_HAL_Driver/Src/stm32f3xx_hal_cortex.o
 .comment       0x0000000000000050       0x51 ./Drivers/STM32F3xx_HAL_Driver/Src/stm32f3xx_hal_gpio.o
 .comment       0x0000000000000050       0x51 ./Drivers/STM32F3xx_HAL_Driver/Src/stm32f3xx_hal_rcc.o

.debug_frame    0x0000000000000000      0xee4
 .debug_frame   0x0000000000000000       0x8c ./Core/Src/main.o
 .debug_frame   0x000000000000008c      0x1c0 ./Core/Src/max_matrix_stm32.o
 .debug_frame   0x000000000000024c       0x34 ./Core/Src/stm32f3xx_hal_msp.o
 .debug_frame   0x0000000000000280      0x104 ./Core/Src/stm32f3xx_it.o
 .debug_frame   0x0000000000000384       0x58 ./Core/Src/system_stm32f3xx.o
 .debug_frame   0x00000000000003dc      0x334 ./Drivers/STM32F3xx_HAL_Driver/Src/stm32f3xx_hal.o
 .debug_frame   0x0000000000000710      0x428 ./Drivers/STM32F3xx_HAL_Driver/Src/stm32f3xx_hal_cortex.o
 .debug_frame   0x0000000000000b38      0x14c ./Drivers/STM32F3xx_HAL_Driver/Src/stm32f3xx_hal_gpio.o
 .debug_frame   0x0000000000000c84      0x214 ./Drivers/STM32F3xx_HAL_Driver/Src/stm32f3xx_hal_rcc.o
 .debug_frame   0x0000000000000e98       0x2c c:/st/stm32cubeide_1.12.1/stm32cubeide/plugins/com.st.stm32cube.ide.mcu.externaltools.gnu-tools-for-stm32.10.3-2021.10.win32_1.0.200.202301161003/tools/bin/../lib/gcc/arm-none-eabi/10.3.1/../../../../arm-none-eabi/lib/thumb/v7e-m+fp/hard\libc_nano.a(lib_a-init.o)
 .debug_frame   0x0000000000000ec4       0x20 c:/st/stm32cubeide_1.12.1/stm32cubeide/plugins/com.st.stm32cube.ide.mcu.externaltools.gnu-tools-for-stm32.10.3-2021.10.win32_1.0.200.202301161003/tools/bin/../lib/gcc/arm-none-eabi/10.3.1/../../../../arm-none-eabi/lib/thumb/v7e-m+fp/hard\libc_nano.a(lib_a-memset.o)
