../Core/Src/main.c:91:5:main	8	static
../Core/Src/main.c:173:6:SystemClock_Config	120	static
../Core/Src/main.c:223:13:MX_TIM1_Init	40	static
../Core/Src/main.c:270:13:MX_TIM2_Init	64	static
../Core/Src/main.c:329:13:MX_TIM15_Init	40	static
../Core/Src/main.c:375:13:MX_USART1_UART_Init	8	static
../Core/Src/main.c:410:13:MX_USART2_UART_Init	8	static
../Core/Src/main.c:445:13:MX_USART3_UART_Init	8	static
../Core/Src/main.c:480:13:MX_GPIO_Init	48	static
../Core/Src/main.c:547:6:Error_Handler	4	static,ignoring_inline_asm
