Archive member included to satisfy reference by file (symbol)

c:/st/stm32cubeide_1.12.1/stm32cubeide/plugins/com.st.stm32cube.ide.mcu.externaltools.gnu-tools-for-stm32.10.3-2021.10.win32_1.0.200.202301161003/tools/bin/../lib/gcc/arm-none-eabi/10.3.1/../../../../arm-none-eabi/lib/thumb/v7e-m+fp/hard\libc_nano.a(lib_a-errno.o)
                              ./Core/Src/syscalls.o (__errno)
c:/st/stm32cubeide_1.12.1/stm32cubeide/plugins/com.st.stm32cube.ide.mcu.externaltools.gnu-tools-for-stm32.10.3-2021.10.win32_1.0.200.202301161003/tools/bin/../lib/gcc/arm-none-eabi/10.3.1/../../../../arm-none-eabi/lib/thumb/v7e-m+fp/hard\libc_nano.a(lib_a-exit.o)
                              c:/st/stm32cubeide_1.12.1/stm32cubeide/plugins/com.st.stm32cube.ide.mcu.externaltools.gnu-tools-for-stm32.10.3-2021.10.win32_1.0.200.202301161003/tools/bin/../lib/gcc/arm-none-eabi/10.3.1/../../../../arm-none-eabi/lib/thumb/v7e-m+fp/hard/crt0.o (exit)
c:/st/stm32cubeide_1.12.1/stm32cubeide/plugins/com.st.stm32cube.ide.mcu.externaltools.gnu-tools-for-stm32.10.3-2021.10.win32_1.0.200.202301161003/tools/bin/../lib/gcc/arm-none-eabi/10.3.1/../../../../arm-none-eabi/lib/thumb/v7e-m+fp/hard\libc_nano.a(lib_a-impure.o)
                              c:/st/stm32cubeide_1.12.1/stm32cubeide/plugins/com.st.stm32cube.ide.mcu.externaltools.gnu-tools-for-stm32.10.3-2021.10.win32_1.0.200.202301161003/tools/bin/../lib/gcc/arm-none-eabi/10.3.1/../../../../arm-none-eabi/lib/thumb/v7e-m+fp/hard\libc_nano.a(lib_a-exit.o) (_global_impure_ptr)
c:/st/stm32cubeide_1.12.1/stm32cubeide/plugins/com.st.stm32cube.ide.mcu.externaltools.gnu-tools-for-stm32.10.3-2021.10.win32_1.0.200.202301161003/tools/bin/../lib/gcc/arm-none-eabi/10.3.1/../../../../arm-none-eabi/lib/thumb/v7e-m+fp/hard\libc_nano.a(lib_a-init.o)
                              c:/st/stm32cubeide_1.12.1/stm32cubeide/plugins/com.st.stm32cube.ide.mcu.externaltools.gnu-tools-for-stm32.10.3-2021.10.win32_1.0.200.202301161003/tools/bin/../lib/gcc/arm-none-eabi/10.3.1/../../../../arm-none-eabi/lib/thumb/v7e-m+fp/hard/crt0.o (__libc_init_array)
c:/st/stm32cubeide_1.12.1/stm32cubeide/plugins/com.st.stm32cube.ide.mcu.externaltools.gnu-tools-for-stm32.10.3-2021.10.win32_1.0.200.202301161003/tools/bin/../lib/gcc/arm-none-eabi/10.3.1/../../../../arm-none-eabi/lib/thumb/v7e-m+fp/hard\libc_nano.a(lib_a-memset.o)
                              c:/st/stm32cubeide_1.12.1/stm32cubeide/plugins/com.st.stm32cube.ide.mcu.externaltools.gnu-tools-for-stm32.10.3-2021.10.win32_1.0.200.202301161003/tools/bin/../lib/gcc/arm-none-eabi/10.3.1/../../../../arm-none-eabi/lib/thumb/v7e-m+fp/hard/crt0.o (memset)
c:/st/stm32cubeide_1.12.1/stm32cubeide/plugins/com.st.stm32cube.ide.mcu.externaltools.gnu-tools-for-stm32.10.3-2021.10.win32_1.0.200.202301161003/tools/bin/../lib/gcc/arm-none-eabi/10.3.1/../../../../arm-none-eabi/lib/thumb/v7e-m+fp/hard\libc_nano.a(lib_a-sprintf.o)
                              ./Core/Src/main.o (sprintf)
c:/st/stm32cubeide_1.12.1/stm32cubeide/plugins/com.st.stm32cube.ide.mcu.externaltools.gnu-tools-for-stm32.10.3-2021.10.win32_1.0.200.202301161003/tools/bin/../lib/gcc/arm-none-eabi/10.3.1/../../../../arm-none-eabi/lib/thumb/v7e-m+fp/hard\libc_nano.a(lib_a-strlen.o)
                              ./Core/Src/main.o (strlen)
c:/st/stm32cubeide_1.12.1/stm32cubeide/plugins/com.st.stm32cube.ide.mcu.externaltools.gnu-tools-for-stm32.10.3-2021.10.win32_1.0.200.202301161003/tools/bin/../lib/gcc/arm-none-eabi/10.3.1/../../../../arm-none-eabi/lib/thumb/v7e-m+fp/hard\libc_nano.a(lib_a-nano-svfprintf.o)
                              c:/st/stm32cubeide_1.12.1/stm32cubeide/plugins/com.st.stm32cube.ide.mcu.externaltools.gnu-tools-for-stm32.10.3-2021.10.win32_1.0.200.202301161003/tools/bin/../lib/gcc/arm-none-eabi/10.3.1/../../../../arm-none-eabi/lib/thumb/v7e-m+fp/hard\libc_nano.a(lib_a-sprintf.o) (_svfprintf_r)
c:/st/stm32cubeide_1.12.1/stm32cubeide/plugins/com.st.stm32cube.ide.mcu.externaltools.gnu-tools-for-stm32.10.3-2021.10.win32_1.0.200.202301161003/tools/bin/../lib/gcc/arm-none-eabi/10.3.1/../../../../arm-none-eabi/lib/thumb/v7e-m+fp/hard\libc_nano.a(lib_a-nano-vfprintf_i.o)
                              c:/st/stm32cubeide_1.12.1/stm32cubeide/plugins/com.st.stm32cube.ide.mcu.externaltools.gnu-tools-for-stm32.10.3-2021.10.win32_1.0.200.202301161003/tools/bin/../lib/gcc/arm-none-eabi/10.3.1/../../../../arm-none-eabi/lib/thumb/v7e-m+fp/hard\libc_nano.a(lib_a-nano-svfprintf.o) (_printf_i)
c:/st/stm32cubeide_1.12.1/stm32cubeide/plugins/com.st.stm32cube.ide.mcu.externaltools.gnu-tools-for-stm32.10.3-2021.10.win32_1.0.200.202301161003/tools/bin/../lib/gcc/arm-none-eabi/10.3.1/../../../../arm-none-eabi/lib/thumb/v7e-m+fp/hard\libc_nano.a(lib_a-memchr.o)
[...]
Memory Configuration

Name             Origin             Length             Attributes
RAM              0x0000000020000000 0x0000000000004000 xrw
FLASH            0x0000000008000000 0x0000000000010000 xr
*default*        0x0000000000000000 0xffffffffffffffff

Linker script and memory map

LOAD c:/st/stm32cubeide_1.12.1/stm32cubeide/plugins/com.st.stm32cube.ide.mcu.externaltools.gnu-tools-for-stm32.10.3-2021.10.win32_1.0.200.202301161003/tools/bin/../lib/gcc/arm-none-eabi/10.3.1/thumb/v7e-m+fp/hard/crti.o
LOAD c:/st/stm32cubeide_1.12.1/stm32cubeide/plugins/com.st.stm32cube.ide.mcu.externaltools.gnu-tools-for-stm32.10.3-2021.10.win32_1.0.200.202301161003/tools/bin/../lib/gcc/arm-none-eabi/10.3.1/thumb/v7e-m+fp/hard/crtbegin.o
LOAD c:/st/stm32cubeide_1.12.1/stm32cubeide/plugins/com.st.stm32cube.ide.mcu.externaltools.gnu-tools-for-stm32.10.3-2021.10.win32_1.0.200.202301161003/tools/bin/../lib/gcc/arm-none-eabi/10.3.1/../../../../arm-none-eabi/lib/thumb/v7e-m+fp/hard/crt0.o
LOAD ./Core/Src/i2c-lcd.o
LOAD ./Core/Src/keypad_4x4.o
LOAD ./Core/Src/main.o
LOAD ./Core/Src/max_matrix_stm33.o
LOAD ./Core/Src/stm32f3xx_hal_msp.o
LOAD ./Core/Src/stm32f3xx_it.o
LOAD ./Core/Src/syscalls.o
LOAD ./Core/Src/sysmem.o
LOAD ./Core/Src/system_stm32f3xx.o
LOAD ./Core/Startup/startup_stm32f302r8tx.o
LOAD ./Drivers/STM32F3xx_HAL_Driver/Src/stm32f3xx_hal.o
LOAD ./Drivers/STM32F3xx_HAL_Driver/Src/stm32f3xx_hal_cortex.o
LOAD ./Drivers/STM32F3xx_HAL_Driver/Src/stm32f3xx_hal_dma.o
LOAD ./Drivers/STM32F3xx_HAL_Driver/Src/stm32f3xx_hal_exti.o
LOAD ./Drivers/STM32F3xx_HAL_Driver/Src/stm32f3xx_hal_flash.o
LOAD ./Drivers/STM32F3xx_HAL_Driver/Src/stm32f3xx_hal_flash_ex.o
LOAD ./Drivers/STM32F3xx_HAL_Driver/Src/stm32f3xx_hal_gpio.o
LOAD ./Drivers/STM32F3xx_HAL_Driver/Src/stm32f3xx_hal_i2c.o
LOAD ./Drivers/STM32F3xx_HAL_Driver/Src/stm32f3xx_hal_i2c_ex.o
LOAD ./Drivers/STM32F3xx_HAL_Driver/Src/stm32f3xx_hal_pwr.o
LOAD ./Drivers/STM32F3xx_HAL_Driver/Src/stm32f3xx_hal_pwr_ex.o
LOAD ./Drivers/STM32F3xx_HAL_Driver/Src/stm32f3xx_hal_rcc.o
LOAD ./Drivers/STM32F3xx_HAL_Driver/Src/stm32f3xx_hal_rcc_ex.o
LOAD ./Drivers/STM32F3xx_HAL_Driver/Src/stm32f3xx_hal_tim.o
LOAD ./Drivers/STM32F3xx_HAL_Driver/Src/stm32f3xx_hal_tim_ex.o
START GROUP
LOAD c:/st/stm32cubeide_1.12.1/stm32cubeide/plugins/com.st.stm32cube.ide.mcu.externaltools.gnu-tools-for-stm32.10.3-2021.10.win32_1.0.200.202301161003/tools/bin/../lib/gcc/arm-none-eabi/10.3.1/../../../../arm-none-eabi/lib/thumb/v7e-m+fp/hard\libc_nano.a
LOAD c:/st/stm32cubeide_1.12.1/stm32cubeide/plugins/com.st.stm32cube.ide.mcu.externaltools.gnu-tools-for-stm32.10.3-2021.10.win32_1.0.200.202301161003/tools/bin/../lib/gcc/arm-none-eabi/10.3.1/../../../../arm-none-eabi/lib/thumb/v7e-m+fp/hard\libm.a
END GROUP
START GROUP
LOAD c:/st/stm32cubeide_1.12.1/stm32cubeide/plugins/com.st.stm32cube.ide.mcu.externaltools.gnu-tools-for-stm32.10.3-2021.10.win32_1.0.200.202301161003/tools/bin/../lib/gcc/arm-none-eabi/10.3.1/thumb/v7e-m+fp/hard\libgcc.a
LOAD c:/st/stm32cubeide_1.12.1/stm32cubeide/plugins/com.st.stm32cube.ide.mcu.externaltools.gnu-tools-for-stm32.10.3-2021.10.win32_1.0.200.202301161003/tools/bin/../lib/gcc/arm-none-eabi/10.3.1/../../../../arm-none-eabi/lib/thumb/v7e-m+fp/hard\libc_nano.a
END GROUP
START GROUP
LOAD c:/st/stm32cubeide_1.12.1/stm32cubeide/plugins/com.st.stm32cube.ide.mcu.externaltools.gnu-tools-for-stm32.10.3-2021.10.win32_1.0.200.202301161003/tools/bin/../lib/gcc/arm-none-eabi/10.3.1/thumb/v7e-m+fp/hard\libgcc.a
LOAD c:/st/stm32cubeide_1.12.1/stm32cubeide/plugins/com.st.stm32cube.ide.mcu.externaltools.gnu-tools-for-stm32.10.3-2021.10.win32_1.0.200.202301161003/tools/bin/../lib/gcc/arm-none-eabi/10.3.1/../../../../arm-none-eabi/lib/thumb/v7e-m+fp/hard\libc_nano.a
LOAD c:/st/stm32cubeide_1.12.1/stm32cubeide/plugins/com.st.stm32cube.ide.mcu.externaltools.gnu-tools-for-stm32.10.3-2021.10.win32_1.0.200.202301161003/tools/bin/../lib/gcc/arm-none-eabi/10.3.1/../../../../arm-none-eabi/lib/thumb/v7e-m+fp/hard\libnosys.a
END GROUP
START GROUP
LOAD c:/st/stm32cubeide_1.12.1/stm32cubeide/plugins/com.st.stm32cube.ide.mcu.externaltools.gnu-tools-for-stm32.10.3-2021.10.win32_1.0.200.202301161003/tools/bin/../lib/gcc/arm-none-eabi/10.3.1/thumb/v7e-m+fp/hard\libgcc.a
LOAD c:/st/stm32cubeide_1.12.1/stm32cubeide/plugins/com.st.stm32cube.ide.mcu.externaltools.gnu-tools-for-stm32.10.3-2021.10.win32_1.0.200.202301161003/tools/bin/../lib/gcc/arm-none-eabi/10.3.1/../../../../arm-none-eabi/lib/thumb/v7e-m+fp/hard\libc_nano.a
LOAD c:/st/stm32cubeide_1.12.1/stm32cubeide/plugins/com.st.stm32cube.ide.mcu.externaltools.gnu-tools-for-stm32.10.3-2021.10.win32_1.0.200.202301161003/tools/bin/../lib/gcc/arm-none-eabi/10.3.1/../../../../arm-none-eabi/lib/thumb/v7e-m+fp/hard\libnosys.a
END GROUP
LOAD c:/st/stm32cubeide_1.12.1/stm32cubeide/plugins/com.st.stm32cube.ide.mcu.externaltools.gnu-tools-for-stm32.10.3-2021.10.win32_1.0.200.202301161003/tools/bin/../lib/gcc/arm-none-eabi/10.3.1/thumb/v7e-m+fp/hard/crtend.o
LOAD c:/st/stm32cubeide_1.12.1/stm32cubeide/plugins/com.st.stm32cube.ide.mcu.externaltools.gnu-tools-for-stm32.10.3-2021.10.win32_1.0.200.202301161003/tools/bin/../lib/gcc/arm-none-eabi/10.3.1/thumb/v7e-m+fp/hard/crtn.o
                0x0000000020004000                _estack = (ORIGIN (RAM) + LENGTH (RAM))
                0x0000000000000200                _Min_Heap_Size = 0x200
                0x0000000000000400                _Min_Stack_Size = 0x400

.isr_vector     0x0000000008000000      0x188
                0x0000000008000000                . = ALIGN (0x4)
 *(.isr_vector)
 .isr_vector    0x0000000008000000      0x188 ./Core/Startup/startup_stm32f302r8tx.o
                0x0000000008000000                g_pfnVectors
                0x0000000008000188                . = ALIGN (0x4)

.text           0x0000000008000190     0x45f8
                0x0000000008000190                . = ALIGN (0x4)
 *(.text)
 .text          0x0000000008000190       0x40 c:/st/stm32cubeide_1.12.1/stm32cubeide/plugins/com.st.stm32cube.ide.mcu.externaltools.gnu-tools-for-stm32.10.3-2021.10.win32_1.0.200.202301161003/tools/bin/../lib/gcc/arm-none-eabi/10.3.1/thumb/v7e-m+fp/hard/crtbegin.o
 .text          0x00000000080001d0       0x10 c:/st/stm32cubeide_1.12.1/stm32cubeide/plugins/com.st.stm32cube.ide.mcu.externaltools.gnu-tools-for-stm32.10.3-2021.10.win32_1.0.200.202301161003/tools/bin/../lib/gcc/arm-none-eabi/10.3.1/../../../../arm-none-eabi/lib/thumb/v7e-m+fp/hard\libc_nano.a(lib_a-strlen.o)
                0x00000000080001d0                strlen
 .text          0x00000000080001e0       0xa0 c:/st/stm32cubeide_1.12.1/stm32cubeide/plugins/com.st.stm32cube.ide.mcu.externaltools.gnu-tools-for-stm32.10.3-2021.10.win32_1.0.200.202301161003/tools/bin/../lib/gcc/arm-none-eabi/10.3.1/../../../../arm-none-eabi/lib/thumb/v7e-m+fp/hard\libc_nano.a(lib_a-memchr.o)
                0x00000000080001e0                memchr
 *(.text*)
 .text.lcd_send_cmd
                0x0000000008000280       0x60 ./Core/Src/i2c-lcd.o
                0x0000000008000280                lcd_send_cmd
 .text.lcd_send_data
                0x00000000080002e0       0x60 ./Core/Src/i2c-lcd.o
                0x00000000080002e0                lcd_send_data
 .text.lcd_clear
                0x0000000008000340       0x2e ./Core/Src/i2c-lcd.o
                0x0000000008000340                lcd_clear
 .text.lcd_put_cur
                0x000000000800036e       0x3e ./Core/Src/i2c-lcd.o
                0x000000000800036e                lcd_put_cur
 .text.lcd_init
                0x00000000080003ac       0x7a ./Core/Src/i2c-lcd.o
                0x00000000080003ac                lcd_init
 .text.lcd_send_string
                0x0000000008000426       0x2a ./Core/Src/i2c-lcd.o
                0x0000000008000426                lcd_send_string
 .text.Keypad_Get_Char
                0x0000000008000450      0x428 ./Core/Src/keypad_4x4.o
                0x0000000008000450                Keypad_Get_Char
 .text.intToDecimalString
                0x0000000008000878       0xf0 ./Core/Src/main.o
                0x0000000008000878                intToDecimalString
 .text.stringToInteger
                0x0000000008000968       0x98 ./Core/Src/main.o
                0x0000000008000968                stringToInteger
 .text.main     0x0000000008000a00      0x4c8 ./Core/Src/main.o
                0x0000000008000a00                main
 .text.SystemClock_Config
                0x0000000008000ec8       0xb8 ./Core/Src/main.o
                0x0000000008000ec8                SystemClock_Config
 .text.MX_I2C1_Init
                0x0000000008000f80       0x80 ./Core/Src/main.o
 .text.MX_GPIO_Init
                0x0000000008001000      0x130 ./Core/Src/main.o
 .text.Error_Handler
                0x0000000008001130        0xa ./Core/Src/main.o
                0x0000000008001130                Error_Handler
 *fill*         0x000000000800113a        0x2 
 .text.write_byte
                0x000000000800113c       0x5c ./Core/Src/max_matrix_stm33.o
                0x000000000800113c                write_byte
 .text.write_max_cmd
                0x0000000008001198       0x64 ./Core/Src/max_matrix_stm33.o
                0x0000000008001198                write_max_cmd
 .text.setled   0x00000000080011fc       0xdc ./Core/Src/max_matrix_stm33.o
                0x00000000080011fc                setled
 .text.setrow   0x00000000080012d8       0xa0 ./Core/Src/max_matrix_stm33.o
                0x00000000080012d8                setrow
 .text.write_char
                0x0000000008001378       0x74 ./Core/Src/max_matrix_stm33.o
                0x0000000008001378                write_char
 .text.shift_char
                0x00000000080013ec       0xa4 ./Core/Src/max_matrix_stm33.o
                0x00000000080013ec                shift_char
 .text.scroll_string
                0x0000000008001490       0x36 ./Core/Src/max_matrix_stm33.o
                0x0000000008001490                scroll_string
 *fill*         0x00000000080014c6        0x2 
 .text.max_clear
                0x00000000080014c8       0x5c ./Core/Src/max_matrix_stm33.o
                0x00000000080014c8                max_clear
 .text.shiftleft
                0x0000000008001524       0x70 ./Core/Src/max_matrix_stm33.o
                0x0000000008001524                shiftleft
 .text.shiftright
                0x0000000008001594       0x6c ./Core/Src/max_matrix_stm33.o
                0x0000000008001594                shiftright
 .text.max_init
                0x0000000008001600       0x40 ./Core/Src/max_matrix_stm33.o
                0x0000000008001600                max_init
 .text.HAL_MspInit
                0x0000000008001640       0x48 ./Core/Src/stm32f3xx_hal_msp.o
                0x0000000008001640                HAL_MspInit
 .text.HAL_I2C_MspInit
                0x0000000008001688       0x88 ./Core/Src/stm32f3xx_hal_msp.o
                0x0000000008001688                HAL_I2C_MspInit
 .text.NMI_Handler
                0x0000000008001710        0x6 ./Core/Src/stm32f3xx_it.o
                0x0000000008001710                NMI_Handler
 .text.HardFault_Handler
                0x0000000008001716        0x6 ./Core/Src/stm32f3xx_it.o
                0x0000000008001716                HardFault_Handler
 .text.MemManage_Handler
                0x000000000800171c        0x6 ./Core/Src/stm32f3xx_it.o
                0x000000000800171c                MemManage_Handler
 .text.BusFault_Handler
                0x0000000008001722        0x6 ./Core/Src/stm32f3xx_it.o
                0x0000000008001722                BusFault_Handler
 .text.UsageFault_Handler
                0x0000000008001728        0x6 ./Core/Src/stm32f3xx_it.o
                0x0000000008001728                UsageFault_Handler
 .text.SVC_Handler
                0x000000000800172e        0xe ./Core/Src/stm32f3xx_it.o
                0x000000000800172e                SVC_Handler
 .text.DebugMon_Handler
                0x000000000800173c        0xe ./Core/Src/stm32f3xx_it.o
                0x000000000800173c                DebugMon_Handler
 .text.PendSV_Handler
                0x000000000800174a        0xe ./Core/Src/stm32f3xx_it.o
                0x000000000800174a                PendSV_Handler
 .text.SysTick_Handler
                0x0000000008001758        0xc ./Core/Src/stm32f3xx_it.o
                0x0000000008001758                SysTick_Handler
 .text._sbrk    0x0000000008001764       0x6c ./Core/Src/sysmem.o
                0x0000000008001764                _sbrk
 .text.SystemInit
                0x00000000080017d0       0x24 ./Core/Src/system_stm32f3xx.o
                0x00000000080017d0                SystemInit
 .text.Reset_Handler
                0x00000000080017f4       0x50 ./Core/Startup/startup_stm32f302r8tx.o
                0x00000000080017f4                Reset_Handler
 .text.Default_Handler
                0x0000000008001844        0x2 ./Core/Startup/startup_stm32f302r8tx.o
                0x0000000008001844                RTC_Alarm_IRQHandler
                0x0000000008001844                TIM1_CC_IRQHandler
                0x0000000008001844                USB_HP_IRQHandler
                0x0000000008001844                PVD_IRQHandler
                0x0000000008001844                TAMP_STAMP_IRQHandler
                0x0000000008001844                EXTI3_IRQHandler
                0x0000000008001844                I2C3_ER_IRQHandler
                0x0000000008001844                USB_HP_CAN_TX_IRQHandler
                0x0000000008001844                EXTI0_IRQHandler
                0x0000000008001844                I2C2_EV_IRQHandler
                0x0000000008001844                FPU_IRQHandler
                0x0000000008001844                TIM1_UP_TIM16_IRQHandler
                0x0000000008001844                CAN_SCE_IRQHandler
                0x0000000008001844                TIM6_DAC_IRQHandler
                0x0000000008001844                DMA1_Channel4_IRQHandler
                0x0000000008001844                ADC1_IRQHandler
                0x0000000008001844                USART3_IRQHandler
                0x0000000008001844                DMA1_Channel7_IRQHandler
                0x0000000008001844                CAN_RX1_IRQHandler
                0x0000000008001844                I2C1_EV_IRQHandler
                0x0000000008001844                DMA1_Channel6_IRQHandler
                0x0000000008001844                RCC_IRQHandler
                0x0000000008001844                DMA1_Channel1_IRQHandler
                0x0000000008001844                Default_Handler
                0x0000000008001844                USBWakeUp_RMP_IRQHandler
                0x0000000008001844                EXTI15_10_IRQHandler
                0x0000000008001844                COMP2_IRQHandler
                0x0000000008001844                I2C3_EV_IRQHandler
                0x0000000008001844                EXTI9_5_IRQHandler
                0x0000000008001844                RTC_WKUP_IRQHandler
                0x0000000008001844                SPI2_IRQHandler
                0x0000000008001844                USB_LP_CAN_RX0_IRQHandler
                0x0000000008001844                DMA1_Channel5_IRQHandler
                0x0000000008001844                USB_LP_IRQHandler
                0x0000000008001844                EXTI4_IRQHandler
                0x0000000008001844                TIM1_TRG_COM_TIM17_IRQHandler
                0x0000000008001844                DMA1_Channel3_IRQHandler
                0x0000000008001844                WWDG_IRQHandler
                0x0000000008001844                TIM2_IRQHandler
                0x0000000008001844                EXTI1_IRQHandler
                0x0000000008001844                COMP4_6_IRQHandler
                0x0000000008001844                USART2_IRQHandler
                0x0000000008001844                I2C2_ER_IRQHandler
                0x0000000008001844                DMA1_Channel2_IRQHandler
                0x0000000008001844                FLASH_IRQHandler
                0x0000000008001844                USART1_IRQHandler
                0x0000000008001844                SPI3_IRQHandler
                0x0000000008001844                I2C1_ER_IRQHandler
                0x0000000008001844                USBWakeUp_IRQHandler
                0x0000000008001844                EXTI2_TSC_IRQHandler
                0x0000000008001844                TIM1_BRK_TIM15_IRQHandler
 *fill*         0x0000000008001846        0x2 
 .text.HAL_Init
                0x0000000008001848       0x2c ./Drivers/STM32F3xx_HAL_Driver/Src/stm32f3xx_hal.o
                0x0000000008001848                HAL_Init
 .text.HAL_InitTick
                0x0000000008001874       0x60 ./Drivers/STM32F3xx_HAL_Driver/Src/stm32f3xx_hal.o
                0x0000000008001874                HAL_InitTick
 .text.HAL_IncTick
                0x00000000080018d4       0x28 ./Drivers/STM32F3xx_HAL_Driver/Src/stm32f3xx_hal.o
                0x00000000080018d4                HAL_IncTick
 .text.HAL_GetTick
                0x00000000080018fc       0x18 ./Drivers/STM32F3xx_HAL_Driver/Src/stm32f3xx_hal.o
                0x00000000080018fc                HAL_GetTick
 .text.HAL_Delay
                0x0000000008001914       0x48 ./Drivers/STM32F3xx_HAL_Driver/Src/stm32f3xx_hal.o
                0x0000000008001914                HAL_Delay
 .text.__NVIC_SetPriorityGrouping
                0x000000000800195c       0x48 ./Drivers/STM32F3xx_HAL_Driver/Src/stm32f3xx_hal_cortex.o
 .text.__NVIC_GetPriorityGrouping
                0x00000000080019a4       0x1c ./Drivers/STM32F3xx_HAL_Driver/Src/stm32f3xx_hal_cortex.o
 .text.__NVIC_SetPriority
                0x00000000080019c0       0x54 ./Drivers/STM32F3xx_HAL_Driver/Src/stm32f3xx_hal_cortex.o
 .text.NVIC_EncodePriority
                0x0000000008001a14       0x66 ./Drivers/STM32F3xx_HAL_Driver/Src/stm32f3xx_hal_cortex.o
 *fill*         0x0000000008001a7a        0x2 
 .text.SysTick_Config
                0x0000000008001a7c       0x44 ./Drivers/STM32F3xx_HAL_Driver/Src/stm32f3xx_hal_cortex.o
 .text.HAL_NVIC_SetPriorityGrouping
                0x0000000008001ac0       0x16 ./Drivers/STM32F3xx_HAL_Driver/Src/stm32f3xx_hal_cortex.o
                0x0000000008001ac0                HAL_NVIC_SetPriorityGrouping
 .text.HAL_NVIC_SetPriority
                0x0000000008001ad6       0x38 ./Drivers/STM32F3xx_HAL_Driver/Src/stm32f3xx_hal_cortex.o
                0x0000000008001ad6                HAL_NVIC_SetPriority
 .text.HAL_SYSTICK_Config
                0x0000000008001b0e       0x18 ./Drivers/STM32F3xx_HAL_Driver/Src/stm32f3xx_hal_cortex.o
                0x0000000008001b0e                HAL_SYSTICK_Config
 *fill*         0x0000000008001b26        0x2 
 .text.HAL_GPIO_Init
                0x0000000008001b28      0x2e4 ./Drivers/STM32F3xx_HAL_Driver/Src/stm32f3xx_hal_gpio.o
                0x0000000008001b28                HAL_GPIO_Init
 .text.HAL_GPIO_ReadPin
                0x0000000008001e0c       0x30 ./Drivers/STM32F3xx_HAL_Driver/Src/stm32f3xx_hal_gpio.o
                0x0000000008001e0c                HAL_GPIO_ReadPin
 .text.HAL_GPIO_WritePin
                0x0000000008001e3c       0x30 ./Drivers/STM32F3xx_HAL_Driver/Src/stm32f3xx_hal_gpio.o
                0x0000000008001e3c                HAL_GPIO_WritePin
 .text.HAL_I2C_Init
                0x0000000008001e6c      0x11e ./Drivers/STM32F3xx_HAL_Driver/Src/stm32f3xx_hal_i2c.o
                0x0000000008001e6c                HAL_I2C_Init
 *fill*         0x0000000008001f8a        0x2 
 .text.HAL_I2C_Master_Transmit
                0x0000000008001f8c      0x1e8 ./Drivers/STM32F3xx_HAL_Driver/Src/stm32f3xx_hal_i2c.o
                0x0000000008001f8c                HAL_I2C_Master_Transmit
 .text.I2C_Flush_TXDR
                0x0000000008002174       0x48 ./Drivers/STM32F3xx_HAL_Driver/Src/stm32f3xx_hal_i2c.o
 .text.I2C_WaitOnFlagUntilTimeout
                0x00000000080021bc       0x9e ./Drivers/STM32F3xx_HAL_Driver/Src/stm32f3xx_hal_i2c.o
 .text.I2C_WaitOnTXISFlagUntilTimeout
                0x000000000800225a       0x8e ./Drivers/STM32F3xx_HAL_Driver/Src/stm32f3xx_hal_i2c.o
 .text.I2C_WaitOnSTOPFlagUntilTimeout
                0x00000000080022e8       0x86 ./Drivers/STM32F3xx_HAL_Driver/Src/stm32f3xx_hal_i2c.o
 *fill*         0x000000000800236e        0x2 
 .text.I2C_IsErrorOccurred
                0x0000000008002370      0x1c0 ./Drivers/STM32F3xx_HAL_Driver/Src/stm32f3xx_hal_i2c.o
 .text.I2C_TransferConfig
                0x0000000008002530       0x64 ./Drivers/STM32F3xx_HAL_Driver/Src/stm32f3xx_hal_i2c.o
 .text.HAL_I2CEx_ConfigAnalogFilter
                0x0000000008002594       0x96 ./Drivers/STM32F3xx_HAL_Driver/Src/stm32f3xx_hal_i2c_ex.o
                0x0000000008002594                HAL_I2CEx_ConfigAnalogFilter
 .text.HAL_I2CEx_ConfigDigitalFilter
                0x000000000800262a       0x98 ./Drivers/STM32F3xx_HAL_Driver/Src/stm32f3xx_hal_i2c_ex.o
                0x000000000800262a                HAL_I2CEx_ConfigDigitalFilter
 *fill*         0x00000000080026c2        0x2 
 .text.HAL_RCC_OscConfig
                0x00000000080026c4     0x107c ./Drivers/STM32F3xx_HAL_Driver/Src/stm32f3xx_hal_rcc.o
                0x00000000080026c4                HAL_RCC_OscConfig
 .text.HAL_RCC_ClockConfig
                0x0000000008003740      0x2f8 ./Drivers/STM32F3xx_HAL_Driver/Src/stm32f3xx_hal_rcc.o
                0x0000000008003740                HAL_RCC_ClockConfig
 .text.HAL_RCC_GetSysClockFreq
                0x0000000008003a38       0xd4 ./Drivers/STM32F3xx_HAL_Driver/Src/stm32f3xx_hal_rcc.o
                0x0000000008003a38                HAL_RCC_GetSysClockFreq
 .text.HAL_RCCEx_PeriphCLKConfig
                0x0000000008003b0c      0x324 ./Drivers/STM32F3xx_HAL_Driver/Src/stm32f3xx_hal_rcc_ex.o
                0x0000000008003b0c                HAL_RCCEx_PeriphCLKConfig
 .text.__errno  0x0000000008003e30        0xc c:/st/stm32cubeide_1.12.1/stm32cubeide/plugins/com.st.stm32cube.ide.mcu.externaltools.gnu-tools-for-stm32.10.3-2021.10.win32_1.0.200.202301161003/tools/bin/../lib/gcc/arm-none-eabi/10.3.1/../../../../arm-none-eabi/lib/thumb/v7e-m+fp/hard\libc_nano.a(lib_a-errno.o)
                0x0000000008003e30                __errno
 .text.__libc_init_array
                0x0000000008003e3c       0x48 c:/st/stm32cubeide_1.12.1/stm32cubeide/plugins/com.st.stm32cube.ide.mcu.externaltools.gnu-tools-for-stm32.10.3-2021.10.win32_1.0.200.202301161003/tools/bin/../lib/gcc/arm-none-eabi/10.3.1/../../../../arm-none-eabi/lib/thumb/v7e-m+fp/hard\libc_nano.a(lib_a-init.o)
                0x0000000008003e3c                __libc_init_array
 .text.memset   0x0000000008003e84       0x10 c:/st/stm32cubeide_1.12.1/stm32cubeide/plugins/com.st.stm32cube.ide.mcu.externaltools.gnu-tools-for-stm32.10.3-2021.10.win32_1.0.200.202301161003/tools/bin/../lib/gcc/arm-none-eabi/10.3.1/../../../../arm-none-eabi/lib/thumb/v7e-m+fp/hard\libc_nano.a(lib_a-memset.o)
                0x0000000008003e84                memset
 .text.sprintf  0x0000000008003e94       0x40 c:/st/stm32cubeide_1.12.1/stm32cubeide/plugins/com.st.stm32cube.ide.mcu.externaltools.gnu-tools-for-stm32.10.3-2021.10.win32_1.0.200.202301161003/tools/bin/../lib/gcc/arm-none-eabi/10.3.1/../../../../arm-none-eabi/lib/thumb/v7e-m+fp/hard\libc_nano.a(lib_a-sprintf.o)
                0x0000000008003e94                siprintf
                0x0000000008003e94                sprintf
 .text.__ssputs_r
                0x0000000008003ed4       0xb6 c:/st/stm32cubeide_1.12.1/stm32cubeide/plugins/com.st.stm32cube.ide.mcu.externaltools.gnu-tools-for-stm32.10.3-2021.10.win32_1.0.200.202301161003/tools/bin/../lib/gcc/arm-none-eabi/10.3.1/../../../../arm-none-eabi/lib/thumb/v7e-m+fp/hard\libc_nano.a(lib_a-nano-svfprintf.o)
                0x0000000008003ed4                __ssputs_r
 *fill*         0x0000000008003f8a        0x2 
 .text._svfprintf_r
                0x0000000008003f8c      0x200 c:/st/stm32cubeide_1.12.1/stm32cubeide/plugins/com.st.stm32cube.ide.mcu.externaltools.gnu-tools-for-stm32.10.3-2021.10.win32_1.0.200.202301161003/tools/bin/../lib/gcc/arm-none-eabi/10.3.1/../../../../arm-none-eabi/lib/thumb/v7e-m+fp/hard\libc_nano.a(lib_a-nano-svfprintf.o)
                0x0000000008003f8c                _svfiprintf_r
                0x0000000008003f8c                _svfprintf_r
 .text._printf_common
                0x000000000800418c       0xda c:/st/stm32cubeide_1.12.1/stm32cubeide/plugins/com.st.stm32cube.ide.mcu.externaltools.gnu-tools-for-stm32.10.3-2021.10.win32_1.0.200.202301161003/tools/bin/../lib/gcc/arm-none-eabi/10.3.1/../../../../arm-none-eabi/lib/thumb/v7e-m+fp/hard\libc_nano.a(lib_a-nano-vfprintf_i.o)
                0x000000000800418c                _printf_common
 *fill*         0x0000000008004266        0x2 
 .text._printf_i
                0x0000000008004268      0x24c c:/st/stm32cubeide_1.12.1/stm32cubeide/plugins/com.st.stm32cube.ide.mcu.externaltools.gnu-tools-for-stm32.10.3-2021.10.win32_1.0.200.202301161003/tools/bin/../lib/gcc/arm-none-eabi/10.3.1/../../../../arm-none-eabi/lib/thumb/v7e-m+fp/hard\libc_nano.a(lib_a-nano-vfprintf_i.o)
                0x0000000008004268                _printf_i
 .text.memcpy   0x00000000080044b4       0x1c c:/st/stm32cubeide_1.12.1/stm32cubeide/plugins/com.st.stm32cube.ide.mcu.externaltools.gnu-tools-for-stm32.10.3-2021.10.win32_1.0.200.202301161003/tools/bin/../lib/gcc/arm-none-eabi/10.3.1/../../../../arm-none-eabi/lib/thumb/v7e-m+fp/hard\libc_nano.a(lib_a-memcpy-stub.o)
                0x00000000080044b4                memcpy
 .text.memmove  0x00000000080044d0       0x34 c:/st/stm32cubeide_1.12.1/stm32cubeide/plugins/com.st.stm32cube.ide.mcu.externaltools.gnu-tools-for-stm32.10.3-2021.10.win32_1.0.200.202301161003/tools/bin/../lib/gcc/arm-none-eabi/10.3.1/../../../../arm-none-eabi/lib/thumb/v7e-m+fp/hard\libc_nano.a(lib_a-memmove.o)
                0x00000000080044d0                memmove
 .text._free_r  0x0000000008004504       0x98 c:/st/stm32cubeide_1.12.1/stm32cubeide/plugins/com.st.stm32cube.ide.mcu.externaltools.gnu-tools-for-stm32.10.3-2021.10.win32_1.0.200.202301161003/tools/bin/../lib/gcc/arm-none-eabi/10.3.1/../../../../arm-none-eabi/lib/thumb/v7e-m+fp/hard\libc_nano.a(lib_a-nano-freer.o)
                0x0000000008004504                _free_r
 .text.sbrk_aligned
                0x000000000800459c       0x40 c:/st/stm32cubeide_1.12.1/stm32cubeide/plugins/com.st.stm32cube.ide.mcu.externaltools.gnu-tools-for-stm32.10.3-2021.10.win32_1.0.200.202301161003/tools/bin/../lib/gcc/arm-none-eabi/10.3.1/../../../../arm-none-eabi/lib/thumb/v7e-m+fp/hard\libc_nano.a(lib_a-nano-mallocr.o)
 .text._malloc_r
                0x00000000080045dc       0xe8 c:/st/stm32cubeide_1.12.1/stm32cubeide/plugins/com.st.stm32cube.ide.mcu.externaltools.gnu-tools-for-stm32.10.3-2021.10.win32_1.0.200.202301161003/tools/bin/../lib/gcc/arm-none-eabi/10.3.1/../../../../arm-none-eabi/lib/thumb/v7e-m+fp/hard\libc_nano.a(lib_a-nano-mallocr.o)
                0x00000000080045dc                _malloc_r
 .text._realloc_r
                0x00000000080046c4       0x5e c:/st/stm32cubeide_1.12.1/stm32cubeide/plugins/com.st.stm32cube.ide.mcu.externaltools.gnu-tools-for-stm32.10.3-2021.10.win32_1.0.200.202301161003/tools/bin/../lib/gcc/arm-none-eabi/10.3.1/../../../../arm-none-eabi/lib/thumb/v7e-m+fp/hard\libc_nano.a(lib_a-nano-reallocr.o)
                0x00000000080046c4                _realloc_r
 *fill*         0x0000000008004722        0x2 
 .text._sbrk_r  0x0000000008004724       0x20 c:/st/stm32cubeide_1.12.1/stm32cubeide/plugins/com.st.stm32cube.ide.mcu.externaltools.gnu-tools-for-stm32.10.3-2021.10.win32_1.0.200.202301161003/tools/bin/../lib/gcc/arm-none-eabi/10.3.1/../../../../arm-none-eabi/lib/thumb/v7e-m+fp/hard\libc_nano.a(lib_a-sbrkr.o)
                0x0000000008004724                _sbrk_r
 .text.__malloc_lock
                0x0000000008004744        0xc c:/st/stm32cubeide_1.12.1/stm32cubeide/plugins/com.st.stm32cube.ide.mcu.externaltools.gnu-tools-for-stm32.10.3-2021.10.win32_1.0.200.202301161003/tools/bin/../lib/gcc/arm-none-eabi/10.3.1/../../../../arm-none-eabi/lib/thumb/v7e-m+fp/hard\libc_nano.a(lib_a-mlock.o)
                0x0000000008004744                __malloc_lock
 .text.__malloc_unlock
                0x0000000008004750        0xc c:/st/stm32cubeide_1.12.1/stm32cubeide/plugins/com.st.stm32cube.ide.mcu.externaltools.gnu-tools-for-stm32.10.3-2021.10.win32_1.0.200.202301161003/tools/bin/../lib/gcc/arm-none-eabi/10.3.1/../../../../arm-none-eabi/lib/thumb/v7e-m+fp/hard\libc_nano.a(lib_a-mlock.o)
                0x0000000008004750                __malloc_unlock
 .text._malloc_usable_size_r
                0x000000000800475c       0x10 c:/st/stm32cubeide_1.12.1/stm32cubeide/plugins/com.st.stm32cube.ide.mcu.externaltools.gnu-tools-for-stm32.10.3-2021.10.win32_1.0.200.202301161003/tools/bin/../lib/gcc/arm-none-eabi/10.3.1/../../../../arm-none-eabi/lib/thumb/v7e-m+fp/hard\libc_nano.a(lib_a-nano-msizer.o)
                0x000000000800475c                _malloc_usable_size_r
 .text.__retarget_lock_acquire_recursive
                0x000000000800476c        0x2 c:/st/stm32cubeide_1.12.1/stm32cubeide/plugins/com.st.stm32cube.ide.mcu.externaltools.gnu-tools-for-stm32.10.3-2021.10.win32_1.0.200.202301161003/tools/bin/../lib/gcc/arm-none-eabi/10.3.1/../../../../arm-none-eabi/lib/thumb/v7e-m+fp/hard\libc_nano.a(lib_a-lock.o)
                0x000000000800476c                __retarget_lock_acquire_recursive
 .text.__retarget_lock_release_recursive
                0x000000000800476e        0x2 c:/st/stm32cubeide_1.12.1/stm32cubeide/plugins/com.st.stm32cube.ide.mcu.externaltools.gnu-tools-for-stm32.10.3-2021.10.win32_1.0.200.202301161003/tools/bin/../lib/gcc/arm-none-eabi/10.3.1/../../../../arm-none-eabi/lib/thumb/v7e-m+fp/hard\libc_nano.a(lib_a-lock.o)
                0x000000000800476e                __retarget_lock_release_recursive
 *(.glue_7)
 .glue_7        0x0000000008004770        0x0 linker stubs
 *(.glue_7t)
 .glue_7t       0x0000000008004770        0x0 linker stubs
 *(.eh_frame)
 .eh_frame      0x0000000008004770        0x0 c:/st/stm32cubeide_1.12.1/stm32cubeide/plugins/com.st.stm32cube.ide.mcu.externaltools.gnu-tools-for-stm32.10.3-2021.10.win32_1.0.200.202301161003/tools/bin/../lib/gcc/arm-none-eabi/10.3.1/thumb/v7e-m+fp/hard/crtbegin.o
 *(.init)
 .init          0x0000000008004770        0x4 c:/st/stm32cubeide_1.12.1/stm32cubeide/plugins/com.st.stm32cube.ide.mcu.externaltools.gnu-tools-for-stm32.10.3-2021.10.win32_1.0.200.202301161003/tools/bin/../lib/gcc/arm-none-eabi/10.3.1/thumb/v7e-m+fp/hard/crti.o
                0x0000000008004770                _init
 .init          0x0000000008004774        0x8 c:/st/stm32cubeide_1.12.1/stm32cubeide/plugins/com.st.stm32cube.ide.mcu.externaltools.gnu-tools-for-stm32.10.3-2021.10.win32_1.0.200.202301161003/tools/bin/../lib/gcc/arm-none-eabi/10.3.1/thumb/v7e-m+fp/hard/crtn.o
 *(.fini)
 .fini          0x000000000800477c        0x4 c:/st/stm32cubeide_1.12.1/stm32cubeide/plugins/com.st.stm32cube.ide.mcu.externaltools.gnu-tools-for-stm32.10.3-2021.10.win32_1.0.200.202301161003/tools/bin/../lib/gcc/arm-none-eabi/10.3.1/thumb/v7e-m+fp/hard/crti.o
                0x000000000800477c                _fini
 .fini          0x0000000008004780        0x8 c:/st/stm32cubeide_1.12.1/stm32cubeide/plugins/com.st.stm32cube.ide.mcu.externaltools.gnu-tools-for-stm32.10.3-2021.10.win32_1.0.200.202301161003/tools/bin/../lib/gcc/arm-none-eabi/10.3.1/thumb/v7e-m+fp/hard/crtn.o
                0x0000000008004788                . = ALIGN (0x4)
                0x0000000008004788                _etext = .

.vfp11_veneer   0x0000000008004788        0x0
 .vfp11_veneer  0x0000000008004788        0x0 linker stubs

.v4_bx          0x0000000008004788        0x0
 .v4_bx         0x0000000008004788        0x0 linker stubs

.iplt           0x0000000008004788        0x0
 .iplt          0x0000000008004788        0x0 c:/st/stm32cubeide_1.12.1/stm32cubeide/plugins/com.st.stm32cube.ide.mcu.externaltools.gnu-tools-for-stm32.10.3-2021.10.win32_1.0.200.202301161003/tools/bin/../lib/gcc/arm-none-eabi/10.3.1/thumb/v7e-m+fp/hard/crtbegin.o

.rodata         0x0000000008004788      0x184
                0x0000000008004788                . = ALIGN (0x4)
 *(.rodata)
 .rodata        0x0000000008004788      0x120 ./Core/Src/main.o
 *(.rodata*)
 .rodata.AHBPrescTable
                0x00000000080048a8       0x10 ./Core/Src/system_stm32f3xx.o
                0x00000000080048a8                AHBPrescTable
 .rodata.aPLLMULFactorTable
                0x00000000080048b8       0x10 ./Drivers/STM32F3xx_HAL_Driver/Src/stm32f3xx_hal_rcc.o
 .rodata.aPredivFactorTable
                0x00000000080048c8       0x10 ./Drivers/STM32F3xx_HAL_Driver/Src/stm32f3xx_hal_rcc.o
 .rodata._svfprintf_r.str1.1
                0x00000000080048d8       0x11 c:/st/stm32cubeide_1.12.1/stm32cubeide/plugins/com.st.stm32cube.ide.mcu.externaltools.gnu-tools-for-stm32.10.3-2021.10.win32_1.0.200.202301161003/tools/bin/../lib/gcc/arm-none-eabi/10.3.1/../../../../arm-none-eabi/lib/thumb/v7e-m+fp/hard\libc_nano.a(lib_a-nano-svfprintf.o)
 .rodata._printf_i.str1.1
                0x00000000080048e9       0x22 c:/st/stm32cubeide_1.12.1/stm32cubeide/plugins/com.st.stm32cube.ide.mcu.externaltools.gnu-tools-for-stm32.10.3-2021.10.win32_1.0.200.202301161003/tools/bin/../lib/gcc/arm-none-eabi/10.3.1/../../../../arm-none-eabi/lib/thumb/v7e-m+fp/hard\libc_nano.a(lib_a-nano-vfprintf_i.o)
                0x000000000800490c                . = ALIGN (0x4)
 *fill*         0x000000000800490b        0x1 

.rel.dyn        0x000000000800490c        0x0
 .rel.iplt      0x000000000800490c        0x0 c:/st/stm32cubeide_1.12.1/stm32cubeide/plugins/com.st.stm32cube.ide.mcu.externaltools.gnu-tools-for-stm32.10.3-2021.10.win32_1.0.200.202301161003/tools/bin/../lib/gcc/arm-none-eabi/10.3.1/thumb/v7e-m+fp/hard/crtbegin.o

.ARM.extab      0x000000000800490c        0x0
                0x000000000800490c                . = ALIGN (0x4)
 *(.ARM.extab* .gnu.linkonce.armextab.*)
                0x000000000800490c                . = ALIGN (0x4)

.ARM            0x000000000800490c        0x0
                0x000000000800490c                . = ALIGN (0x4)
                0x000000000800490c                __exidx_start = .
 *(.ARM.exidx*)
                0x000000000800490c                __exidx_end = .
                0x000000000800490c                . = ALIGN (0x4)

.preinit_array  0x000000000800490c        0x0
                0x000000000800490c                . = ALIGN (0x4)
                0x000000000800490c                PROVIDE (__preinit_array_start = .)
 *(.preinit_array*)
                0x000000000800490c                PROVIDE (__preinit_array_end = .)
                0x000000000800490c                . = ALIGN (0x4)

.init_array     0x000000000800490c        0x4
                0x000000000800490c                . = ALIGN (0x4)
                0x000000000800490c                PROVIDE (__init_array_start = .)
 *(SORT_BY_NAME(.init_array.*))
 *(.init_array*)
 .init_array    0x000000000800490c        0x4 c:/st/stm32cubeide_1.12.1/stm32cubeide/plugins/com.st.stm32cube.ide.mcu.externaltools.gnu-tools-for-stm32.10.3-2021.10.win32_1.0.200.202301161003/tools/bin/../lib/gcc/arm-none-eabi/10.3.1/thumb/v7e-m+fp/hard/crtbegin.o
                0x0000000008004910                PROVIDE (__init_array_end = .)
                0x0000000008004910                . = ALIGN (0x4)

.fini_array     0x0000000008004910        0x4
                0x0000000008004910                . = ALIGN (0x4)
                [!provide]                        PROVIDE (__fini_array_start = .)
 *(SORT_BY_NAME(.fini_array.*))
 *(.fini_array*)
 .fini_array    0x0000000008004910        0x4 c:/st/stm32cubeide_1.12.1/stm32cubeide/plugins/com.st.stm32cube.ide.mcu.externaltools.gnu-tools-for-stm32.10.3-2021.10.win32_1.0.200.202301161003/tools/bin/../lib/gcc/arm-none-eabi/10.3.1/thumb/v7e-m+fp/hard/crtbegin.o
                [!provide]                        PROVIDE (__fini_array_end = .)
                0x0000000008004914                . = ALIGN (0x4)
                0x0000000008004914                _sidata = LOADADDR (.data)

.data           0x0000000020000000      0x490 load address 0x0000000008004914
                0x0000000020000000                . = ALIGN (0x4)
                0x0000000020000000                _sdata = .
 *(.data)
 *(.data*)
 .data.CH       0x0000000020000000      0x420 ./Core/Src/max_matrix_stm33.o
                0x0000000020000000                CH
 .data.SystemCoreClock
                0x0000000020000420        0x4 ./Core/Src/system_stm32f3xx.o
                0x0000000020000420                SystemCoreClock
 .data.uwTickPrio
                0x0000000020000424        0x4 ./Drivers/STM32F3xx_HAL_Driver/Src/stm32f3xx_hal.o
                0x0000000020000424                uwTickPrio
 .data.uwTickFreq
                0x0000000020000428        0x1 ./Drivers/STM32F3xx_HAL_Driver/Src/stm32f3xx_hal.o
                0x0000000020000428                uwTickFreq
 *fill*         0x0000000020000429        0x3 
 .data._impure_ptr
                0x000000002000042c        0x4 c:/st/stm32cubeide_1.12.1/stm32cubeide/plugins/com.st.stm32cube.ide.mcu.externaltools.gnu-tools-for-stm32.10.3-2021.10.win32_1.0.200.202301161003/tools/bin/../lib/gcc/arm-none-eabi/10.3.1/../../../../arm-none-eabi/lib/thumb/v7e-m+fp/hard\libc_nano.a(lib_a-impure.o)
                0x000000002000042c                _impure_ptr
 .data.impure_data
                0x0000000020000430       0x60 c:/st/stm32cubeide_1.12.1/stm32cubeide/plugins/com.st.stm32cube.ide.mcu.externaltools.gnu-tools-for-stm32.10.3-2021.10.win32_1.0.200.202301161003/tools/bin/../lib/gcc/arm-none-eabi/10.3.1/../../../../arm-none-eabi/lib/thumb/v7e-m+fp/hard\libc_nano.a(lib_a-impure.o)
 *(.RamFunc)
 *(.RamFunc*)
                0x0000000020000490                . = ALIGN (0x4)
                0x0000000020000490                _edata = .

.igot.plt       0x0000000020000490        0x0 load address 0x0000000008004da4
 .igot.plt      0x0000000020000490        0x0 c:/st/stm32cubeide_1.12.1/stm32cubeide/plugins/com.st.stm32cube.ide.mcu.externaltools.gnu-tools-for-stm32.10.3-2021.10.win32_1.0.200.202301161003/tools/bin/../lib/gcc/arm-none-eabi/10.3.1/thumb/v7e-m+fp/hard/crtbegin.o
                0x0000000020000490                . = ALIGN (0x4)

.bss            0x0000000020000490      0x12c load address 0x0000000008004da4
                0x0000000020000490                _sbss = .
                0x0000000020000490                __bss_start__ = _sbss
 *(.bss)
 .bss           0x0000000020000490       0x1c c:/st/stm32cubeide_1.12.1/stm32cubeide/plugins/com.st.stm32cube.ide.mcu.externaltools.gnu-tools-for-stm32.10.3-2021.10.win32_1.0.200.202301161003/tools/bin/../lib/gcc/arm-none-eabi/10.3.1/thumb/v7e-m+fp/hard/crtbegin.o
 *(.bss*)
 .bss.val_key   0x00000000200004ac        0x1 ./Core/Src/keypad_4x4.o
                0x00000000200004ac                val_key
 *fill*         0x00000000200004ad        0x3 
 .bss.hi2c1     0x00000000200004b0       0x54 ./Core/Src/main.o
                0x00000000200004b0                hi2c1
 .bss.buffer    0x0000000020000504       0x50 ./Core/Src/max_matrix_stm33.o
                0x0000000020000504                buffer
 .bss.buffer_row
                0x0000000020000554       0x50 ./Core/Src/max_matrix_stm33.o
                0x0000000020000554                buffer_row
 .bss.__sbrk_heap_end
                0x00000000200005a4        0x4 ./Core/Src/sysmem.o
 .bss.uwTick    0x00000000200005a8        0x4 ./Drivers/STM32F3xx_HAL_Driver/Src/stm32f3xx_hal.o
                0x00000000200005a8                uwTick
 .bss.__malloc_free_list
                0x00000000200005ac        0x4 c:/st/stm32cubeide_1.12.1/stm32cubeide/plugins/com.st.stm32cube.ide.mcu.externaltools.gnu-tools-for-stm32.10.3-2021.10.win32_1.0.200.202301161003/tools/bin/../lib/gcc/arm-none-eabi/10.3.1/../../../../arm-none-eabi/lib/thumb/v7e-m+fp/hard\libc_nano.a(lib_a-nano-mallocr.o)
                0x00000000200005ac                __malloc_free_list
 .bss.__malloc_sbrk_start
                0x00000000200005b0        0x4 c:/st/stm32cubeide_1.12.1/stm32cubeide/plugins/com.st.stm32cube.ide.mcu.externaltools.gnu-tools-for-stm32.10.3-2021.10.win32_1.0.200.202301161003/tools/bin/../lib/gcc/arm-none-eabi/10.3.1/../../../../arm-none-eabi/lib/thumb/v7e-m+fp/hard\libc_nano.a(lib_a-nano-mallocr.o)
                0x00000000200005b0                __malloc_sbrk_start
 .bss.errno     0x00000000200005b4        0x4 c:/st/stm32cubeide_1.12.1/stm32cubeide/plugins/com.st.stm32cube.ide.mcu.externaltools.gnu-tools-for-stm32.10.3-2021.10.win32_1.0.200.202301161003/tools/bin/../lib/gcc/arm-none-eabi/10.3.1/../../../../arm-none-eabi/lib/thumb/v7e-m+fp/hard\libc_nano.a(lib_a-reent.o)
                0x00000000200005b4                errno
 .bss.__lock___malloc_recursive_mutex
                0x00000000200005b8        0x1 c:/st/stm32cubeide_1.12.1/stm32cubeide/plugins/com.st.stm32cube.ide.mcu.externaltools.gnu-tools-for-stm32.10.3-2021.10.win32_1.0.200.202301161003/tools/bin/../lib/gcc/arm-none-eabi/10.3.1/../../../../arm-none-eabi/lib/thumb/v7e-m+fp/hard\libc_nano.a(lib_a-lock.o)
                0x00000000200005b8                __lock___malloc_recursive_mutex
 *(COMMON)
                0x00000000200005bc                . = ALIGN (0x4)
 *fill*         0x00000000200005b9        0x3 
                0x00000000200005bc                _ebss = .
                0x00000000200005bc                __bss_end__ = _ebss

._user_heap_stack
                0x00000000200005bc      0x604 load address 0x0000000008004da4
                0x00000000200005c0                . = ALIGN (0x8)
 *fill*         0x00000000200005bc        0x4 
                [!provide]                        PROVIDE (end = .)
                0x00000000200005c0                PROVIDE (_end = .)
                0x00000000200007c0                . = (. + _Min_Heap_Size)
 *fill*         0x00000000200005c0      0x200 
                0x0000000020000bc0                . = (. + _Min_Stack_Size)
 *fill*         0x00000000200007c0      0x400 
                0x0000000020000bc0                . = ALIGN (0x8)

/DISCARD/
 libc.a(*)
 libm.a(*)
 libgcc.a(*)

.ARM.attributes
                0x0000000000000000       0x30
 *(.ARM.attributes)
 .ARM.attributes
                0x0000000000000000       0x1e c:/st/stm32cubeide_1.12.1/stm32cubeide/plugins/com.st.stm32cube.ide.mcu.externaltools.gnu-tools-for-stm32.10.3-2021.10.win32_1.0.200.202301161003/tools/bin/../lib/gcc/arm-none-eabi/10.3.1/thumb/v7e-m+fp/hard/crti.o
 .ARM.attributes
                0x000000000000001e       0x34 c:/st/stm32cubeide_1.12.1/stm32cubeide/plugins/com.st.stm32cube.ide.mcu.externaltools.gnu-tools-for-stm32.10.3-2021.10.win32_1.0.200.202301161003/tools/bin/../lib/gcc/arm-none-eabi/10.3.1/thumb/v7e-m+fp/hard/crtbegin.o
 .ARM.attributes
                0x0000000000000052       0x34 ./Core/Src/i2c-lcd.o
 .ARM.attributes
                0x0000000000000086       0x34 ./Core/Src/keypad_4x4.o
 .ARM.attributes
                0x00000000000000ba       0x34 ./Core/Src/main.o
 .ARM.attributes
                0x00000000000000ee       0x34 ./Core/Src/max_matrix_stm33.o
 .ARM.attributes
                0x0000000000000122       0x34 ./Core/Src/stm32f3xx_hal_msp.o
 .ARM.attributes
                0x0000000000000156       0x34 ./Core/Src/stm32f3xx_it.o
 .ARM.attributes
                0x000000000000018a       0x34 ./Core/Src/sysmem.o
 .ARM.attributes
                0x00000000000001be       0x34 ./Core/Src/system_stm32f3xx.o
 .ARM.attributes
                0x00000000000001f2       0x21 ./Core/Startup/startup_stm32f302r8tx.o
 .ARM.attributes
                0x0000000000000213       0x34 ./Drivers/STM32F3xx_HAL_Driver/Src/stm32f3xx_hal.o
 .ARM.attributes
                0x0000000000000247       0x34 ./Drivers/STM32F3xx_HAL_Driver/Src/stm32f3xx_hal_cortex.o
 .ARM.attributes
                0x000000000000027b       0x34 ./Drivers/STM32F3xx_HAL_Driver/Src/stm32f3xx_hal_gpio.o
 .ARM.attributes
                0x00000000000002af       0x34 ./Drivers/STM32F3xx_HAL_Driver/Src/stm32f3xx_hal_i2c.o
 .ARM.attributes
                0x00000000000002e3       0x34 ./Drivers/STM32F3xx_HAL_Driver/Src/stm32f3xx_hal_i2c_ex.o
 .ARM.attributes
                0x0000000000000317       0x34 ./Drivers/STM32F3xx_HAL_Driver/Src/stm32f3xx_hal_rcc.o
 .ARM.attributes
                0x000000000000034b       0x34 ./Drivers/STM32F3xx_HAL_Driver/Src/stm32f3xx_hal_rcc_ex.o
 .ARM.attributes
                0x000000000000037f       0x34 c:/st/stm32cubeide_1.12.1/stm32cubeide/plugins/com.st.stm32cube.ide.mcu.externaltools.gnu-tools-for-stm32.10.3-2021.10.win32_1.0.200.202301161003/tools/bin/../lib/gcc/arm-none-eabi/10.3.1/../../../../arm-none-eabi/lib/thumb/v7e-m+fp/hard\libc_nano.a(lib_a-errno.o)
 .ARM.attributes
                0x00000000000003b3       0x34 c:/st/stm32cubeide_1.12.1/stm32cubeide/plugins/com.st.stm32cube.ide.mcu.externaltools.gnu-tools-for-stm32.10.3-2021.10.win32_1.0.200.202301161003/tools/bin/../lib/gcc/arm-none-eabi/10.3.1/../../../../arm-none-eabi/lib/thumb/v7e-m+fp/hard\libc_nano.a(lib_a-impure.o)
 .ARM.attributes
                0x00000000000003e7       0x34 c:/st/stm32cubeide_1.12.1/stm32cubeide/plugins/com.st.stm32cube.ide.mcu.externaltools.gnu-tools-for-stm32.10.3-2021.10.win32_1.0.200.202301161003/tools/bin/../lib/gcc/arm-none-eabi/10.3.1/../../../../arm-none-eabi/lib/thumb/v7e-m+fp/hard\libc_nano.a(lib_a-init.o)
 .ARM.attributes
                0x000000000000041b       0x34 c:/st/stm32cubeide_1.12.1/stm32cubeide/plugins/com.st.stm32cube.ide.mcu.externaltools.gnu-tools-for-stm32.10.3-2021.10.win32_1.0.200.202301161003/tools/bin/../lib/gcc/arm-none-eabi/10.3.1/../../../../arm-none-eabi/lib/thumb/v7e-m+fp/hard\libc_nano.a(lib_a-memset.o)
 .ARM.attributes
                0x000000000000044f       0x34 c:/st/stm32cubeide_1.12.1/stm32cubeide/plugins/com.st.stm32cube.ide.mcu.externaltools.gnu-tools-for-stm32.10.3-2021.10.win32_1.0.200.202301161003/tools/bin/../lib/gcc/arm-none-eabi/10.3.1/../../../../arm-none-eabi/lib/thumb/v7e-m+fp/hard\libc_nano.a(lib_a-sprintf.o)
 .ARM.attributes
                0x0000000000000483       0x17 c:/st/stm32cubeide_1.12.1/stm32cubeide/plugins/com.st.stm32cube.ide.mcu.externaltools.gnu-tools-for-stm32.10.3-2021.10.win32_1.0.200.202301161003/tools/bin/../lib/gcc/arm-none-eabi/10.3.1/../../../../arm-none-eabi/lib/thumb/v7e-m+fp/hard\libc_nano.a(lib_a-strlen.o)
 .ARM.attributes
                0x000000000000049a       0x34 c:/st/stm32cubeide_1.12.1/stm32cubeide/plugins/com.st.stm32cube.ide.mcu.externaltools.gnu-tools-for-stm32.10.3-2021.10.win32_1.0.200.202301161003/tools/bin/../lib/gcc/arm-none-eabi/10.3.1/../../../../arm-none-eabi/lib/thumb/v7e-m+fp/hard\libc_nano.a(lib_a-nano-svfprintf.o)
 .ARM.attributes
                0x00000000000004ce       0x34 c:/st/stm32cubeide_1.12.1/stm32cubeide/plugins/com.st.stm32cube.ide.mcu.externaltools.gnu-tools-for-stm32.10.3-2021.10.win32_1.0.200.202301161003/tools/bin/../lib/gcc/arm-none-eabi/10.3.1/../../../../arm-none-eabi/lib/thumb/v7e-m+fp/hard\libc_nano.a(lib_a-nano-vfprintf_i.o)
 .ARM.attributes
                0x0000000000000502       0x1c c:/st/stm32cubeide_1.12.1/stm32cubeide/plugins/com.st.stm32cube.ide.mcu.externaltools.gnu-tools-for-stm32.10.3-2021.10.win32_1.0.200.202301161003/tools/bin/../lib/gcc/arm-none-eabi/10.3.1/../../../../arm-none-eabi/lib/thumb/v7e-m+fp/hard\libc_nano.a(lib_a-memchr.o)
 .ARM.attributes
                0x000000000000051e       0x34 c:/st/stm32cubeide_1.12.1/stm32cubeide/plugins/com.st.stm32cube.ide.mcu.externaltools.gnu-tools-for-stm32.10.3-2021.10.win32_1.0.200.202301161003/tools/bin/../lib/gcc/arm-none-eabi/10.3.1/../../../../arm-none-eabi/lib/thumb/v7e-m+fp/hard\libc_nano.a(lib_a-memcpy-stub.o)
 .ARM.attributes
                0x0000000000000552       0x34 c:/st/stm32cubeide_1.12.1/stm32cubeide/plugins/com.st.stm32cube.ide.mcu.externaltools.gnu-tools-for-stm32.10.3-2021.10.win32_1.0.200.202301161003/tools/bin/../lib/gcc/arm-none-eabi/10.3.1/../../../../arm-none-eabi/lib/thumb/v7e-m+fp/hard\libc_nano.a(lib_a-memmove.o)
 .ARM.attributes
                0x0000000000000586       0x34 c:/st/stm32cubeide_1.12.1/stm32cubeide/plugins/com.st.stm32cube.ide.mcu.externaltools.gnu-tools-for-stm32.10.3-2021.10.win32_1.0.200.202301161003/tools/bin/../lib/gcc/arm-none-eabi/10.3.1/../../../../arm-none-eabi/lib/thumb/v7e-m+fp/hard\libc_nano.a(lib_a-nano-freer.o)
 .ARM.attributes
                0x00000000000005ba       0x34 c:/st/stm32cubeide_1.12.1/stm32cubeide/plugins/com.st.stm32cube.ide.mcu.externaltools.gnu-tools-for-stm32.10.3-2021.10.win32_1.0.200.202301161003/tools/bin/../lib/gcc/arm-none-eabi/10.3.1/../../../../arm-none-eabi/lib/thumb/v7e-m+fp/hard\libc_nano.a(lib_a-nano-mallocr.o)
 .ARM.attributes
                0x00000000000005ee       0x34 c:/st/stm32cubeide_1.12.1/stm32cubeide/plugins/com.st.stm32cube.ide.mcu.externaltools.gnu-tools-for-stm32.10.3-2021.10.win32_1.0.200.202301161003/tools/bin/../lib/gcc/arm-none-eabi/10.3.1/../../../../arm-none-eabi/lib/thumb/v7e-m+fp/hard\libc_nano.a(lib_a-nano-reallocr.o)
 .ARM.attributes
                0x0000000000000622       0x34 c:/st/stm32cubeide_1.12.1/stm32cubeide/plugins/com.st.stm32cube.ide.mcu.externaltools.gnu-tools-for-stm32.10.3-2021.10.win32_1.0.200.202301161003/tools/bin/../lib/gcc/arm-none-eabi/10.3.1/../../../../arm-none-eabi/lib/thumb/v7e-m+fp/hard\libc_nano.a(lib_a-sbrkr.o)
 .ARM.attributes
                0x0000000000000656       0x34 c:/st/stm32cubeide_1.12.1/stm32cubeide/plugins/com.st.stm32cube.ide.mcu.externaltools.gnu-tools-for-stm32.10.3-2021.10.win32_1.0.200.202301161003/tools/bin/../lib/gcc/arm-none-eabi/10.3.1/../../../../arm-none-eabi/lib/thumb/v7e-m+fp/hard\libc_nano.a(lib_a-mlock.o)
 .ARM.attributes
                0x000000000000068a       0x34 c:/st/stm32cubeide_1.12.1/stm32cubeide/plugins/com.st.stm32cube.ide.mcu.externaltools.gnu-tools-for-stm32.10.3-2021.10.win32_1.0.200.202301161003/tools/bin/../lib/gcc/arm-none-eabi/10.3.1/../../../../arm-none-eabi/lib/thumb/v7e-m+fp/hard\libc_nano.a(lib_a-nano-msizer.o)
 .ARM.attributes
                0x00000000000006be       0x34 c:/st/stm32cubeide_1.12.1/stm32cubeide/plugins/com.st.stm32cube.ide.mcu.externaltools.gnu-tools-for-stm32.10.3-2021.10.win32_1.0.200.202301161003/tools/bin/../lib/gcc/arm-none-eabi/10.3.1/../../../../arm-none-eabi/lib/thumb/v7e-m+fp/hard\libc_nano.a(lib_a-reent.o)
 .ARM.attributes
                0x00000000000006f2       0x34 c:/st/stm32cubeide_1.12.1/stm32cubeide/plugins/com.st.stm32cube.ide.mcu.externaltools.gnu-tools-for-stm32.10.3-2021.10.win32_1.0.200.202301161003/tools/bin/../lib/gcc/arm-none-eabi/10.3.1/../../../../arm-none-eabi/lib/thumb/v7e-m+fp/hard\libc_nano.a(lib_a-lock.o)
 .ARM.attributes
                0x0000000000000726       0x1e c:/st/stm32cubeide_1.12.1/stm32cubeide/plugins/com.st.stm32cube.ide.mcu.externaltools.gnu-tools-for-stm32.10.3-2021.10.win32_1.0.200.202301161003/tools/bin/../lib/gcc/arm-none-eabi/10.3.1/thumb/v7e-m+fp/hard/crtn.o
OUTPUT(Micro.Calculadora.elf elf32-littlearm)
LOAD linker stubs
LOAD c:/st/stm32cubeide_1.12.1/stm32cubeide/plugins/com.st.stm32cube.ide.mcu.externaltools.gnu-tools-for-stm32.10.3-2021.10.win32_1.0.200.202301161003/tools/bin/../lib/gcc/arm-none-eabi/10.3.1/../../../../arm-none-eabi/lib/thumb/v7e-m+fp/hard\libc.a
LOAD c:/st/stm32cubeide_1.12.1/stm32cubeide/plugins/com.st.stm32cube.ide.mcu.externaltools.gnu-tools-for-stm32.10.3-2021.10.win32_1.0.200.202301161003/tools/bin/../lib/gcc/arm-none-eabi/10.3.1/../../../../arm-none-eabi/lib/thumb/v7e-m+fp/hard\libm.a
LOAD c:/st/stm32cubeide_1.12.1/stm32cubeide/plugins/com.st.stm32cube.ide.mcu.externaltools.gnu-tools-for-stm32.10.3-2021.10.win32_1.0.200.202301161003/tools/bin/../lib/gcc/arm-none-eabi/10.3.1/thumb/v7e-m+fp/hard\libgcc.a

.debug_info     0x0000000000000000     0x914e
 .debug_info    0x0000000000000000      0x80c ./Core/Src/i2c-lcd.o
 .debug_info    0x000000000000080c      0x23f ./Core/Src/keypad_4x4.o
 .debug_info    0x0000000000000a4b      0xfe4 ./Core/Src/main.o
 .debug_info    0x0000000000001a2f      0x73b ./Core/Src/max_matrix_stm33.o
 .debug_info    0x000000000000216a      0x92a ./Core/Src/stm32f3xx_hal_msp.o
 .debug_info    0x0000000000002a94      0x122 ./Core/Src/stm32f3xx_it.o
 .debug_info    0x0000000000002bb6      0x171 ./Core/Src/sysmem.o
 .debug_info    0x0000000000002d27      0x416 ./Core/Src/system_stm32f3xx.o
 .debug_info    0x000000000000313d       0x22 ./Core/Startup/startup_stm32f302r8tx.o
 .debug_info    0x000000000000315f      0x7a7 ./Drivers/STM32F3xx_HAL_Driver/Src/stm32f3xx_hal.o
 .debug_info    0x0000000000003906      0xb4a ./Drivers/STM32F3xx_HAL_Driver/Src/stm32f3xx_hal_cortex.o
 .debug_info    0x0000000000004450      0x68a ./Drivers/STM32F3xx_HAL_Driver/Src/stm32f3xx_hal_gpio.o
 .debug_info    0x0000000000004ada     0x226b ./Drivers/STM32F3xx_HAL_Driver/Src/stm32f3xx_hal_i2c.o
 .debug_info    0x0000000000006d45      0x8ab ./Drivers/STM32F3xx_HAL_Driver/Src/stm32f3xx_hal_i2c_ex.o
 .debug_info    0x00000000000075f0     0x1585 ./Drivers/STM32F3xx_HAL_Driver/Src/stm32f3xx_hal_rcc.o
 .debug_info    0x0000000000008b75      0x5d9 ./Drivers/STM32F3xx_HAL_Driver/Src/stm32f3xx_hal_rcc_ex.o

.debug_abbrev   0x0000000000000000     0x1bf9
 .debug_abbrev  0x0000000000000000      0x1e9 ./Core/Src/i2c-lcd.o
 .debug_abbrev  0x00000000000001e9      0x123 ./Core/Src/keypad_4x4.o
 .debug_abbrev  0x000000000000030c      0x32e ./Core/Src/main.o
 .debug_abbrev  0x000000000000063a      0x1f3 ./Core/Src/max_matrix_stm33.o
 .debug_abbrev  0x000000000000082d      0x19f ./Core/Src/stm32f3xx_hal_msp.o
 .debug_abbrev  0x00000000000009cc       0x74 ./Core/Src/stm32f3xx_it.o
 .debug_abbrev  0x0000000000000a40       0xbb ./Core/Src/sysmem.o
 .debug_abbrev  0x0000000000000afb      0x116 ./Core/Src/system_stm32f3xx.o
 .debug_abbrev  0x0000000000000c11       0x12 ./Core/Startup/startup_stm32f302r8tx.o
 .debug_abbrev  0x0000000000000c23      0x20e ./Drivers/STM32F3xx_HAL_Driver/Src/stm32f3xx_hal.o
 .debug_abbrev  0x0000000000000e31      0x2ed ./Drivers/STM32F3xx_HAL_Driver/Src/stm32f3xx_hal_cortex.o
 .debug_abbrev  0x000000000000111e      0x1bb ./Drivers/STM32F3xx_HAL_Driver/Src/stm32f3xx_hal_gpio.o
 .debug_abbrev  0x00000000000012d9      0x24a ./Drivers/STM32F3xx_HAL_Driver/Src/stm32f3xx_hal_i2c.o
 .debug_abbrev  0x0000000000001523      0x1b0 ./Drivers/STM32F3xx_HAL_Driver/Src/stm32f3xx_hal_i2c_ex.o
 .debug_abbrev  0x00000000000016d3      0x2f9 ./Drivers/STM32F3xx_HAL_Driver/Src/stm32f3xx_hal_rcc.o
 .debug_abbrev  0x00000000000019cc      0x22d ./Drivers/STM32F3xx_HAL_Driver/Src/stm32f3xx_hal_rcc_ex.o

.debug_aranges  0x0000000000000000      0x818
 .debug_aranges
                0x0000000000000000       0x50 ./Core/Src/i2c-lcd.o
 .debug_aranges
                0x0000000000000050       0x20 ./Core/Src/keypad_4x4.o
 .debug_aranges
                0x0000000000000070       0x50 ./Core/Src/main.o
 .debug_aranges
                0x00000000000000c0       0x78 ./Core/Src/max_matrix_stm33.o
 .debug_aranges
                0x0000000000000138       0x30 ./Core/Src/stm32f3xx_hal_msp.o
 .debug_aranges
                0x0000000000000168       0x60 ./Core/Src/stm32f3xx_it.o
 .debug_aranges
                0x00000000000001c8       0x20 ./Core/Src/sysmem.o
 .debug_aranges
                0x00000000000001e8       0x28 ./Core/Src/system_stm32f3xx.o
 .debug_aranges
                0x0000000000000210       0x28 ./Core/Startup/startup_stm32f302r8tx.o
 .debug_aranges
                0x0000000000000238       0xe0 ./Drivers/STM32F3xx_HAL_Driver/Src/stm32f3xx_hal.o
 .debug_aranges
                0x0000000000000318      0x100 ./Drivers/STM32F3xx_HAL_Driver/Src/stm32f3xx_hal_cortex.o
 .debug_aranges
                0x0000000000000418       0x58 ./Drivers/STM32F3xx_HAL_Driver/Src/stm32f3xx_hal_gpio.o
 .debug_aranges
                0x0000000000000470      0x2a0 ./Drivers/STM32F3xx_HAL_Driver/Src/stm32f3xx_hal_i2c.o
 .debug_aranges
                0x0000000000000710       0x48 ./Drivers/STM32F3xx_HAL_Driver/Src/stm32f3xx_hal_i2c_ex.o
 .debug_aranges
                0x0000000000000758       0x88 ./Drivers/STM32F3xx_HAL_Driver/Src/stm32f3xx_hal_rcc.o
 .debug_aranges
                0x00000000000007e0       0x38 ./Drivers/STM32F3xx_HAL_Driver/Src/stm32f3xx_hal_rcc_ex.o

.debug_ranges   0x0000000000000000      0x738
 .debug_ranges  0x0000000000000000       0x40 ./Core/Src/i2c-lcd.o
 .debug_ranges  0x0000000000000040       0x10 ./Core/Src/keypad_4x4.o
 .debug_ranges  0x0000000000000050       0x58 ./Core/Src/main.o
 .debug_ranges  0x00000000000000a8       0x68 ./Core/Src/max_matrix_stm33.o
 .debug_ranges  0x0000000000000110       0x20 ./Core/Src/stm32f3xx_hal_msp.o
 .debug_ranges  0x0000000000000130       0x50 ./Core/Src/stm32f3xx_it.o
 .debug_ranges  0x0000000000000180       0x10 ./Core/Src/sysmem.o
 .debug_ranges  0x0000000000000190       0x18 ./Core/Src/system_stm32f3xx.o
 .debug_ranges  0x00000000000001a8       0x20 ./Core/Startup/startup_stm32f302r8tx.o
 .debug_ranges  0x00000000000001c8       0xd0 ./Drivers/STM32F3xx_HAL_Driver/Src/stm32f3xx_hal.o
 .debug_ranges  0x0000000000000298       0xf0 ./Drivers/STM32F3xx_HAL_Driver/Src/stm32f3xx_hal_cortex.o
 .debug_ranges  0x0000000000000388       0x48 ./Drivers/STM32F3xx_HAL_Driver/Src/stm32f3xx_hal_gpio.o
 .debug_ranges  0x00000000000003d0      0x290 ./Drivers/STM32F3xx_HAL_Driver/Src/stm32f3xx_hal_i2c.o
 .debug_ranges  0x0000000000000660       0x38 ./Drivers/STM32F3xx_HAL_Driver/Src/stm32f3xx_hal_i2c_ex.o
 .debug_ranges  0x0000000000000698       0x78 ./Drivers/STM32F3xx_HAL_Driver/Src/stm32f3xx_hal_rcc.o
 .debug_ranges  0x0000000000000710       0x28 ./Drivers/STM32F3xx_HAL_Driver/Src/stm32f3xx_hal_rcc_ex.o

.debug_macro    0x0000000000000000    0x1aebe
 .debug_macro   0x0000000000000000      0x1a7 ./Core/Src/i2c-lcd.o
 .debug_macro   0x00000000000001a7      0xa78 ./Core/Src/i2c-lcd.o
 .debug_macro   0x0000000000000c1f      0x14b ./Core/Src/i2c-lcd.o
 .debug_macro   0x0000000000000d6a       0x2e ./Core/Src/i2c-lcd.o
 .debug_macro   0x0000000000000d98       0x28 ./Core/Src/i2c-lcd.o
 .debug_macro   0x0000000000000dc0       0x22 ./Core/Src/i2c-lcd.o
 .debug_macro   0x0000000000000de2       0x8e ./Core/Src/i2c-lcd.o
 .debug_macro   0x0000000000000e70       0x51 ./Core/Src/i2c-lcd.o
 .debug_macro   0x0000000000000ec1      0x103 ./Core/Src/i2c-lcd.o
 .debug_macro   0x0000000000000fc4       0x6a ./Core/Src/i2c-lcd.o
 .debug_macro   0x000000000000102e      0x1df ./Core/Src/i2c-lcd.o
 .debug_macro   0x000000000000120d       0x1c ./Core/Src/i2c-lcd.o
 .debug_macro   0x0000000000001229       0x22 ./Core/Src/i2c-lcd.o
 .debug_macro   0x000000000000124b       0xd9 ./Core/Src/i2c-lcd.o
 .debug_macro   0x0000000000001324      0xf07 ./Core/Src/i2c-lcd.o
 .debug_macro   0x000000000000222b    0x110e8 ./Core/Src/i2c-lcd.o
 .debug_macro   0x0000000000013313       0x6d ./Core/Src/i2c-lcd.o
 .debug_macro   0x0000000000013380     0x3558 ./Core/Src/i2c-lcd.o
 .debug_macro   0x00000000000168d8      0x174 ./Core/Src/i2c-lcd.o
 .debug_macro   0x0000000000016a4c       0x55 ./Core/Src/i2c-lcd.o
 .debug_macro   0x0000000000016aa1      0x8f8 ./Core/Src/i2c-lcd.o
 .debug_macro   0x0000000000017399      0x41b ./Core/Src/i2c-lcd.o
 .debug_macro   0x00000000000177b4      0x1b5 ./Core/Src/i2c-lcd.o
 .debug_macro   0x0000000000017969      0x161 ./Core/Src/i2c-lcd.o
 .debug_macro   0x0000000000017aca      0x1d5 ./Core/Src/i2c-lcd.o
 .debug_macro   0x0000000000017c9f      0x1bc ./Core/Src/i2c-lcd.o
 .debug_macro   0x0000000000017e5b       0x34 ./Core/Src/i2c-lcd.o
 .debug_macro   0x0000000000017e8f       0x3c ./Core/Src/i2c-lcd.o
 .debug_macro   0x0000000000017ecb       0x57 ./Core/Src/i2c-lcd.o
 .debug_macro   0x0000000000017f22       0xc5 ./Core/Src/i2c-lcd.o
 .debug_macro   0x0000000000017fe7      0x19f ./Core/Src/i2c-lcd.o
 .debug_macro   0x0000000000018186      0x22c ./Core/Src/i2c-lcd.o
 .debug_macro   0x00000000000183b2       0x5b ./Core/Src/i2c-lcd.o
 .debug_macro   0x000000000001840d       0xa5 ./Core/Src/i2c-lcd.o
 .debug_macro   0x00000000000184b2       0x81 ./Core/Src/i2c-lcd.o
 .debug_macro   0x0000000000018533       0xd3 ./Core/Src/i2c-lcd.o
 .debug_macro   0x0000000000018606      0x1f7 ./Core/Src/i2c-lcd.o
 .debug_macro   0x00000000000187fd      0x1b6 ./Core/Src/keypad_4x4.o
 .debug_macro   0x00000000000189b3       0x64 ./Core/Src/keypad_4x4.o
 .debug_macro   0x0000000000018a17      0x32f ./Core/Src/main.o
 .debug_macro   0x0000000000018d46       0x22 ./Core/Src/main.o
 .debug_macro   0x0000000000018d68       0x46 ./Core/Src/main.o
 .debug_macro   0x0000000000018dae       0x52 ./Core/Src/main.o
 .debug_macro   0x0000000000018e00       0x1e ./Core/Src/main.o
 .debug_macro   0x0000000000018e1e       0x3c ./Core/Src/main.o
 .debug_macro   0x0000000000018e5a       0x34 ./Core/Src/main.o
 .debug_macro   0x0000000000018e8e       0x16 ./Core/Src/main.o
 .debug_macro   0x0000000000018ea4       0x35 ./Core/Src/main.o
 .debug_macro   0x0000000000018ed9      0x341 ./Core/Src/main.o
 .debug_macro   0x000000000001921a       0x10 ./Core/Src/main.o
 .debug_macro   0x000000000001922a       0x16 ./Core/Src/main.o
 .debug_macro   0x0000000000019240       0x43 ./Core/Src/main.o
 .debug_macro   0x0000000000019283       0x34 ./Core/Src/main.o
 .debug_macro   0x00000000000192b7       0x10 ./Core/Src/main.o
 .debug_macro   0x00000000000192c7       0x58 ./Core/Src/main.o
 .debug_macro   0x000000000001931f       0x71 ./Core/Src/main.o
 .debug_macro   0x0000000000019390       0x1c ./Core/Src/main.o
 .debug_macro   0x00000000000193ac      0x12a ./Core/Src/main.o
 .debug_macro   0x00000000000194d6       0x10 ./Core/Src/main.o
 .debug_macro   0x00000000000194e6       0x1c ./Core/Src/main.o
 .debug_macro   0x0000000000019502       0x52 ./Core/Src/main.o
 .debug_macro   0x0000000000019554       0x22 ./Core/Src/main.o
 .debug_macro   0x0000000000019576       0x10 ./Core/Src/main.o
 .debug_macro   0x0000000000019586       0x52 ./Core/Src/main.o
 .debug_macro   0x00000000000195d8       0xd5 ./Core/Src/main.o
 .debug_macro   0x00000000000196ad       0x1c ./Core/Src/main.o
 .debug_macro   0x00000000000196c9       0x3d ./Core/Src/main.o
 .debug_macro   0x0000000000019706       0x16 ./Core/Src/main.o
 .debug_macro   0x000000000001971c      0x145 ./Core/Src/main.o
 .debug_macro   0x0000000000019861      0x1be ./Core/Src/max_matrix_stm33.o
 .debug_macro   0x0000000000019a1f      0x1ac ./Core/Src/stm32f3xx_hal_msp.o
 .debug_macro   0x0000000000019bcb      0x1b6 ./Core/Src/stm32f3xx_it.o
 .debug_macro   0x0000000000019d81       0xff ./Core/Src/sysmem.o
 .debug_macro   0x0000000000019e80      0x23b ./Core/Src/sysmem.o
 .debug_macro   0x000000000001a0bb      0x19d ./Core/Src/system_stm32f3xx.o
 .debug_macro   0x000000000001a258      0x1c1 ./Drivers/STM32F3xx_HAL_Driver/Src/stm32f3xx_hal.o
 .debug_macro   0x000000000001a419      0x19d ./Drivers/STM32F3xx_HAL_Driver/Src/stm32f3xx_hal_cortex.o
 .debug_macro   0x000000000001a5b6      0x1a4 ./Drivers/STM32F3xx_HAL_Driver/Src/stm32f3xx_hal_gpio.o
 .debug_macro   0x000000000001a75a      0x269 ./Drivers/STM32F3xx_HAL_Driver/Src/stm32f3xx_hal_i2c.o
 .debug_macro   0x000000000001a9c3      0x19d ./Drivers/STM32F3xx_HAL_Driver/Src/stm32f3xx_hal_i2c_ex.o
 .debug_macro   0x000000000001ab60      0x1c1 ./Drivers/STM32F3xx_HAL_Driver/Src/stm32f3xx_hal_rcc.o
 .debug_macro   0x000000000001ad21      0x19d ./Drivers/STM32F3xx_HAL_Driver/Src/stm32f3xx_hal_rcc_ex.o

.debug_line     0x0000000000000000     0xbeb7
 .debug_line    0x0000000000000000      0x776 ./Core/Src/i2c-lcd.o
 .debug_line    0x0000000000000776      0x8ce ./Core/Src/keypad_4x4.o
 .debug_line    0x0000000000001044      0xc86 ./Core/Src/main.o
 .debug_line    0x0000000000001cca      0xad8 ./Core/Src/max_matrix_stm33.o
 .debug_line    0x00000000000027a2      0x6ca ./Core/Src/stm32f3xx_hal_msp.o
 .debug_line    0x0000000000002e6c      0x73e ./Core/Src/stm32f3xx_it.o
 .debug_line    0x00000000000035aa      0x4f4 ./Core/Src/sysmem.o
 .debug_line    0x0000000000003a9e      0x6f2 ./Core/Src/system_stm32f3xx.o
 .debug_line    0x0000000000004190       0x88 ./Core/Startup/startup_stm32f302r8tx.o
 .debug_line    0x0000000000004218      0x927 ./Drivers/STM32F3xx_HAL_Driver/Src/stm32f3xx_hal.o
 .debug_line    0x0000000000004b3f      0xb0f ./Drivers/STM32F3xx_HAL_Driver/Src/stm32f3xx_hal_cortex.o
 .debug_line    0x000000000000564e      0xa72 ./Drivers/STM32F3xx_HAL_Driver/Src/stm32f3xx_hal_gpio.o
 .debug_line    0x00000000000060c0     0x36f6 ./Drivers/STM32F3xx_HAL_Driver/Src/stm32f3xx_hal_i2c.o
 .debug_line    0x00000000000097b6      0x899 ./Drivers/STM32F3xx_HAL_Driver/Src/stm32f3xx_hal_i2c_ex.o
 .debug_line    0x000000000000a04f     0x1304 ./Drivers/STM32F3xx_HAL_Driver/Src/stm32f3xx_hal_rcc.o
 .debug_line    0x000000000000b353      0xb64 ./Drivers/STM32F3xx_HAL_Driver/Src/stm32f3xx_hal_rcc_ex.o

.debug_str      0x0000000000000000    0x99273
 .debug_str     0x0000000000000000    0x92917 ./Core/Src/i2c-lcd.o
                                      0x92c2e (size before relaxing)
 .debug_str     0x0000000000092917      0x1fc ./Core/Src/keypad_4x4.o
                                      0x92897 (size before relaxing)
 .debug_str     0x0000000000092b13     0x4368 ./Core/Src/main.o
                                      0x97132 (size before relaxing)
 .debug_str     0x0000000000096e7b       0xa6 ./Core/Src/max_matrix_stm33.o
                                      0x92add (size before relaxing)
 .debug_str     0x0000000000096f21       0x80 ./Core/Src/stm32f3xx_hal_msp.o
                                      0x92de7 (size before relaxing)
 .debug_str     0x0000000000096fa1       0xc9 ./Core/Src/stm32f3xx_it.o
                                      0x92866 (size before relaxing)
 .debug_str     0x000000000009706a      0x4da ./Core/Src/sysmem.o
                                       0x5dd0 (size before relaxing)
 .debug_str     0x0000000000097544       0xe9 ./Core/Src/system_stm32f3xx.o
                                      0x927cb (size before relaxing)
 .debug_str     0x000000000009762d       0x36 ./Core/Startup/startup_stm32f302r8tx.o
                                         0x7a (size before relaxing)
 .debug_str     0x0000000000097663      0x608 ./Drivers/STM32F3xx_HAL_Driver/Src/stm32f3xx_hal.o
                                      0x92f25 (size before relaxing)
 .debug_str     0x0000000000097c6b      0x267 ./Drivers/STM32F3xx_HAL_Driver/Src/stm32f3xx_hal_cortex.o
                                      0x92e4a (size before relaxing)
 .debug_str     0x0000000000097ed2      0x124 ./Drivers/STM32F3xx_HAL_Driver/Src/stm32f3xx_hal_gpio.o
                                      0x92941 (size before relaxing)
 .debug_str     0x0000000000097ff6      0xe48 ./Drivers/STM32F3xx_HAL_Driver/Src/stm32f3xx_hal_i2c.o
                                      0x93ace (size before relaxing)
 .debug_str     0x0000000000098e3e       0xb8 ./Drivers/STM32F3xx_HAL_Driver/Src/stm32f3xx_hal_i2c_ex.o
                                      0x92cf5 (size before relaxing)
 .debug_str     0x0000000000098ef6      0x2bf ./Drivers/STM32F3xx_HAL_Driver/Src/stm32f3xx_hal_rcc.o
                                      0x92c6b (size before relaxing)
 .debug_str     0x00000000000991b5       0xbe ./Drivers/STM32F3xx_HAL_Driver/Src/stm32f3xx_hal_rcc_ex.o
                                      0x929ef (size before relaxing)

.comment        0x0000000000000000       0x50
 .comment       0x0000000000000000       0x50 ./Core/Src/i2c-lcd.o
                                         0x51 (size before relaxing)
 .comment       0x0000000000000050       0x51 ./Core/Src/keypad_4x4.o
 .comment       0x0000000000000050       0x51 ./Core/Src/main.o
 .comment       0x0000000000000050       0x51 ./Core/Src/max_matrix_stm33.o
 .comment       0x0000000000000050       0x51 ./Core/Src/stm32f3xx_hal_msp.o
 .comment       0x0000000000000050       0x51 ./Core/Src/stm32f3xx_it.o
 .comment       0x0000000000000050       0x51 ./Core/Src/sysmem.o
 .comment       0x0000000000000050       0x51 ./Core/Src/system_stm32f3xx.o
 .comment       0x0000000000000050       0x51 ./Drivers/STM32F3xx_HAL_Driver/Src/stm32f3xx_hal.o
 .comment       0x0000000000000050       0x51 ./Drivers/STM32F3xx_HAL_Driver/Src/stm32f3xx_hal_cortex.o
 .comment       0x0000000000000050       0x51 ./Drivers/STM32F3xx_HAL_Driver/Src/stm32f3xx_hal_gpio.o
 .comment       0x0000000000000050       0x51 ./Drivers/STM32F3xx_HAL_Driver/Src/stm32f3xx_hal_i2c.o
 .comment       0x0000000000000050       0x51 ./Drivers/STM32F3xx_HAL_Driver/Src/stm32f3xx_hal_i2c_ex.o
 .comment       0x0000000000000050       0x51 ./Drivers/STM32F3xx_HAL_Driver/Src/stm32f3xx_hal_rcc.o
 .comment       0x0000000000000050       0x51 ./Drivers/STM32F3xx_HAL_Driver/Src/stm32f3xx_hal_rcc_ex.o

.debug_frame    0x0000000000000000     0x22f8
 .debug_frame   0x0000000000000000      0x104 ./Core/Src/i2c-lcd.o
 .debug_frame   0x0000000000000104       0x2c ./Core/Src/keypad_4x4.o
 .debug_frame   0x0000000000000130       0xf8 ./Core/Src/main.o
 .debug_frame   0x0000000000000228      0x1c0 ./Core/Src/max_matrix_stm33.o
 .debug_frame   0x00000000000003e8       0x7c ./Core/Src/stm32f3xx_hal_msp.o
 .debug_frame   0x0000000000000464      0x104 ./Core/Src/stm32f3xx_it.o
 .debug_frame   0x0000000000000568       0x34 ./Core/Src/sysmem.o
 .debug_frame   0x000000000000059c       0x58 ./Core/Src/system_stm32f3xx.o
 .debug_frame   0x00000000000005f4      0x334 ./Drivers/STM32F3xx_HAL_Driver/Src/stm32f3xx_hal.o
 .debug_frame   0x0000000000000928      0x428 ./Drivers/STM32F3xx_HAL_Driver/Src/stm32f3xx_hal_cortex.o
 .debug_frame   0x0000000000000d50      0x14c ./Drivers/STM32F3xx_HAL_Driver/Src/stm32f3xx_hal_gpio.o
 .debug_frame   0x0000000000000e9c      0xc38 ./Drivers/STM32F3xx_HAL_Driver/Src/stm32f3xx_hal_i2c.o
 .debug_frame   0x0000000000001ad4      0x100 ./Drivers/STM32F3xx_HAL_Driver/Src/stm32f3xx_hal_i2c_ex.o
 .debug_frame   0x0000000000001bd4      0x214 ./Drivers/STM32F3xx_HAL_Driver/Src/stm32f3xx_hal_rcc.o
 .debug_frame   0x0000000000001de8       0xb0 ./Drivers/STM32F3xx_HAL_Driver/Src/stm32f3xx_hal_rcc_ex.o
 .debug_frame   0x0000000000001e98       0x20 c:/st/stm32cubeide_1.12.1/stm32cubeide/plugins/com.st.stm32cube.ide.mcu.externaltools.gnu-tools-for-stm32.10.3-2021.10.win32_1.0.200.202301161003/tools/bin/../lib/gcc/arm-none-eabi/10.3.1/../../../../arm-none-eabi/lib/thumb/v7e-m+fp/hard\libc_nano.a(lib_a-errno.o)
 .debug_frame   0x0000000000001eb8       0x2c c:/st/stm32cubeide_1.12.1/stm32cubeide/plugins/com.st.stm32cube.ide.mcu.externaltools.gnu-tools-for-stm32.10.3-2021.10.win32_1.0.200.202301161003/tools/bin/../lib/gcc/arm-none-eabi/10.3.1/../../../../arm-none-eabi/lib/thumb/v7e-m+fp/hard\libc_nano.a(lib_a-init.o)
 .debug_frame   0x0000000000001ee4       0x20 c:/st/stm32cubeide_1.12.1/stm32cubeide/plugins/com.st.stm32cube.ide.mcu.externaltools.gnu-tools-for-stm32.10.3-2021.10.win32_1.0.200.202301161003/tools/bin/../lib/gcc/arm-none-eabi/10.3.1/../../../../arm-none-eabi/lib/thumb/v7e-m+fp/hard\libc_nano.a(lib_a-memset.o)
 .debug_frame   0x0000000000001f04       0x6c c:/st/stm32cubeide_1.12.1/stm32cubeide/plugins/com.st.stm32cube.ide.mcu.externaltools.gnu-tools-for-stm32.10.3-2021.10.win32_1.0.200.202301161003/tools/bin/../lib/gcc/arm-none-eabi/10.3.1/../../../../arm-none-eabi/lib/thumb/v7e-m+fp/hard\libc_nano.a(lib_a-sprintf.o)
 .debug_frame   0x0000000000001f70       0x90 c:/st/stm32cubeide_1.12.1/stm32cubeide/plugins/com.st.stm32cube.ide.mcu.externaltools.gnu-tools-for-stm32.10.3-2021.10.win32_1.0.200.202301161003/tools/bin/../lib/gcc/arm-none-eabi/10.3.1/../../../../arm-none-eabi/lib/thumb/v7e-m+fp/hard\libc_nano.a(lib_a-nano-svfprintf.o)
 .debug_frame   0x0000000000002000       0x60 c:/st/stm32cubeide_1.12.1/stm32cubeide/plugins/com.st.stm32cube.ide.mcu.externaltools.gnu-tools-for-stm32.10.3-2021.10.win32_1.0.200.202301161003/tools/bin/../lib/gcc/arm-none-eabi/10.3.1/../../../../arm-none-eabi/lib/thumb/v7e-m+fp/hard\libc_nano.a(lib_a-nano-vfprintf_i.o)
 .debug_frame   0x0000000000002060       0x28 c:/st/stm32cubeide_1.12.1/stm32cubeide/plugins/com.st.stm32cube.ide.mcu.externaltools.gnu-tools-for-stm32.10.3-2021.10.win32_1.0.200.202301161003/tools/bin/../lib/gcc/arm-none-eabi/10.3.1/../../../../arm-none-eabi/lib/thumb/v7e-m+fp/hard\libc_nano.a(lib_a-memcpy-stub.o)
 .debug_frame   0x0000000000002088       0x28 c:/st/stm32cubeide_1.12.1/stm32cubeide/plugins/com.st.stm32cube.ide.mcu.externaltools.gnu-tools-for-stm32.10.3-2021.10.win32_1.0.200.202301161003/tools/bin/../lib/gcc/arm-none-eabi/10.3.1/../../../../arm-none-eabi/lib/thumb/v7e-m+fp/hard\libc_nano.a(lib_a-memmove.o)
 .debug_frame   0x00000000000020b0       0x38 c:/st/stm32cubeide_1.12.1/stm32cubeide/plugins/com.st.stm32cube.ide.mcu.externaltools.gnu-tools-for-stm32.10.3-2021.10.win32_1.0.200.202301161003/tools/bin/../lib/gcc/arm-none-eabi/10.3.1/../../../../arm-none-eabi/lib/thumb/v7e-m+fp/hard\libc_nano.a(lib_a-nano-freer.o)
 .debug_frame   0x00000000000020e8       0x4c c:/st/stm32cubeide_1.12.1/stm32cubeide/plugins/com.st.stm32cube.ide.mcu.externaltools.gnu-tools-for-stm32.10.3-2021.10.win32_1.0.200.202301161003/tools/bin/../lib/gcc/arm-none-eabi/10.3.1/../../../../arm-none-eabi/lib/thumb/v7e-m+fp/hard\libc_nano.a(lib_a-nano-mallocr.o)
 .debug_frame   0x0000000000002134       0x3c c:/st/stm32cubeide_1.12.1/stm32cubeide/plugins/com.st.stm32cube.ide.mcu.externaltools.gnu-tools-for-stm32.10.3-2021.10.win32_1.0.200.202301161003/tools/bin/../lib/gcc/arm-none-eabi/10.3.1/../../../../arm-none-eabi/lib/thumb/v7e-m+fp/hard\libc_nano.a(lib_a-nano-reallocr.o)
 .debug_frame   0x0000000000002170       0x2c c:/st/stm32cubeide_1.12.1/stm32cubeide/plugins/com.st.stm32cube.ide.mcu.externaltools.gnu-tools-for-stm32.10.3-2021.10.win32_1.0.200.202301161003/tools/bin/../lib/gcc/arm-none-eabi/10.3.1/../../../../arm-none-eabi/lib/thumb/v7e-m+fp/hard\libc_nano.a(lib_a-sbrkr.o)
 .debug_frame   0x000000000000219c       0x30 c:/st/stm32cubeide_1.12.1/stm32cubeide/plugins/com.st.stm32cube.ide.mcu.externaltools.gnu-tools-for-stm32.10.3-2021.10.win32_1.0.200.202301161003/tools/bin/../lib/gcc/arm-none-eabi/10.3.1/../../../../arm-none-eabi/lib/thumb/v7e-m+fp/hard\libc_nano.a(lib_a-mlock.o)
 .debug_frame   0x00000000000021cc       0x20 c:/st/stm32cubeide_1.12.1/stm32cubeide/plugins/com.st.stm32cube.ide.mcu.externaltools.gnu-tools-for-stm32.10.3-2021.10.win32_1.0.200.202301161003/tools/bin/../lib/gcc/arm-none-eabi/10.3.1/../../../../arm-none-eabi/lib/thumb/v7e-m+fp/hard\libc_nano.a(lib_a-nano-msizer.o)
 .debug_frame   0x00000000000021ec       0x5c c:/st/stm32cubeide_1.12.1/stm32cubeide/plugins/com.st.stm32cube.ide.mcu.externaltools.gnu-tools-for-stm32.10.3-2021.10.win32_1.0.200.202301161003/tools/bin/../lib/gcc/arm-none-eabi/10.3.1/../../../../arm-none-eabi/lib/thumb/v7e-m+fp/hard\libc_nano.a(lib_a-reent.o)
 .debug_frame   0x0000000000002248       0xb0 c:/st/stm32cubeide_1.12.1/stm32cubeide/plugins/com.st.stm32cube.ide.mcu.externaltools.gnu-tools-for-stm32.10.3-2021.10.win32_1.0.200.202301161003/tools/bin/../lib/gcc/arm-none-eabi/10.3.1/../../../../arm-none-eabi/lib/thumb/v7e-m+fp/hard\libc_nano.a(lib_a-lock.o)
