../Core/Src/main.c:74:6:calcsin	16	static
../Core/Src/main.c:79:6:HAL_TIM_IC_CaptureCallback	16	static
../Core/Src/main.c:90:5:main	24	static
../Core/Src/main.c:158:6:SystemClock_Config	120	static
../Core/Src/main.c:205:13:MX_DAC_Init	24	static
../Core/Src/main.c:245:13:MX_TIM1_Init	40	static
../Core/Src/main.c:292:13:MX_TIM2_Init	56	static
../Core/Src/main.c:341:13:MX_USART2_UART_Init	8	static
../Core/Src/main.c:374:13:MX_DMA_Init	16	static
../Core/Src/main.c:392:13:MX_GPIO_Init	48	static
../Core/Src/main.c:438:6:Error_Handler	4	static,ignoring_inline_asm
