../Core/Src/main.c:85:6:delay	16	static
../Core/Src/main.c:95:6:microDelay1	16	static
../Core/Src/main.c:102:6:step	24	static
../Core/Src/main.c:122:5:main	104	static
../Core/Src/main.c:210:6:SystemClock_Config	120	static
../Core/Src/main.c:255:13:MX_TIM1_Init	40	static
../Core/Src/main.c:299:13:MX_TIM2_Init	40	static
../Core/Src/main.c:341:13:MX_USART1_UART_Init	8	static
../Core/Src/main.c:374:13:MX_USART2_UART_Init	8	static
../Core/Src/main.c:407:13:MX_GPIO_Init	48	static
../Core/Src/main.c:482:6:StartServo	16	static
../Core/Src/main.c:532:6:StartStepper	16	static
../Core/Src/main.c:568:6:StartInterrumpir	16	static
../Core/Src/main.c:594:6:HAL_TIM_PeriodElapsedCallback	16	static
../Core/Src/main.c:610:6:Error_Handler	4	static,ignoring_inline_asm
