Archive member included to satisfy reference by file (symbol)

c:/st/stm32cubeide_1.12.1/stm32cubeide/plugins/com.st.stm32cube.ide.mcu.externaltools.gnu-tools-for-stm32.10.3-2021.10.win32_1.0.200.202301161003/tools/bin/../lib/gcc/arm-none-eabi/10.3.1/../../../../arm-none-eabi/lib/thumb/v7e-m+fp/hard\libc_nano.a(lib_a-errno.o)
                              ./Core/Src/syscalls.o (__errno)
c:/st/stm32cubeide_1.12.1/stm32cubeide/plugins/com.st.stm32cube.ide.mcu.externaltools.gnu-tools-for-stm32.10.3-2021.10.win32_1.0.200.202301161003/tools/bin/../lib/gcc/arm-none-eabi/10.3.1/../../../../arm-none-eabi/lib/thumb/v7e-m+fp/hard\libc_nano.a(lib_a-exit.o)
                              c:/st/stm32cubeide_1.12.1/stm32cubeide/plugins/com.st.stm32cube.ide.mcu.externaltools.gnu-tools-for-stm32.10.3-2021.10.win32_1.0.200.202301161003/tools/bin/../lib/gcc/arm-none-eabi/10.3.1/../../../../arm-none-eabi/lib/thumb/v7e-m+fp/hard/crt0.o (exit)
c:/st/stm32cubeide_1.12.1/stm32cubeide/plugins/com.st.stm32cube.ide.mcu.externaltools.gnu-tools-for-stm32.10.3-2021.10.win32_1.0.200.202301161003/tools/bin/../lib/gcc/arm-none-eabi/10.3.1/../../../../arm-none-eabi/lib/thumb/v7e-m+fp/hard\libc_nano.a(lib_a-impure.o)
                              c:/st/stm32cubeide_1.12.1/stm32cubeide/plugins/com.st.stm32cube.ide.mcu.externaltools.gnu-tools-for-stm32.10.3-2021.10.win32_1.0.200.202301161003/tools/bin/../lib/gcc/arm-none-eabi/10.3.1/../../../../arm-none-eabi/lib/thumb/v7e-m+fp/hard\libc_nano.a(lib_a-exit.o) (_global_impure_ptr)
c:/st/stm32cubeide_1.12.1/stm32cubeide/plugins/com.st.stm32cube.ide.mcu.externaltools.gnu-tools-for-stm32.10.3-2021.10.win32_1.0.200.202301161003/tools/bin/../lib/gcc/arm-none-eabi/10.3.1/../../../../arm-none-eabi/lib/thumb/v7e-m+fp/hard\libc_nano.a(lib_a-init.o)
                              c:/st/stm32cubeide_1.12.1/stm32cubeide/plugins/com.st.stm32cube.ide.mcu.externaltools.gnu-tools-for-stm32.10.3-2021.10.win32_1.0.200.202301161003/tools/bin/../lib/gcc/arm-none-eabi/10.3.1/../../../../arm-none-eabi/lib/thumb/v7e-m+fp/hard/crt0.o (__libc_init_array)
c:/st/stm32cubeide_1.12.1/stm32cubeide/plugins/com.st.stm32cube.ide.mcu.externaltools.gnu-tools-for-stm32.10.3-2021.10.win32_1.0.200.202301161003/tools/bin/../lib/gcc/arm-none-eabi/10.3.1/../../../../arm-none-eabi/lib/thumb/v7e-m+fp/hard\libc_nano.a(lib_a-memset.o)
                              c:/st/stm32cubeide_1.12.1/stm32cubeide/plugins/com.st.stm32cube.ide.mcu.externaltools.gnu-tools-for-stm32.10.3-2021.10.win32_1.0.200.202301161003/tools/bin/../lib/gcc/arm-none-eabi/10.3.1/../../../../arm-none-eabi/lib/thumb/v7e-m+fp/hard/crt0.o (memset)
c:/st/stm32cubeide_1.12.1/stm32cubeide/plugins/com.st.stm32cube.ide.mcu.externaltools.gnu-tools-for-stm32.10.3-2021.10.win32_1.0.200.202301161003/tools/bin/../lib/gcc/arm-none-eabi/10.3.1/../../../../arm-none-eabi/lib/thumb/v7e-m+fp/hard\libm.a(lib_a-s_sin.o)
                              ./Core/Src/main.o (sin)
c:/st/stm32cubeide_1.12.1/stm32cubeide/plugins/com.st.stm32cube.ide.mcu.externaltools.gnu-tools-for-stm32.10.3-2021.10.win32_1.0.200.202301161003/tools/bin/../lib/gcc/arm-none-eabi/10.3.1/../../../../arm-none-eabi/lib/thumb/v7e-m+fp/hard\libm.a(lib_a-e_rem_pio2.o)
                              c:/st/stm32cubeide_1.12.1/stm32cubeide/plugins/com.st.stm32cube.ide.mcu.externaltools.gnu-tools-for-stm32.10.3-2021.10.win32_1.0.200.202301161003/tools/bin/../lib/gcc/arm-none-eabi/10.3.1/../../../../arm-none-eabi/lib/thumb/v7e-m+fp/hard\libm.a(lib_a-s_sin.o) (__ieee754_rem_pio2)
c:/st/stm32cubeide_1.12.1/stm32cubeide/plugins/com.st.stm32cube.ide.mcu.externaltools.gnu-tools-for-stm32.10.3-2021.10.win32_1.0.200.202301161003/tools/bin/../lib/gcc/arm-none-eabi/10.3.1/../../../../arm-none-eabi/lib/thumb/v7e-m+fp/hard\libm.a(lib_a-k_cos.o)
                              c:/st/stm32cubeide_1.12.1/stm32cubeide/plugins/com.st.stm32cube.ide.mcu.externaltools.gnu-tools-for-stm32.10.3-2021.10.win32_1.0.200.202301161003/tools/bin/../lib/gcc/arm-none-eabi/10.3.1/../../../../arm-none-eabi/lib/thumb/v7e-m+fp/hard\libm.a(lib_a-s_sin.o) (__kernel_cos)
c:/st/stm32cubeide_1.12.1/stm32cubeide/plugins/com.st.stm32cube.ide.mcu.externaltools.gnu-tools-for-stm32.10.3-2021.10.win32_1.0.200.202301161003/tools/bin/../lib/gcc/arm-none-eabi/10.3.1/../../../../arm-none-eabi/lib/thumb/v7e-m+fp/hard\libm.a(lib_a-k_rem_pio2.o)
                              c:/st/stm32cubeide_1.12.1/stm32cubeide/plugins/com.st.stm32cube.ide.mcu.externaltools.gnu-tools-for-stm32.10.3-2021.10.win32_1.0.200.202301161003/tools/bin/../lib/gcc/arm-none-eabi/10.3.1/../../../../arm-none-eabi/lib/thumb/v7e-m+fp/hard\libm.a(lib_a-e_rem_pio2.o) (__kernel_rem_pio2)
c:/st/stm32cubeide_1.12.1/stm32cubeide/plugins/com.st.stm32cube.ide.mcu.externaltools.gnu-tools-for-stm32.10.3-2021.10.win32_1.0.200.202301161003/tools/bin/../lib/gcc/arm-none-eabi/10.3.1/../../../../arm-none-eabi/lib/thumb/v7e-m+fp/hard\libm.a(lib_a-k_sin.o)
[...]
Memory Configuration

Name             Origin             Length             Attributes
RAM              0x0000000020000000 0x0000000000004000 xrw
FLASH            0x0000000008000000 0x0000000000010000 xr
*default*        0x0000000000000000 0xffffffffffffffff

Linker script and memory map

LOAD c:/st/stm32cubeide_1.12.1/stm32cubeide/plugins/com.st.stm32cube.ide.mcu.externaltools.gnu-tools-for-stm32.10.3-2021.10.win32_1.0.200.202301161003/tools/bin/../lib/gcc/arm-none-eabi/10.3.1/thumb/v7e-m+fp/hard/crti.o
LOAD c:/st/stm32cubeide_1.12.1/stm32cubeide/plugins/com.st.stm32cube.ide.mcu.externaltools.gnu-tools-for-stm32.10.3-2021.10.win32_1.0.200.202301161003/tools/bin/../lib/gcc/arm-none-eabi/10.3.1/thumb/v7e-m+fp/hard/crtbegin.o
LOAD c:/st/stm32cubeide_1.12.1/stm32cubeide/plugins/com.st.stm32cube.ide.mcu.externaltools.gnu-tools-for-stm32.10.3-2021.10.win32_1.0.200.202301161003/tools/bin/../lib/gcc/arm-none-eabi/10.3.1/../../../../arm-none-eabi/lib/thumb/v7e-m+fp/hard/crt0.o
LOAD ./Core/Src/main.o
LOAD ./Core/Src/max_matrix_stm33.o
LOAD ./Core/Src/stm32f3xx_hal_msp.o
LOAD ./Core/Src/stm32f3xx_it.o
LOAD ./Core/Src/syscalls.o
LOAD ./Core/Src/sysmem.o
LOAD ./Core/Src/system_stm32f3xx.o
LOAD ./Core/Startup/startup_stm32f302r8tx.o
LOAD ./Drivers/STM32F3xx_HAL_Driver/Src/stm32f3xx_hal.o
LOAD ./Drivers/STM32F3xx_HAL_Driver/Src/stm32f3xx_hal_cortex.o
LOAD ./Drivers/STM32F3xx_HAL_Driver/Src/stm32f3xx_hal_dac.o
LOAD ./Drivers/STM32F3xx_HAL_Driver/Src/stm32f3xx_hal_dac_ex.o
LOAD ./Drivers/STM32F3xx_HAL_Driver/Src/stm32f3xx_hal_dma.o
LOAD ./Drivers/STM32F3xx_HAL_Driver/Src/stm32f3xx_hal_exti.o
LOAD ./Drivers/STM32F3xx_HAL_Driver/Src/stm32f3xx_hal_flash.o
LOAD ./Drivers/STM32F3xx_HAL_Driver/Src/stm32f3xx_hal_flash_ex.o
LOAD ./Drivers/STM32F3xx_HAL_Driver/Src/stm32f3xx_hal_gpio.o
LOAD ./Drivers/STM32F3xx_HAL_Driver/Src/stm32f3xx_hal_i2c.o
LOAD ./Drivers/STM32F3xx_HAL_Driver/Src/stm32f3xx_hal_i2c_ex.o
LOAD ./Drivers/STM32F3xx_HAL_Driver/Src/stm32f3xx_hal_pwr.o
LOAD ./Drivers/STM32F3xx_HAL_Driver/Src/stm32f3xx_hal_pwr_ex.o
LOAD ./Drivers/STM32F3xx_HAL_Driver/Src/stm32f3xx_hal_rcc.o
LOAD ./Drivers/STM32F3xx_HAL_Driver/Src/stm32f3xx_hal_rcc_ex.o
LOAD ./Drivers/STM32F3xx_HAL_Driver/Src/stm32f3xx_hal_tim.o
LOAD ./Drivers/STM32F3xx_HAL_Driver/Src/stm32f3xx_hal_tim_ex.o
LOAD ./Drivers/STM32F3xx_HAL_Driver/Src/stm32f3xx_hal_uart.o
LOAD ./Drivers/STM32F3xx_HAL_Driver/Src/stm32f3xx_hal_uart_ex.o
START GROUP
LOAD c:/st/stm32cubeide_1.12.1/stm32cubeide/plugins/com.st.stm32cube.ide.mcu.externaltools.gnu-tools-for-stm32.10.3-2021.10.win32_1.0.200.202301161003/tools/bin/../lib/gcc/arm-none-eabi/10.3.1/../../../../arm-none-eabi/lib/thumb/v7e-m+fp/hard\libc_nano.a
LOAD c:/st/stm32cubeide_1.12.1/stm32cubeide/plugins/com.st.stm32cube.ide.mcu.externaltools.gnu-tools-for-stm32.10.3-2021.10.win32_1.0.200.202301161003/tools/bin/../lib/gcc/arm-none-eabi/10.3.1/../../../../arm-none-eabi/lib/thumb/v7e-m+fp/hard\libm.a
END GROUP
START GROUP
LOAD c:/st/stm32cubeide_1.12.1/stm32cubeide/plugins/com.st.stm32cube.ide.mcu.externaltools.gnu-tools-for-stm32.10.3-2021.10.win32_1.0.200.202301161003/tools/bin/../lib/gcc/arm-none-eabi/10.3.1/thumb/v7e-m+fp/hard\libgcc.a
LOAD c:/st/stm32cubeide_1.12.1/stm32cubeide/plugins/com.st.stm32cube.ide.mcu.externaltools.gnu-tools-for-stm32.10.3-2021.10.win32_1.0.200.202301161003/tools/bin/../lib/gcc/arm-none-eabi/10.3.1/../../../../arm-none-eabi/lib/thumb/v7e-m+fp/hard\libc_nano.a
END GROUP
START GROUP
LOAD c:/st/stm32cubeide_1.12.1/stm32cubeide/plugins/com.st.stm32cube.ide.mcu.externaltools.gnu-tools-for-stm32.10.3-2021.10.win32_1.0.200.202301161003/tools/bin/../lib/gcc/arm-none-eabi/10.3.1/thumb/v7e-m+fp/hard\libgcc.a
LOAD c:/st/stm32cubeide_1.12.1/stm32cubeide/plugins/com.st.stm32cube.ide.mcu.externaltools.gnu-tools-for-stm32.10.3-2021.10.win32_1.0.200.202301161003/tools/bin/../lib/gcc/arm-none-eabi/10.3.1/../../../../arm-none-eabi/lib/thumb/v7e-m+fp/hard\libc_nano.a
LOAD c:/st/stm32cubeide_1.12.1/stm32cubeide/plugins/com.st.stm32cube.ide.mcu.externaltools.gnu-tools-for-stm32.10.3-2021.10.win32_1.0.200.202301161003/tools/bin/../lib/gcc/arm-none-eabi/10.3.1/../../../../arm-none-eabi/lib/thumb/v7e-m+fp/hard\libnosys.a
END GROUP
START GROUP
LOAD c:/st/stm32cubeide_1.12.1/stm32cubeide/plugins/com.st.stm32cube.ide.mcu.externaltools.gnu-tools-for-stm32.10.3-2021.10.win32_1.0.200.202301161003/tools/bin/../lib/gcc/arm-none-eabi/10.3.1/thumb/v7e-m+fp/hard\libgcc.a
LOAD c:/st/stm32cubeide_1.12.1/stm32cubeide/plugins/com.st.stm32cube.ide.mcu.externaltools.gnu-tools-for-stm32.10.3-2021.10.win32_1.0.200.202301161003/tools/bin/../lib/gcc/arm-none-eabi/10.3.1/../../../../arm-none-eabi/lib/thumb/v7e-m+fp/hard\libc_nano.a
LOAD c:/st/stm32cubeide_1.12.1/stm32cubeide/plugins/com.st.stm32cube.ide.mcu.externaltools.gnu-tools-for-stm32.10.3-2021.10.win32_1.0.200.202301161003/tools/bin/../lib/gcc/arm-none-eabi/10.3.1/../../../../arm-none-eabi/lib/thumb/v7e-m+fp/hard\libnosys.a
END GROUP
LOAD c:/st/stm32cubeide_1.12.1/stm32cubeide/plugins/com.st.stm32cube.ide.mcu.externaltools.gnu-tools-for-stm32.10.3-2021.10.win32_1.0.200.202301161003/tools/bin/../lib/gcc/arm-none-eabi/10.3.1/thumb/v7e-m+fp/hard/crtend.o
LOAD c:/st/stm32cubeide_1.12.1/stm32cubeide/plugins/com.st.stm32cube.ide.mcu.externaltools.gnu-tools-for-stm32.10.3-2021.10.win32_1.0.200.202301161003/tools/bin/../lib/gcc/arm-none-eabi/10.3.1/thumb/v7e-m+fp/hard/crtn.o
                0x0000000020004000                _estack = (ORIGIN (RAM) + LENGTH (RAM))
                0x0000000000000200                _Min_Heap_Size = 0x200
                0x0000000000000400                _Min_Stack_Size = 0x400

.isr_vector     0x0000000008000000      0x188
                0x0000000008000000                . = ALIGN (0x4)
 *(.isr_vector)
 .isr_vector    0x0000000008000000      0x188 ./Core/Startup/startup_stm32f302r8tx.o
                0x0000000008000000                g_pfnVectors
                0x0000000008000188                . = ALIGN (0x4)

.text           0x0000000008000188     0x5cf4
                0x0000000008000188                . = ALIGN (0x4)
 *(.text)
 .text          0x0000000008000188       0x40 c:/st/stm32cubeide_1.12.1/stm32cubeide/plugins/com.st.stm32cube.ide.mcu.externaltools.gnu-tools-for-stm32.10.3-2021.10.win32_1.0.200.202301161003/tools/bin/../lib/gcc/arm-none-eabi/10.3.1/thumb/v7e-m+fp/hard/crtbegin.o
 .text          0x00000000080001c8      0x378 c:/st/stm32cubeide_1.12.1/stm32cubeide/plugins/com.st.stm32cube.ide.mcu.externaltools.gnu-tools-for-stm32.10.3-2021.10.win32_1.0.200.202301161003/tools/bin/../lib/gcc/arm-none-eabi/10.3.1/thumb/v7e-m+fp/hard\libgcc.a(_arm_addsubdf3.o)
                0x00000000080001c8                __aeabi_drsub
                0x00000000080001d0                __aeabi_dsub
                0x00000000080001d0                __subdf3
                0x00000000080001d4                __aeabi_dadd
                0x00000000080001d4                __adddf3
                0x000000000800044c                __floatunsidf
                0x000000000800044c                __aeabi_ui2d
                0x000000000800046c                __floatsidf
                0x000000000800046c                __aeabi_i2d
                0x0000000008000490                __aeabi_f2d
                0x0000000008000490                __extendsfdf2
                0x00000000080004d4                __floatundidf
                0x00000000080004d4                __aeabi_ul2d
                0x00000000080004e4                __floatdidf
                0x00000000080004e4                __aeabi_l2d
 .text          0x0000000008000540      0x424 c:/st/stm32cubeide_1.12.1/stm32cubeide/plugins/com.st.stm32cube.ide.mcu.externaltools.gnu-tools-for-stm32.10.3-2021.10.win32_1.0.200.202301161003/tools/bin/../lib/gcc/arm-none-eabi/10.3.1/thumb/v7e-m+fp/hard\libgcc.a(_arm_muldivdf3.o)
                0x0000000008000540                __aeabi_dmul
                0x0000000008000540                __muldf3
                0x0000000008000794                __divdf3
                0x0000000008000794                __aeabi_ddiv
 .text          0x0000000008000964      0x110 c:/st/stm32cubeide_1.12.1/stm32cubeide/plugins/com.st.stm32cube.ide.mcu.externaltools.gnu-tools-for-stm32.10.3-2021.10.win32_1.0.200.202301161003/tools/bin/../lib/gcc/arm-none-eabi/10.3.1/thumb/v7e-m+fp/hard\libgcc.a(_arm_cmpdf2.o)
                0x0000000008000964                __gtdf2
                0x0000000008000964                __gedf2
                0x000000000800096c                __ltdf2
                0x000000000800096c                __ledf2
                0x0000000008000974                __nedf2
                0x0000000008000974                __eqdf2
                0x0000000008000974                __cmpdf2
                0x00000000080009f0                __aeabi_cdrcmple
                0x0000000008000a00                __aeabi_cdcmpeq
                0x0000000008000a00                __aeabi_cdcmple
                0x0000000008000a10                __aeabi_dcmpeq
                0x0000000008000a24                __aeabi_dcmplt
                0x0000000008000a38                __aeabi_dcmple
                0x0000000008000a4c                __aeabi_dcmpge
                0x0000000008000a60                __aeabi_dcmpgt
 .text          0x0000000008000a74       0x50 c:/st/stm32cubeide_1.12.1/stm32cubeide/plugins/com.st.stm32cube.ide.mcu.externaltools.gnu-tools-for-stm32.10.3-2021.10.win32_1.0.200.202301161003/tools/bin/../lib/gcc/arm-none-eabi/10.3.1/thumb/v7e-m+fp/hard\libgcc.a(_arm_fixdfsi.o)
                0x0000000008000a74                __aeabi_d2iz
                0x0000000008000a74                __fixdfsi
 .text          0x0000000008000ac4       0x40 c:/st/stm32cubeide_1.12.1/stm32cubeide/plugins/com.st.stm32cube.ide.mcu.externaltools.gnu-tools-for-stm32.10.3-2021.10.win32_1.0.200.202301161003/tools/bin/../lib/gcc/arm-none-eabi/10.3.1/thumb/v7e-m+fp/hard\libgcc.a(_arm_fixunsdfsi.o)
                0x0000000008000ac4                __aeabi_d2uiz
                0x0000000008000ac4                __fixunsdfsi
 *(.text*)
 *fill*         0x0000000008000b04        0x4 
 .text.calcsin  0x0000000008000b08       0xb0 ./Core/Src/main.o
                0x0000000008000b08                calcsin
 .text.HAL_TIM_IC_CaptureCallback
                0x0000000008000bb8       0x24 ./Core/Src/main.o
                0x0000000008000bb8                HAL_TIM_IC_CaptureCallback
 .text.main     0x0000000008000bdc       0xb4 ./Core/Src/main.o
                0x0000000008000bdc                main
 .text.SystemClock_Config
                0x0000000008000c90       0xb6 ./Core/Src/main.o
                0x0000000008000c90                SystemClock_Config
 *fill*         0x0000000008000d46        0x2 
 .text.MX_DAC_Init
                0x0000000008000d48       0x54 ./Core/Src/main.o
 .text.MX_TIM1_Init
                0x0000000008000d9c       0xa4 ./Core/Src/main.o
 .text.MX_TIM2_Init
                0x0000000008000e40       0xa8 ./Core/Src/main.o
 .text.MX_USART2_UART_Init
                0x0000000008000ee8       0x60 ./Core/Src/main.o
 .text.MX_DMA_Init
                0x0000000008000f48       0x3c ./Core/Src/main.o
 .text.MX_GPIO_Init
                0x0000000008000f84       0xe8 ./Core/Src/main.o
 .text.Error_Handler
                0x000000000800106c        0xa ./Core/Src/main.o
                0x000000000800106c                Error_Handler
 *fill*         0x0000000008001076        0x2 
 .text.write_byte
                0x0000000008001078       0x5c ./Core/Src/max_matrix_stm33.o
                0x0000000008001078                write_byte
 .text.write_max_cmd
                0x00000000080010d4       0x64 ./Core/Src/max_matrix_stm33.o
                0x00000000080010d4                write_max_cmd
 .text.setled   0x0000000008001138       0xdc ./Core/Src/max_matrix_stm33.o
                0x0000000008001138                setled
 .text.setrow   0x0000000008001214       0xa0 ./Core/Src/max_matrix_stm33.o
                0x0000000008001214                setrow
 .text.max_clear
                0x00000000080012b4       0x5c ./Core/Src/max_matrix_stm33.o
                0x00000000080012b4                max_clear
 .text.max_init
                0x0000000008001310       0x40 ./Core/Src/max_matrix_stm33.o
                0x0000000008001310                max_init
 .text.HAL_MspInit
                0x0000000008001350       0x48 ./Core/Src/stm32f3xx_hal_msp.o
                0x0000000008001350                HAL_MspInit
 .text.HAL_DAC_MspInit
                0x0000000008001398       0xe4 ./Core/Src/stm32f3xx_hal_msp.o
                0x0000000008001398                HAL_DAC_MspInit
 .text.HAL_TIM_Base_MspInit
                0x000000000800147c       0x40 ./Core/Src/stm32f3xx_hal_msp.o
                0x000000000800147c                HAL_TIM_Base_MspInit
 .text.HAL_TIM_Encoder_MspInit
                0x00000000080014bc       0x90 ./Core/Src/stm32f3xx_hal_msp.o
                0x00000000080014bc                HAL_TIM_Encoder_MspInit
 .text.HAL_UART_MspInit
                0x000000000800154c       0x84 ./Core/Src/stm32f3xx_hal_msp.o
                0x000000000800154c                HAL_UART_MspInit
 .text.NMI_Handler
                0x00000000080015d0        0x6 ./Core/Src/stm32f3xx_it.o
                0x00000000080015d0                NMI_Handler
 .text.HardFault_Handler
                0x00000000080015d6        0x6 ./Core/Src/stm32f3xx_it.o
                0x00000000080015d6                HardFault_Handler
 .text.MemManage_Handler
                0x00000000080015dc        0x6 ./Core/Src/stm32f3xx_it.o
                0x00000000080015dc                MemManage_Handler
 .text.BusFault_Handler
                0x00000000080015e2        0x6 ./Core/Src/stm32f3xx_it.o
                0x00000000080015e2                BusFault_Handler
 .text.UsageFault_Handler
                0x00000000080015e8        0x6 ./Core/Src/stm32f3xx_it.o
                0x00000000080015e8                UsageFault_Handler
 .text.SVC_Handler
                0x00000000080015ee        0xe ./Core/Src/stm32f3xx_it.o
                0x00000000080015ee                SVC_Handler
 .text.DebugMon_Handler
                0x00000000080015fc        0xe ./Core/Src/stm32f3xx_it.o
                0x00000000080015fc                DebugMon_Handler
 .text.PendSV_Handler
                0x000000000800160a        0xe ./Core/Src/stm32f3xx_it.o
                0x000000000800160a                PendSV_Handler
 .text.SysTick_Handler
                0x0000000008001618        0xc ./Core/Src/stm32f3xx_it.o
                0x0000000008001618                SysTick_Handler
 .text.DMA1_Channel3_IRQHandler
                0x0000000008001624       0x14 ./Core/Src/stm32f3xx_it.o
                0x0000000008001624                DMA1_Channel3_IRQHandler
 .text.TIM2_IRQHandler
                0x0000000008001638       0x14 ./Core/Src/stm32f3xx_it.o
                0x0000000008001638                TIM2_IRQHandler
 .text.SystemInit
                0x000000000800164c       0x24 ./Core/Src/system_stm32f3xx.o
                0x000000000800164c                SystemInit
 .text.Reset_Handler
                0x0000000008001670       0x50 ./Core/Startup/startup_stm32f302r8tx.o
                0x0000000008001670                Reset_Handler
 .text.Default_Handler
                0x00000000080016c0        0x2 ./Core/Startup/startup_stm32f302r8tx.o
                0x00000000080016c0                RTC_Alarm_IRQHandler
                0x00000000080016c0                TIM1_CC_IRQHandler
                0x00000000080016c0                USB_HP_IRQHandler
                0x00000000080016c0                PVD_IRQHandler
                0x00000000080016c0                TAMP_STAMP_IRQHandler
                0x00000000080016c0                EXTI3_IRQHandler
                0x00000000080016c0                I2C3_ER_IRQHandler
                0x00000000080016c0                USB_HP_CAN_TX_IRQHandler
                0x00000000080016c0                EXTI0_IRQHandler
                0x00000000080016c0                I2C2_EV_IRQHandler
                0x00000000080016c0                FPU_IRQHandler
                0x00000000080016c0                TIM1_UP_TIM16_IRQHandler
                0x00000000080016c0                CAN_SCE_IRQHandler
                0x00000000080016c0                TIM6_DAC_IRQHandler
                0x00000000080016c0                DMA1_Channel4_IRQHandler
                0x00000000080016c0                ADC1_IRQHandler
                0x00000000080016c0                USART3_IRQHandler
                0x00000000080016c0                DMA1_Channel7_IRQHandler
                0x00000000080016c0                CAN_RX1_IRQHandler
                0x00000000080016c0                I2C1_EV_IRQHandler
                0x00000000080016c0                DMA1_Channel6_IRQHandler
                0x00000000080016c0                RCC_IRQHandler
                0x00000000080016c0                DMA1_Channel1_IRQHandler
                0x00000000080016c0                Default_Handler
                0x00000000080016c0                USBWakeUp_RMP_IRQHandler
                0x00000000080016c0                EXTI15_10_IRQHandler
                0x00000000080016c0                COMP2_IRQHandler
                0x00000000080016c0                I2C3_EV_IRQHandler
                0x00000000080016c0                EXTI9_5_IRQHandler
                0x00000000080016c0                RTC_WKUP_IRQHandler
                0x00000000080016c0                SPI2_IRQHandler
                0x00000000080016c0                USB_LP_CAN_RX0_IRQHandler
                0x00000000080016c0                DMA1_Channel5_IRQHandler
                0x00000000080016c0                USB_LP_IRQHandler
                0x00000000080016c0                EXTI4_IRQHandler
                0x00000000080016c0                TIM1_TRG_COM_TIM17_IRQHandler
                0x00000000080016c0                WWDG_IRQHandler
                0x00000000080016c0                EXTI1_IRQHandler
                0x00000000080016c0                COMP4_6_IRQHandler
                0x00000000080016c0                USART2_IRQHandler
                0x00000000080016c0                I2C2_ER_IRQHandler
                0x00000000080016c0                DMA1_Channel2_IRQHandler
                0x00000000080016c0                FLASH_IRQHandler
                0x00000000080016c0                USART1_IRQHandler
                0x00000000080016c0                SPI3_IRQHandler
                0x00000000080016c0                I2C1_ER_IRQHandler
                0x00000000080016c0                USBWakeUp_IRQHandler
                0x00000000080016c0                EXTI2_TSC_IRQHandler
                0x00000000080016c0                TIM1_BRK_TIM15_IRQHandler
 *fill*         0x00000000080016c2        0x2 
 .text.HAL_Init
                0x00000000080016c4       0x2c ./Drivers/STM32F3xx_HAL_Driver/Src/stm32f3xx_hal.o
                0x00000000080016c4                HAL_Init
 .text.HAL_InitTick
                0x00000000080016f0       0x60 ./Drivers/STM32F3xx_HAL_Driver/Src/stm32f3xx_hal.o
                0x00000000080016f0                HAL_InitTick
 .text.HAL_IncTick
                0x0000000008001750       0x28 ./Drivers/STM32F3xx_HAL_Driver/Src/stm32f3xx_hal.o
                0x0000000008001750                HAL_IncTick
 .text.HAL_GetTick
                0x0000000008001778       0x18 ./Drivers/STM32F3xx_HAL_Driver/Src/stm32f3xx_hal.o
                0x0000000008001778                HAL_GetTick
 .text.HAL_Delay
                0x0000000008001790       0x48 ./Drivers/STM32F3xx_HAL_Driver/Src/stm32f3xx_hal.o
                0x0000000008001790                HAL_Delay
 .text.__NVIC_SetPriorityGrouping
                0x00000000080017d8       0x48 ./Drivers/STM32F3xx_HAL_Driver/Src/stm32f3xx_hal_cortex.o
 .text.__NVIC_GetPriorityGrouping
                0x0000000008001820       0x1c ./Drivers/STM32F3xx_HAL_Driver/Src/stm32f3xx_hal_cortex.o
 .text.__NVIC_EnableIRQ
                0x000000000800183c       0x3c ./Drivers/STM32F3xx_HAL_Driver/Src/stm32f3xx_hal_cortex.o
 .text.__NVIC_SetPriority
                0x0000000008001878       0x54 ./Drivers/STM32F3xx_HAL_Driver/Src/stm32f3xx_hal_cortex.o
 .text.NVIC_EncodePriority
                0x00000000080018cc       0x66 ./Drivers/STM32F3xx_HAL_Driver/Src/stm32f3xx_hal_cortex.o
 *fill*         0x0000000008001932        0x2 
 .text.SysTick_Config
                0x0000000008001934       0x44 ./Drivers/STM32F3xx_HAL_Driver/Src/stm32f3xx_hal_cortex.o
 .text.HAL_NVIC_SetPriorityGrouping
                0x0000000008001978       0x16 ./Drivers/STM32F3xx_HAL_Driver/Src/stm32f3xx_hal_cortex.o
                0x0000000008001978                HAL_NVIC_SetPriorityGrouping
 .text.HAL_NVIC_SetPriority
                0x000000000800198e       0x38 ./Drivers/STM32F3xx_HAL_Driver/Src/stm32f3xx_hal_cortex.o
                0x000000000800198e                HAL_NVIC_SetPriority
 .text.HAL_NVIC_EnableIRQ
                0x00000000080019c6       0x1c ./Drivers/STM32F3xx_HAL_Driver/Src/stm32f3xx_hal_cortex.o
                0x00000000080019c6                HAL_NVIC_EnableIRQ
 .text.HAL_SYSTICK_Config
                0x00000000080019e2       0x18 ./Drivers/STM32F3xx_HAL_Driver/Src/stm32f3xx_hal_cortex.o
                0x00000000080019e2                HAL_SYSTICK_Config
 .text.HAL_DAC_Init
                0x00000000080019fa       0x44 ./Drivers/STM32F3xx_HAL_Driver/Src/stm32f3xx_hal_dac.o
                0x00000000080019fa                HAL_DAC_Init
 .text.HAL_DAC_ConvCpltCallbackCh1
                0x0000000008001a3e       0x14 ./Drivers/STM32F3xx_HAL_Driver/Src/stm32f3xx_hal_dac.o
                0x0000000008001a3e                HAL_DAC_ConvCpltCallbackCh1
 .text.HAL_DAC_ConvHalfCpltCallbackCh1
                0x0000000008001a52       0x14 ./Drivers/STM32F3xx_HAL_Driver/Src/stm32f3xx_hal_dac.o
                0x0000000008001a52                HAL_DAC_ConvHalfCpltCallbackCh1
 .text.HAL_DAC_ErrorCallbackCh1
                0x0000000008001a66       0x14 ./Drivers/STM32F3xx_HAL_Driver/Src/stm32f3xx_hal_dac.o
                0x0000000008001a66                HAL_DAC_ErrorCallbackCh1
 *fill*         0x0000000008001a7a        0x2 
 .text.HAL_DAC_Start_DMA
                0x0000000008001a7c       0xdc ./Drivers/STM32F3xx_HAL_Driver/Src/stm32f3xx_hal_dac_ex.o
                0x0000000008001a7c                HAL_DAC_Start_DMA
 .text.HAL_DAC_ConfigChannel
                0x0000000008001b58       0x9a ./Drivers/STM32F3xx_HAL_Driver/Src/stm32f3xx_hal_dac_ex.o
                0x0000000008001b58                HAL_DAC_ConfigChannel
 .text.DAC_DMAConvCpltCh1
                0x0000000008001bf2       0x22 ./Drivers/STM32F3xx_HAL_Driver/Src/stm32f3xx_hal_dac_ex.o
 .text.DAC_DMAHalfConvCpltCh1
                0x0000000008001c14       0x1c ./Drivers/STM32F3xx_HAL_Driver/Src/stm32f3xx_hal_dac_ex.o
 .text.DAC_DMAErrorCh1
                0x0000000008001c30       0x2e ./Drivers/STM32F3xx_HAL_Driver/Src/stm32f3xx_hal_dac_ex.o
 .text.HAL_DMA_Init
                0x0000000008001c5e       0x8e ./Drivers/STM32F3xx_HAL_Driver/Src/stm32f3xx_hal_dma.o
                0x0000000008001c5e                HAL_DMA_Init
 .text.HAL_DMA_Start_IT
                0x0000000008001cec       0xbe ./Drivers/STM32F3xx_HAL_Driver/Src/stm32f3xx_hal_dma.o
                0x0000000008001cec                HAL_DMA_Start_IT
 .text.HAL_DMA_IRQHandler
                0x0000000008001daa      0x146 ./Drivers/STM32F3xx_HAL_Driver/Src/stm32f3xx_hal_dma.o
                0x0000000008001daa                HAL_DMA_IRQHandler
 .text.DMA_SetConfig
                0x0000000008001ef0       0x5c ./Drivers/STM32F3xx_HAL_Driver/Src/stm32f3xx_hal_dma.o
 .text.DMA_CalcBaseAndBitshift
                0x0000000008001f4c       0x40 ./Drivers/STM32F3xx_HAL_Driver/Src/stm32f3xx_hal_dma.o
 .text.HAL_GPIO_Init
                0x0000000008001f8c      0x2e4 ./Drivers/STM32F3xx_HAL_Driver/Src/stm32f3xx_hal_gpio.o
                0x0000000008001f8c                HAL_GPIO_Init
 .text.HAL_GPIO_ReadPin
                0x0000000008002270       0x30 ./Drivers/STM32F3xx_HAL_Driver/Src/stm32f3xx_hal_gpio.o
                0x0000000008002270                HAL_GPIO_ReadPin
 .text.HAL_GPIO_WritePin
                0x00000000080022a0       0x30 ./Drivers/STM32F3xx_HAL_Driver/Src/stm32f3xx_hal_gpio.o
                0x00000000080022a0                HAL_GPIO_WritePin
 .text.HAL_GPIO_TogglePin
                0x00000000080022d0       0x34 ./Drivers/STM32F3xx_HAL_Driver/Src/stm32f3xx_hal_gpio.o
                0x00000000080022d0                HAL_GPIO_TogglePin
 .text.HAL_RCC_OscConfig
                0x0000000008002304     0x107c ./Drivers/STM32F3xx_HAL_Driver/Src/stm32f3xx_hal_rcc.o
                0x0000000008002304                HAL_RCC_OscConfig
 .text.HAL_RCC_ClockConfig
                0x0000000008003380      0x2f8 ./Drivers/STM32F3xx_HAL_Driver/Src/stm32f3xx_hal_rcc.o
                0x0000000008003380                HAL_RCC_ClockConfig
 .text.HAL_RCC_GetSysClockFreq
                0x0000000008003678       0xd4 ./Drivers/STM32F3xx_HAL_Driver/Src/stm32f3xx_hal_rcc.o
                0x0000000008003678                HAL_RCC_GetSysClockFreq
 .text.HAL_RCC_GetHCLKFreq
                0x000000000800374c       0x18 ./Drivers/STM32F3xx_HAL_Driver/Src/stm32f3xx_hal_rcc.o
                0x000000000800374c                HAL_RCC_GetHCLKFreq
 .text.HAL_RCC_GetPCLK1Freq
                0x0000000008003764       0x44 ./Drivers/STM32F3xx_HAL_Driver/Src/stm32f3xx_hal_rcc.o
                0x0000000008003764                HAL_RCC_GetPCLK1Freq
 .text.HAL_RCC_GetPCLK2Freq
                0x00000000080037a8       0x44 ./Drivers/STM32F3xx_HAL_Driver/Src/stm32f3xx_hal_rcc.o
                0x00000000080037a8                HAL_RCC_GetPCLK2Freq
 .text.HAL_RCCEx_PeriphCLKConfig
                0x00000000080037ec      0x324 ./Drivers/STM32F3xx_HAL_Driver/Src/stm32f3xx_hal_rcc_ex.o
                0x00000000080037ec                HAL_RCCEx_PeriphCLKConfig
 .text.HAL_TIM_Base_Init
                0x0000000008003b10       0xae ./Drivers/STM32F3xx_HAL_Driver/Src/stm32f3xx_hal_tim.o
                0x0000000008003b10                HAL_TIM_Base_Init
 *fill*         0x0000000008003bbe        0x2 
 .text.HAL_TIM_Base_Start
                0x0000000008003bc0       0x98 ./Drivers/STM32F3xx_HAL_Driver/Src/stm32f3xx_hal_tim.o
                0x0000000008003bc0                HAL_TIM_Base_Start
 .text.HAL_TIM_Encoder_Init
                0x0000000008003c58      0x14c ./Drivers/STM32F3xx_HAL_Driver/Src/stm32f3xx_hal_tim.o
                0x0000000008003c58                HAL_TIM_Encoder_Init
 .text.HAL_TIM_Encoder_Start
                0x0000000008003da4      0x11c ./Drivers/STM32F3xx_HAL_Driver/Src/stm32f3xx_hal_tim.o
                0x0000000008003da4                HAL_TIM_Encoder_Start
 .text.HAL_TIM_IRQHandler
                0x0000000008003ec0      0x23e ./Drivers/STM32F3xx_HAL_Driver/Src/stm32f3xx_hal_tim.o
                0x0000000008003ec0                HAL_TIM_IRQHandler
 .text.HAL_TIM_ConfigClockSource
                0x00000000080040fe      0x192 ./Drivers/STM32F3xx_HAL_Driver/Src/stm32f3xx_hal_tim.o
                0x00000000080040fe                HAL_TIM_ConfigClockSource
 .text.HAL_TIM_PeriodElapsedCallback
                0x0000000008004290       0x14 ./Drivers/STM32F3xx_HAL_Driver/Src/stm32f3xx_hal_tim.o
                0x0000000008004290                HAL_TIM_PeriodElapsedCallback
 .text.HAL_TIM_OC_DelayElapsedCallback
                0x00000000080042a4       0x14 ./Drivers/STM32F3xx_HAL_Driver/Src/stm32f3xx_hal_tim.o
                0x00000000080042a4                HAL_TIM_OC_DelayElapsedCallback
 .text.HAL_TIM_PWM_PulseFinishedCallback
                0x00000000080042b8       0x14 ./Drivers/STM32F3xx_HAL_Driver/Src/stm32f3xx_hal_tim.o
                0x00000000080042b8                HAL_TIM_PWM_PulseFinishedCallback
 .text.HAL_TIM_TriggerCallback
                0x00000000080042cc       0x14 ./Drivers/STM32F3xx_HAL_Driver/Src/stm32f3xx_hal_tim.o
                0x00000000080042cc                HAL_TIM_TriggerCallback
 .text.TIM_Base_SetConfig
                0x00000000080042e0       0xdc ./Drivers/STM32F3xx_HAL_Driver/Src/stm32f3xx_hal_tim.o
                0x00000000080042e0                TIM_Base_SetConfig
 .text.TIM_TI1_ConfigInputStage
                0x00000000080043bc       0x5e ./Drivers/STM32F3xx_HAL_Driver/Src/stm32f3xx_hal_tim.o
 .text.TIM_TI2_ConfigInputStage
                0x000000000800441a       0x60 ./Drivers/STM32F3xx_HAL_Driver/Src/stm32f3xx_hal_tim.o
 .text.TIM_ITRx_SetConfig
                0x000000000800447a       0x36 ./Drivers/STM32F3xx_HAL_Driver/Src/stm32f3xx_hal_tim.o
 .text.TIM_ETR_SetConfig
                0x00000000080044b0       0x40 ./Drivers/STM32F3xx_HAL_Driver/Src/stm32f3xx_hal_tim.o
                0x00000000080044b0                TIM_ETR_SetConfig
 .text.TIM_CCxChannelCmd
                0x00000000080044f0       0x4a ./Drivers/STM32F3xx_HAL_Driver/Src/stm32f3xx_hal_tim.o
                0x00000000080044f0                TIM_CCxChannelCmd
 *fill*         0x000000000800453a        0x2 
 .text.HAL_TIMEx_MasterConfigSynchronization
                0x000000000800453c       0xcc ./Drivers/STM32F3xx_HAL_Driver/Src/stm32f3xx_hal_tim_ex.o
                0x000000000800453c                HAL_TIMEx_MasterConfigSynchronization
 .text.HAL_TIMEx_CommutCallback
                0x0000000008004608       0x14 ./Drivers/STM32F3xx_HAL_Driver/Src/stm32f3xx_hal_tim_ex.o
                0x0000000008004608                HAL_TIMEx_CommutCallback
 .text.HAL_TIMEx_BreakCallback
                0x000000000800461c       0x14 ./Drivers/STM32F3xx_HAL_Driver/Src/stm32f3xx_hal_tim_ex.o
                0x000000000800461c                HAL_TIMEx_BreakCallback
 .text.HAL_TIMEx_Break2Callback
                0x0000000008004630       0x14 ./Drivers/STM32F3xx_HAL_Driver/Src/stm32f3xx_hal_tim_ex.o
                0x0000000008004630                HAL_TIMEx_Break2Callback
 .text.HAL_UART_Init
                0x0000000008004644       0x9c ./Drivers/STM32F3xx_HAL_Driver/Src/stm32f3xx_hal_uart.o
                0x0000000008004644                HAL_UART_Init
 .text.UART_SetConfig
                0x00000000080046e0      0x26c ./Drivers/STM32F3xx_HAL_Driver/Src/stm32f3xx_hal_uart.o
                0x00000000080046e0                UART_SetConfig
 .text.UART_AdvFeatureConfig
                0x000000000800494c      0x144 ./Drivers/STM32F3xx_HAL_Driver/Src/stm32f3xx_hal_uart.o
                0x000000000800494c                UART_AdvFeatureConfig
 .text.UART_CheckIdleState
                0x0000000008004a90      0x150 ./Drivers/STM32F3xx_HAL_Driver/Src/stm32f3xx_hal_uart.o
                0x0000000008004a90                UART_CheckIdleState
 .text.UART_WaitOnFlagUntilTimeout
                0x0000000008004be0       0xce ./Drivers/STM32F3xx_HAL_Driver/Src/stm32f3xx_hal_uart.o
                0x0000000008004be0                UART_WaitOnFlagUntilTimeout
 .text.UART_EndRxTransfer
                0x0000000008004cae       0xc8 ./Drivers/STM32F3xx_HAL_Driver/Src/stm32f3xx_hal_uart.o
 *fill*         0x0000000008004d76        0x2 
 .text.__libc_init_array
                0x0000000008004d78       0x48 c:/st/stm32cubeide_1.12.1/stm32cubeide/plugins/com.st.stm32cube.ide.mcu.externaltools.gnu-tools-for-stm32.10.3-2021.10.win32_1.0.200.202301161003/tools/bin/../lib/gcc/arm-none-eabi/10.3.1/../../../../arm-none-eabi/lib/thumb/v7e-m+fp/hard\libc_nano.a(lib_a-init.o)
                0x0000000008004d78                __libc_init_array
 .text.memset   0x0000000008004dc0       0x10 c:/st/stm32cubeide_1.12.1/stm32cubeide/plugins/com.st.stm32cube.ide.mcu.externaltools.gnu-tools-for-stm32.10.3-2021.10.win32_1.0.200.202301161003/tools/bin/../lib/gcc/arm-none-eabi/10.3.1/../../../../arm-none-eabi/lib/thumb/v7e-m+fp/hard\libc_nano.a(lib_a-memset.o)
                0x0000000008004dc0                memset
 .text.sin      0x0000000008004dd0       0xb0 c:/st/stm32cubeide_1.12.1/stm32cubeide/plugins/com.st.stm32cube.ide.mcu.externaltools.gnu-tools-for-stm32.10.3-2021.10.win32_1.0.200.202301161003/tools/bin/../lib/gcc/arm-none-eabi/10.3.1/../../../../arm-none-eabi/lib/thumb/v7e-m+fp/hard\libm.a(lib_a-s_sin.o)
                0x0000000008004dd0                sin
 .text.__ieee754_rem_pio2
                0x0000000008004e80      0x418 c:/st/stm32cubeide_1.12.1/stm32cubeide/plugins/com.st.stm32cube.ide.mcu.externaltools.gnu-tools-for-stm32.10.3-2021.10.win32_1.0.200.202301161003/tools/bin/../lib/gcc/arm-none-eabi/10.3.1/../../../../arm-none-eabi/lib/thumb/v7e-m+fp/hard\libm.a(lib_a-e_rem_pio2.o)
                0x0000000008004e80                __ieee754_rem_pio2
 .text.__kernel_cos
                0x0000000008005298      0x18c c:/st/stm32cubeide_1.12.1/stm32cubeide/plugins/com.st.stm32cube.ide.mcu.externaltools.gnu-tools-for-stm32.10.3-2021.10.win32_1.0.200.202301161003/tools/bin/../lib/gcc/arm-none-eabi/10.3.1/../../../../arm-none-eabi/lib/thumb/v7e-m+fp/hard\libm.a(lib_a-k_cos.o)
                0x0000000008005298                __kernel_cos
 *fill*         0x0000000008005424        0x4 
 .text.__kernel_rem_pio2
                0x0000000008005428      0x69c c:/st/stm32cubeide_1.12.1/stm32cubeide/plugins/com.st.stm32cube.ide.mcu.externaltools.gnu-tools-for-stm32.10.3-2021.10.win32_1.0.200.202301161003/tools/bin/../lib/gcc/arm-none-eabi/10.3.1/../../../../arm-none-eabi/lib/thumb/v7e-m+fp/hard\libm.a(lib_a-k_rem_pio2.o)
                0x0000000008005428                __kernel_rem_pio2
 *fill*         0x0000000008005ac4        0x4 
 .text.__kernel_sin
                0x0000000008005ac8      0x17c c:/st/stm32cubeide_1.12.1/stm32cubeide/plugins/com.st.stm32cube.ide.mcu.externaltools.gnu-tools-for-stm32.10.3-2021.10.win32_1.0.200.202301161003/tools/bin/../lib/gcc/arm-none-eabi/10.3.1/../../../../arm-none-eabi/lib/thumb/v7e-m+fp/hard\libm.a(lib_a-k_sin.o)
                0x0000000008005ac8                __kernel_sin
 .text.fabs     0x0000000008005c44       0x12 c:/st/stm32cubeide_1.12.1/stm32cubeide/plugins/com.st.stm32cube.ide.mcu.externaltools.gnu-tools-for-stm32.10.3-2021.10.win32_1.0.200.202301161003/tools/bin/../lib/gcc/arm-none-eabi/10.3.1/../../../../arm-none-eabi/lib/thumb/v7e-m+fp/hard\libm.a(lib_a-s_fabs.o)
                0x0000000008005c44                fabs
 *fill*         0x0000000008005c56        0x2 
 .text.floor    0x0000000008005c58      0x100 c:/st/stm32cubeide_1.12.1/stm32cubeide/plugins/com.st.stm32cube.ide.mcu.externaltools.gnu-tools-for-stm32.10.3-2021.10.win32_1.0.200.202301161003/tools/bin/../lib/gcc/arm-none-eabi/10.3.1/../../../../arm-none-eabi/lib/thumb/v7e-m+fp/hard\libm.a(lib_a-s_floor.o)
                0x0000000008005c58                floor
 .text.scalbn   0x0000000008005d58      0x10c c:/st/stm32cubeide_1.12.1/stm32cubeide/plugins/com.st.stm32cube.ide.mcu.externaltools.gnu-tools-for-stm32.10.3-2021.10.win32_1.0.200.202301161003/tools/bin/../lib/gcc/arm-none-eabi/10.3.1/../../../../arm-none-eabi/lib/thumb/v7e-m+fp/hard\libm.a(lib_a-s_scalbn.o)
                0x0000000008005d58                scalbn
 *(.glue_7)
 .glue_7        0x0000000008005e64        0x0 linker stubs
 *(.glue_7t)
 .glue_7t       0x0000000008005e64        0x0 linker stubs
 *(.eh_frame)
 .eh_frame      0x0000000008005e64        0x0 c:/st/stm32cubeide_1.12.1/stm32cubeide/plugins/com.st.stm32cube.ide.mcu.externaltools.gnu-tools-for-stm32.10.3-2021.10.win32_1.0.200.202301161003/tools/bin/../lib/gcc/arm-none-eabi/10.3.1/thumb/v7e-m+fp/hard/crtbegin.o
 *(.init)
 .init          0x0000000008005e64        0x4 c:/st/stm32cubeide_1.12.1/stm32cubeide/plugins/com.st.stm32cube.ide.mcu.externaltools.gnu-tools-for-stm32.10.3-2021.10.win32_1.0.200.202301161003/tools/bin/../lib/gcc/arm-none-eabi/10.3.1/thumb/v7e-m+fp/hard/crti.o
                0x0000000008005e64                _init
 .init          0x0000000008005e68        0x8 c:/st/stm32cubeide_1.12.1/stm32cubeide/plugins/com.st.stm32cube.ide.mcu.externaltools.gnu-tools-for-stm32.10.3-2021.10.win32_1.0.200.202301161003/tools/bin/../lib/gcc/arm-none-eabi/10.3.1/thumb/v7e-m+fp/hard/crtn.o
 *(.fini)
 .fini          0x0000000008005e70        0x4 c:/st/stm32cubeide_1.12.1/stm32cubeide/plugins/com.st.stm32cube.ide.mcu.externaltools.gnu-tools-for-stm32.10.3-2021.10.win32_1.0.200.202301161003/tools/bin/../lib/gcc/arm-none-eabi/10.3.1/thumb/v7e-m+fp/hard/crti.o
                0x0000000008005e70                _fini
 .fini          0x0000000008005e74        0x8 c:/st/stm32cubeide_1.12.1/stm32cubeide/plugins/com.st.stm32cube.ide.mcu.externaltools.gnu-tools-for-stm32.10.3-2021.10.win32_1.0.200.202301161003/tools/bin/../lib/gcc/arm-none-eabi/10.3.1/thumb/v7e-m+fp/hard/crtn.o
                0x0000000008005e7c                . = ALIGN (0x4)
                0x0000000008005e7c                _etext = .

.vfp11_veneer   0x0000000008005e7c        0x0
 .vfp11_veneer  0x0000000008005e7c        0x0 linker stubs

.v4_bx          0x0000000008005e7c        0x0
 .v4_bx         0x0000000008005e7c        0x0 linker stubs

.iplt           0x0000000008005e7c        0x0
 .iplt          0x0000000008005e7c        0x0 c:/st/stm32cubeide_1.12.1/stm32cubeide/plugins/com.st.stm32cube.ide.mcu.externaltools.gnu-tools-for-stm32.10.3-2021.10.win32_1.0.200.202301161003/tools/bin/../lib/gcc/arm-none-eabi/10.3.1/thumb/v7e-m+fp/hard/crtbegin.o

.rodata         0x0000000008005e80      0x210
                0x0000000008005e80                . = ALIGN (0x4)
 *(.rodata)
 *(.rodata*)
 .rodata.AHBPrescTable
                0x0000000008005e80       0x10 ./Core/Src/system_stm32f3xx.o
                0x0000000008005e80                AHBPrescTable
 .rodata.APBPrescTable
                0x0000000008005e90        0x8 ./Core/Src/system_stm32f3xx.o
                0x0000000008005e90                APBPrescTable
 .rodata.aPLLMULFactorTable
                0x0000000008005e98       0x10 ./Drivers/STM32F3xx_HAL_Driver/Src/stm32f3xx_hal_rcc.o
 .rodata.aPredivFactorTable
                0x0000000008005ea8       0x10 ./Drivers/STM32F3xx_HAL_Driver/Src/stm32f3xx_hal_rcc.o
 .rodata.npio2_hw
                0x0000000008005eb8       0x80 c:/st/stm32cubeide_1.12.1/stm32cubeide/plugins/com.st.stm32cube.ide.mcu.externaltools.gnu-tools-for-stm32.10.3-2021.10.win32_1.0.200.202301161003/tools/bin/../lib/gcc/arm-none-eabi/10.3.1/../../../../arm-none-eabi/lib/thumb/v7e-m+fp/hard\libm.a(lib_a-e_rem_pio2.o)
 .rodata.two_over_pi
                0x0000000008005f38      0x108 c:/st/stm32cubeide_1.12.1/stm32cubeide/plugins/com.st.stm32cube.ide.mcu.externaltools.gnu-tools-for-stm32.10.3-2021.10.win32_1.0.200.202301161003/tools/bin/../lib/gcc/arm-none-eabi/10.3.1/../../../../arm-none-eabi/lib/thumb/v7e-m+fp/hard\libm.a(lib_a-e_rem_pio2.o)
 .rodata.PIo2   0x0000000008006040       0x40 c:/st/stm32cubeide_1.12.1/stm32cubeide/plugins/com.st.stm32cube.ide.mcu.externaltools.gnu-tools-for-stm32.10.3-2021.10.win32_1.0.200.202301161003/tools/bin/../lib/gcc/arm-none-eabi/10.3.1/../../../../arm-none-eabi/lib/thumb/v7e-m+fp/hard\libm.a(lib_a-k_rem_pio2.o)
 .rodata.init_jk
                0x0000000008006080       0x10 c:/st/stm32cubeide_1.12.1/stm32cubeide/plugins/com.st.stm32cube.ide.mcu.externaltools.gnu-tools-for-stm32.10.3-2021.10.win32_1.0.200.202301161003/tools/bin/../lib/gcc/arm-none-eabi/10.3.1/../../../../arm-none-eabi/lib/thumb/v7e-m+fp/hard\libm.a(lib_a-k_rem_pio2.o)
                0x0000000008006090                . = ALIGN (0x4)

.rel.dyn        0x0000000008006090        0x0
 .rel.iplt      0x0000000008006090        0x0 c:/st/stm32cubeide_1.12.1/stm32cubeide/plugins/com.st.stm32cube.ide.mcu.externaltools.gnu-tools-for-stm32.10.3-2021.10.win32_1.0.200.202301161003/tools/bin/../lib/gcc/arm-none-eabi/10.3.1/thumb/v7e-m+fp/hard/crtbegin.o

.ARM.extab      0x0000000008006090        0x0
                0x0000000008006090                . = ALIGN (0x4)
 *(.ARM.extab* .gnu.linkonce.armextab.*)
                0x0000000008006090                . = ALIGN (0x4)

.ARM            0x0000000008006090        0x0
                0x0000000008006090                . = ALIGN (0x4)
                0x0000000008006090                __exidx_start = .
 *(.ARM.exidx*)
                0x0000000008006090                __exidx_end = .
                0x0000000008006090                . = ALIGN (0x4)

.preinit_array  0x0000000008006090        0x0
                0x0000000008006090                . = ALIGN (0x4)
                0x0000000008006090                PROVIDE (__preinit_array_start = .)
 *(.preinit_array*)
                0x0000000008006090                PROVIDE (__preinit_array_end = .)
                0x0000000008006090                . = ALIGN (0x4)

.init_array     0x0000000008006090        0x4
                0x0000000008006090                . = ALIGN (0x4)
                0x0000000008006090                PROVIDE (__init_array_start = .)
 *(SORT_BY_NAME(.init_array.*))
 *(.init_array*)
 .init_array    0x0000000008006090        0x4 c:/st/stm32cubeide_1.12.1/stm32cubeide/plugins/com.st.stm32cube.ide.mcu.externaltools.gnu-tools-for-stm32.10.3-2021.10.win32_1.0.200.202301161003/tools/bin/../lib/gcc/arm-none-eabi/10.3.1/thumb/v7e-m+fp/hard/crtbegin.o
                0x0000000008006094                PROVIDE (__init_array_end = .)
                0x0000000008006094                . = ALIGN (0x4)

.fini_array     0x0000000008006094        0x4
                0x0000000008006094                . = ALIGN (0x4)
                [!provide]                        PROVIDE (__fini_array_start = .)
 *(SORT_BY_NAME(.fini_array.*))
 *(.fini_array*)
 .fini_array    0x0000000008006094        0x4 c:/st/stm32cubeide_1.12.1/stm32cubeide/plugins/com.st.stm32cube.ide.mcu.externaltools.gnu-tools-for-stm32.10.3-2021.10.win32_1.0.200.202301161003/tools/bin/../lib/gcc/arm-none-eabi/10.3.1/thumb/v7e-m+fp/hard/crtbegin.o
                [!provide]                        PROVIDE (__fini_array_end = .)
                0x0000000008006098                . = ALIGN (0x4)
                0x0000000008006098                _sidata = LOADADDR (.data)

.data           0x0000000020000000        0xc load address 0x0000000008006098
                0x0000000020000000                . = ALIGN (0x4)
                0x0000000020000000                _sdata = .
 *(.data)
 *(.data*)
 .data.SystemCoreClock
                0x0000000020000000        0x4 ./Core/Src/system_stm32f3xx.o
                0x0000000020000000                SystemCoreClock
 .data.uwTickPrio
                0x0000000020000004        0x4 ./Drivers/STM32F3xx_HAL_Driver/Src/stm32f3xx_hal.o
                0x0000000020000004                uwTickPrio
 .data.uwTickFreq
                0x0000000020000008        0x1 ./Drivers/STM32F3xx_HAL_Driver/Src/stm32f3xx_hal.o
                0x0000000020000008                uwTickFreq
 *(.RamFunc)
 *(.RamFunc*)
                0x000000002000000c                . = ALIGN (0x4)
 *fill*         0x0000000020000009        0x3 
                0x000000002000000c                _edata = .

.igot.plt       0x000000002000000c        0x0 load address 0x00000000080060a4
 .igot.plt      0x000000002000000c        0x0 c:/st/stm32cubeide_1.12.1/stm32cubeide/plugins/com.st.stm32cube.ide.mcu.externaltools.gnu-tools-for-stm32.10.3-2021.10.win32_1.0.200.202301161003/tools/bin/../lib/gcc/arm-none-eabi/10.3.1/thumb/v7e-m+fp/hard/crtbegin.o
                0x000000002000000c                . = ALIGN (0x4)

.bss            0x000000002000000c      0x3cc load address 0x00000000080060a4
                0x000000002000000c                _sbss = .
                0x000000002000000c                __bss_start__ = _sbss
 *(.bss)
 .bss           0x000000002000000c       0x1c c:/st/stm32cubeide_1.12.1/stm32cubeide/plugins/com.st.stm32cube.ide.mcu.externaltools.gnu-tools-for-stm32.10.3-2021.10.win32_1.0.200.202301161003/tools/bin/../lib/gcc/arm-none-eabi/10.3.1/thumb/v7e-m+fp/hard/crtbegin.o
 *(.bss*)
 .bss.hdac      0x0000000020000028       0x14 ./Core/Src/main.o
                0x0000000020000028                hdac
 .bss.hdma_dac_ch1
                0x000000002000003c       0x44 ./Core/Src/main.o
                0x000000002000003c                hdma_dac_ch1
 .bss.htim1     0x0000000020000080       0x4c ./Core/Src/main.o
                0x0000000020000080                htim1
 .bss.htim2     0x00000000200000cc       0x4c ./Core/Src/main.o
                0x00000000200000cc                htim2
 .bss.huart2    0x0000000020000118       0x88 ./Core/Src/main.o
                0x0000000020000118                huart2
 .bss.sine_val  0x00000000200001a0      0x190 ./Core/Src/main.o
                0x00000000200001a0                sine_val
 .bss.counter   0x0000000020000330        0x4 ./Core/Src/main.o
                0x0000000020000330                counter
 .bss.buffer    0x0000000020000334       0x50 ./Core/Src/max_matrix_stm33.o
                0x0000000020000334                buffer
 .bss.buffer_row
                0x0000000020000384       0x50 ./Core/Src/max_matrix_stm33.o
                0x0000000020000384                buffer_row
 .bss.uwTick    0x00000000200003d4        0x4 ./Drivers/STM32F3xx_HAL_Driver/Src/stm32f3xx_hal.o
                0x00000000200003d4                uwTick
 *(COMMON)
                0x00000000200003d8                . = ALIGN (0x4)
                0x00000000200003d8                _ebss = .
                0x00000000200003d8                __bss_end__ = _ebss

._user_heap_stack
                0x00000000200003d8      0x600 load address 0x00000000080060a4
                0x00000000200003d8                . = ALIGN (0x8)
                [!provide]                        PROVIDE (end = .)
                0x00000000200003d8                PROVIDE (_end = .)
                0x00000000200005d8                . = (. + _Min_Heap_Size)
 *fill*         0x00000000200003d8      0x200 
                0x00000000200009d8                . = (. + _Min_Stack_Size)
 *fill*         0x00000000200005d8      0x400 
                0x00000000200009d8                . = ALIGN (0x8)

/DISCARD/
 libc.a(*)
 libm.a(*)
 libgcc.a(*)

.ARM.attributes
                0x0000000000000000       0x30
 *(.ARM.attributes)
 .ARM.attributes
                0x0000000000000000       0x1e c:/st/stm32cubeide_1.12.1/stm32cubeide/plugins/com.st.stm32cube.ide.mcu.externaltools.gnu-tools-for-stm32.10.3-2021.10.win32_1.0.200.202301161003/tools/bin/../lib/gcc/arm-none-eabi/10.3.1/thumb/v7e-m+fp/hard/crti.o
 .ARM.attributes
                0x000000000000001e       0x34 c:/st/stm32cubeide_1.12.1/stm32cubeide/plugins/com.st.stm32cube.ide.mcu.externaltools.gnu-tools-for-stm32.10.3-2021.10.win32_1.0.200.202301161003/tools/bin/../lib/gcc/arm-none-eabi/10.3.1/thumb/v7e-m+fp/hard/crtbegin.o
 .ARM.attributes
                0x0000000000000052       0x34 ./Core/Src/main.o
 .ARM.attributes
                0x0000000000000086       0x34 ./Core/Src/max_matrix_stm33.o
 .ARM.attributes
                0x00000000000000ba       0x34 ./Core/Src/stm32f3xx_hal_msp.o
 .ARM.attributes
                0x00000000000000ee       0x34 ./Core/Src/stm32f3xx_it.o
 .ARM.attributes
                0x0000000000000122       0x34 ./Core/Src/system_stm32f3xx.o
 .ARM.attributes
                0x0000000000000156       0x21 ./Core/Startup/startup_stm32f302r8tx.o
 .ARM.attributes
                0x0000000000000177       0x34 ./Drivers/STM32F3xx_HAL_Driver/Src/stm32f3xx_hal.o
 .ARM.attributes
                0x00000000000001ab       0x34 ./Drivers/STM32F3xx_HAL_Driver/Src/stm32f3xx_hal_cortex.o
 .ARM.attributes
                0x00000000000001df       0x34 ./Drivers/STM32F3xx_HAL_Driver/Src/stm32f3xx_hal_dac.o
 .ARM.attributes
                0x0000000000000213       0x34 ./Drivers/STM32F3xx_HAL_Driver/Src/stm32f3xx_hal_dac_ex.o
 .ARM.attributes
                0x0000000000000247       0x34 ./Drivers/STM32F3xx_HAL_Driver/Src/stm32f3xx_hal_dma.o
 .ARM.attributes
                0x000000000000027b       0x34 ./Drivers/STM32F3xx_HAL_Driver/Src/stm32f3xx_hal_gpio.o
 .ARM.attributes
                0x00000000000002af       0x34 ./Drivers/STM32F3xx_HAL_Driver/Src/stm32f3xx_hal_rcc.o
 .ARM.attributes
                0x00000000000002e3       0x34 ./Drivers/STM32F3xx_HAL_Driver/Src/stm32f3xx_hal_rcc_ex.o
 .ARM.attributes
                0x0000000000000317       0x34 ./Drivers/STM32F3xx_HAL_Driver/Src/stm32f3xx_hal_tim.o
 .ARM.attributes
                0x000000000000034b       0x34 ./Drivers/STM32F3xx_HAL_Driver/Src/stm32f3xx_hal_tim_ex.o
 .ARM.attributes
                0x000000000000037f       0x34 ./Drivers/STM32F3xx_HAL_Driver/Src/stm32f3xx_hal_uart.o
 .ARM.attributes
                0x00000000000003b3       0x34 c:/st/stm32cubeide_1.12.1/stm32cubeide/plugins/com.st.stm32cube.ide.mcu.externaltools.gnu-tools-for-stm32.10.3-2021.10.win32_1.0.200.202301161003/tools/bin/../lib/gcc/arm-none-eabi/10.3.1/../../../../arm-none-eabi/lib/thumb/v7e-m+fp/hard\libc_nano.a(lib_a-init.o)
 .ARM.attributes
                0x00000000000003e7       0x34 c:/st/stm32cubeide_1.12.1/stm32cubeide/plugins/com.st.stm32cube.ide.mcu.externaltools.gnu-tools-for-stm32.10.3-2021.10.win32_1.0.200.202301161003/tools/bin/../lib/gcc/arm-none-eabi/10.3.1/../../../../arm-none-eabi/lib/thumb/v7e-m+fp/hard\libc_nano.a(lib_a-memset.o)
 .ARM.attributes
                0x000000000000041b       0x34 c:/st/stm32cubeide_1.12.1/stm32cubeide/plugins/com.st.stm32cube.ide.mcu.externaltools.gnu-tools-for-stm32.10.3-2021.10.win32_1.0.200.202301161003/tools/bin/../lib/gcc/arm-none-eabi/10.3.1/../../../../arm-none-eabi/lib/thumb/v7e-m+fp/hard\libm.a(lib_a-s_sin.o)
 .ARM.attributes
                0x000000000000044f       0x34 c:/st/stm32cubeide_1.12.1/stm32cubeide/plugins/com.st.stm32cube.ide.mcu.externaltools.gnu-tools-for-stm32.10.3-2021.10.win32_1.0.200.202301161003/tools/bin/../lib/gcc/arm-none-eabi/10.3.1/../../../../arm-none-eabi/lib/thumb/v7e-m+fp/hard\libm.a(lib_a-e_rem_pio2.o)
 .ARM.attributes
                0x0000000000000483       0x34 c:/st/stm32cubeide_1.12.1/stm32cubeide/plugins/com.st.stm32cube.ide.mcu.externaltools.gnu-tools-for-stm32.10.3-2021.10.win32_1.0.200.202301161003/tools/bin/../lib/gcc/arm-none-eabi/10.3.1/../../../../arm-none-eabi/lib/thumb/v7e-m+fp/hard\libm.a(lib_a-k_cos.o)
 .ARM.attributes
                0x00000000000004b7       0x34 c:/st/stm32cubeide_1.12.1/stm32cubeide/plugins/com.st.stm32cube.ide.mcu.externaltools.gnu-tools-for-stm32.10.3-2021.10.win32_1.0.200.202301161003/tools/bin/../lib/gcc/arm-none-eabi/10.3.1/../../../../arm-none-eabi/lib/thumb/v7e-m+fp/hard\libm.a(lib_a-k_rem_pio2.o)
 .ARM.attributes
                0x00000000000004eb       0x34 c:/st/stm32cubeide_1.12.1/stm32cubeide/plugins/com.st.stm32cube.ide.mcu.externaltools.gnu-tools-for-stm32.10.3-2021.10.win32_1.0.200.202301161003/tools/bin/../lib/gcc/arm-none-eabi/10.3.1/../../../../arm-none-eabi/lib/thumb/v7e-m+fp/hard\libm.a(lib_a-k_sin.o)
 .ARM.attributes
                0x000000000000051f       0x34 c:/st/stm32cubeide_1.12.1/stm32cubeide/plugins/com.st.stm32cube.ide.mcu.externaltools.gnu-tools-for-stm32.10.3-2021.10.win32_1.0.200.202301161003/tools/bin/../lib/gcc/arm-none-eabi/10.3.1/../../../../arm-none-eabi/lib/thumb/v7e-m+fp/hard\libm.a(lib_a-s_fabs.o)
 .ARM.attributes
                0x0000000000000553       0x34 c:/st/stm32cubeide_1.12.1/stm32cubeide/plugins/com.st.stm32cube.ide.mcu.externaltools.gnu-tools-for-stm32.10.3-2021.10.win32_1.0.200.202301161003/tools/bin/../lib/gcc/arm-none-eabi/10.3.1/../../../../arm-none-eabi/lib/thumb/v7e-m+fp/hard\libm.a(lib_a-s_floor.o)
 .ARM.attributes
                0x0000000000000587       0x34 c:/st/stm32cubeide_1.12.1/stm32cubeide/plugins/com.st.stm32cube.ide.mcu.externaltools.gnu-tools-for-stm32.10.3-2021.10.win32_1.0.200.202301161003/tools/bin/../lib/gcc/arm-none-eabi/10.3.1/../../../../arm-none-eabi/lib/thumb/v7e-m+fp/hard\libm.a(lib_a-s_scalbn.o)
 .ARM.attributes
                0x00000000000005bb       0x1e c:/st/stm32cubeide_1.12.1/stm32cubeide/plugins/com.st.stm32cube.ide.mcu.externaltools.gnu-tools-for-stm32.10.3-2021.10.win32_1.0.200.202301161003/tools/bin/../lib/gcc/arm-none-eabi/10.3.1/thumb/v7e-m+fp/hard\libgcc.a(_arm_addsubdf3.o)
 .ARM.attributes
                0x00000000000005d9       0x1e c:/st/stm32cubeide_1.12.1/stm32cubeide/plugins/com.st.stm32cube.ide.mcu.externaltools.gnu-tools-for-stm32.10.3-2021.10.win32_1.0.200.202301161003/tools/bin/../lib/gcc/arm-none-eabi/10.3.1/thumb/v7e-m+fp/hard\libgcc.a(_arm_muldivdf3.o)
 .ARM.attributes
                0x00000000000005f7       0x1e c:/st/stm32cubeide_1.12.1/stm32cubeide/plugins/com.st.stm32cube.ide.mcu.externaltools.gnu-tools-for-stm32.10.3-2021.10.win32_1.0.200.202301161003/tools/bin/../lib/gcc/arm-none-eabi/10.3.1/thumb/v7e-m+fp/hard\libgcc.a(_arm_cmpdf2.o)
 .ARM.attributes
                0x0000000000000615       0x1e c:/st/stm32cubeide_1.12.1/stm32cubeide/plugins/com.st.stm32cube.ide.mcu.externaltools.gnu-tools-for-stm32.10.3-2021.10.win32_1.0.200.202301161003/tools/bin/../lib/gcc/arm-none-eabi/10.3.1/thumb/v7e-m+fp/hard\libgcc.a(_arm_fixdfsi.o)
 .ARM.attributes
                0x0000000000000633       0x1e c:/st/stm32cubeide_1.12.1/stm32cubeide/plugins/com.st.stm32cube.ide.mcu.externaltools.gnu-tools-for-stm32.10.3-2021.10.win32_1.0.200.202301161003/tools/bin/../lib/gcc/arm-none-eabi/10.3.1/thumb/v7e-m+fp/hard\libgcc.a(_arm_fixunsdfsi.o)
 .ARM.attributes
                0x0000000000000651       0x1e c:/st/stm32cubeide_1.12.1/stm32cubeide/plugins/com.st.stm32cube.ide.mcu.externaltools.gnu-tools-for-stm32.10.3-2021.10.win32_1.0.200.202301161003/tools/bin/../lib/gcc/arm-none-eabi/10.3.1/thumb/v7e-m+fp/hard/crtn.o
OUTPUT(Oscilloscope.elf elf32-littlearm)
LOAD linker stubs
LOAD c:/st/stm32cubeide_1.12.1/stm32cubeide/plugins/com.st.stm32cube.ide.mcu.externaltools.gnu-tools-for-stm32.10.3-2021.10.win32_1.0.200.202301161003/tools/bin/../lib/gcc/arm-none-eabi/10.3.1/../../../../arm-none-eabi/lib/thumb/v7e-m+fp/hard\libc.a
LOAD c:/st/stm32cubeide_1.12.1/stm32cubeide/plugins/com.st.stm32cube.ide.mcu.externaltools.gnu-tools-for-stm32.10.3-2021.10.win32_1.0.200.202301161003/tools/bin/../lib/gcc/arm-none-eabi/10.3.1/../../../../arm-none-eabi/lib/thumb/v7e-m+fp/hard\libm.a
LOAD c:/st/stm32cubeide_1.12.1/stm32cubeide/plugins/com.st.stm32cube.ide.mcu.externaltools.gnu-tools-for-stm32.10.3-2021.10.win32_1.0.200.202301161003/tools/bin/../lib/gcc/arm-none-eabi/10.3.1/thumb/v7e-m+fp/hard\libgcc.a

.debug_info     0x0000000000000000    0x10ab4
 .debug_info    0x0000000000000000     0x182b ./Core/Src/main.o
 .debug_info    0x000000000000182b      0x73b ./Core/Src/max_matrix_stm33.o
 .debug_info    0x0000000000001f66     0x12b2 ./Core/Src/stm32f3xx_hal_msp.o
 .debug_info    0x0000000000003218      0x766 ./Core/Src/stm32f3xx_it.o
 .debug_info    0x000000000000397e      0x416 ./Core/Src/system_stm32f3xx.o
 .debug_info    0x0000000000003d94       0x22 ./Core/Startup/startup_stm32f302r8tx.o
 .debug_info    0x0000000000003db6      0x7a7 ./Drivers/STM32F3xx_HAL_Driver/Src/stm32f3xx_hal.o
 .debug_info    0x000000000000455d      0xb4a ./Drivers/STM32F3xx_HAL_Driver/Src/stm32f3xx_hal_cortex.o
 .debug_info    0x00000000000050a7      0x8a9 ./Drivers/STM32F3xx_HAL_Driver/Src/stm32f3xx_hal_dac.o
 .debug_info    0x0000000000005950      0x8aa ./Drivers/STM32F3xx_HAL_Driver/Src/stm32f3xx_hal_dac_ex.o
 .debug_info    0x00000000000061fa      0x757 ./Drivers/STM32F3xx_HAL_Driver/Src/stm32f3xx_hal_dma.o
 .debug_info    0x0000000000006951      0x68a ./Drivers/STM32F3xx_HAL_Driver/Src/stm32f3xx_hal_gpio.o
 .debug_info    0x0000000000006fdb     0x1585 ./Drivers/STM32F3xx_HAL_Driver/Src/stm32f3xx_hal_rcc.o
 .debug_info    0x0000000000008560      0x5d9 ./Drivers/STM32F3xx_HAL_Driver/Src/stm32f3xx_hal_rcc_ex.o
 .debug_info    0x0000000000008b39     0x2cdb ./Drivers/STM32F3xx_HAL_Driver/Src/stm32f3xx_hal_tim.o
 .debug_info    0x000000000000b814     0x16a8 ./Drivers/STM32F3xx_HAL_Driver/Src/stm32f3xx_hal_tim_ex.o
 .debug_info    0x000000000000cebc     0x3bf8 ./Drivers/STM32F3xx_HAL_Driver/Src/stm32f3xx_hal_uart.o

.debug_abbrev   0x0000000000000000     0x22f7
 .debug_abbrev  0x0000000000000000      0x308 ./Core/Src/main.o
 .debug_abbrev  0x0000000000000308      0x1f3 ./Core/Src/max_matrix_stm33.o
 .debug_abbrev  0x00000000000004fb      0x24e ./Core/Src/stm32f3xx_hal_msp.o
 .debug_abbrev  0x0000000000000749      0x184 ./Core/Src/stm32f3xx_it.o
 .debug_abbrev  0x00000000000008cd      0x116 ./Core/Src/system_stm32f3xx.o
 .debug_abbrev  0x00000000000009e3       0x12 ./Core/Startup/startup_stm32f302r8tx.o
 .debug_abbrev  0x00000000000009f5      0x20e ./Drivers/STM32F3xx_HAL_Driver/Src/stm32f3xx_hal.o
 .debug_abbrev  0x0000000000000c03      0x2ed ./Drivers/STM32F3xx_HAL_Driver/Src/stm32f3xx_hal_cortex.o
 .debug_abbrev  0x0000000000000ef0      0x19d ./Drivers/STM32F3xx_HAL_Driver/Src/stm32f3xx_hal_dac.o
 .debug_abbrev  0x000000000000108d      0x1ff ./Drivers/STM32F3xx_HAL_Driver/Src/stm32f3xx_hal_dac_ex.o
 .debug_abbrev  0x000000000000128c      0x1fe ./Drivers/STM32F3xx_HAL_Driver/Src/stm32f3xx_hal_dma.o
 .debug_abbrev  0x000000000000148a      0x1bb ./Drivers/STM32F3xx_HAL_Driver/Src/stm32f3xx_hal_gpio.o
 .debug_abbrev  0x0000000000001645      0x2f9 ./Drivers/STM32F3xx_HAL_Driver/Src/stm32f3xx_hal_rcc.o
 .debug_abbrev  0x000000000000193e      0x22d ./Drivers/STM32F3xx_HAL_Driver/Src/stm32f3xx_hal_rcc_ex.o
 .debug_abbrev  0x0000000000001b6b      0x264 ./Drivers/STM32F3xx_HAL_Driver/Src/stm32f3xx_hal_tim.o
 .debug_abbrev  0x0000000000001dcf      0x26c ./Drivers/STM32F3xx_HAL_Driver/Src/stm32f3xx_hal_tim_ex.o
 .debug_abbrev  0x000000000000203b      0x2bc ./Drivers/STM32F3xx_HAL_Driver/Src/stm32f3xx_hal_uart.o

.debug_aranges  0x0000000000000000      0xe28
 .debug_aranges
                0x0000000000000000       0x70 ./Core/Src/main.o
 .debug_aranges
                0x0000000000000070       0x78 ./Core/Src/max_matrix_stm33.o
 .debug_aranges
                0x00000000000000e8       0x60 ./Core/Src/stm32f3xx_hal_msp.o
 .debug_aranges
                0x0000000000000148       0x70 ./Core/Src/stm32f3xx_it.o
 .debug_aranges
                0x00000000000001b8       0x28 ./Core/Src/system_stm32f3xx.o
 .debug_aranges
                0x00000000000001e0       0x28 ./Core/Startup/startup_stm32f302r8tx.o
 .debug_aranges
                0x0000000000000208       0xe0 ./Drivers/STM32F3xx_HAL_Driver/Src/stm32f3xx_hal.o
 .debug_aranges
                0x00000000000002e8      0x100 ./Drivers/STM32F3xx_HAL_Driver/Src/stm32f3xx_hal_cortex.o
 .debug_aranges
                0x00000000000003e8       0xa8 ./Drivers/STM32F3xx_HAL_Driver/Src/stm32f3xx_hal_dac.o
 .debug_aranges
                0x0000000000000490       0x78 ./Drivers/STM32F3xx_HAL_Driver/Src/stm32f3xx_hal_dac_ex.o
 .debug_aranges
                0x0000000000000508       0x88 ./Drivers/STM32F3xx_HAL_Driver/Src/stm32f3xx_hal_dma.o
 .debug_aranges
                0x0000000000000590       0x58 ./Drivers/STM32F3xx_HAL_Driver/Src/stm32f3xx_hal_gpio.o
 .debug_aranges
                0x00000000000005e8       0x88 ./Drivers/STM32F3xx_HAL_Driver/Src/stm32f3xx_hal_rcc.o
 .debug_aranges
                0x0000000000000670       0x38 ./Drivers/STM32F3xx_HAL_Driver/Src/stm32f3xx_hal_rcc_ex.o
 .debug_aranges
                0x00000000000006a8      0x3e0 ./Drivers/STM32F3xx_HAL_Driver/Src/stm32f3xx_hal_tim.o
 .debug_aranges
                0x0000000000000a88      0x178 ./Drivers/STM32F3xx_HAL_Driver/Src/stm32f3xx_hal_tim_ex.o
 .debug_aranges
                0x0000000000000c00      0x228 ./Drivers/STM32F3xx_HAL_Driver/Src/stm32f3xx_hal_uart.o

.debug_ranges   0x0000000000000000      0xd50
 .debug_ranges  0x0000000000000000       0x60 ./Core/Src/main.o
 .debug_ranges  0x0000000000000060       0x68 ./Core/Src/max_matrix_stm33.o
 .debug_ranges  0x00000000000000c8       0x50 ./Core/Src/stm32f3xx_hal_msp.o
 .debug_ranges  0x0000000000000118       0x60 ./Core/Src/stm32f3xx_it.o
 .debug_ranges  0x0000000000000178       0x18 ./Core/Src/system_stm32f3xx.o
 .debug_ranges  0x0000000000000190       0x20 ./Core/Startup/startup_stm32f302r8tx.o
 .debug_ranges  0x00000000000001b0       0xd0 ./Drivers/STM32F3xx_HAL_Driver/Src/stm32f3xx_hal.o
 .debug_ranges  0x0000000000000280       0xf0 ./Drivers/STM32F3xx_HAL_Driver/Src/stm32f3xx_hal_cortex.o
 .debug_ranges  0x0000000000000370       0x98 ./Drivers/STM32F3xx_HAL_Driver/Src/stm32f3xx_hal_dac.o
 .debug_ranges  0x0000000000000408       0x68 ./Drivers/STM32F3xx_HAL_Driver/Src/stm32f3xx_hal_dac_ex.o
 .debug_ranges  0x0000000000000470       0x78 ./Drivers/STM32F3xx_HAL_Driver/Src/stm32f3xx_hal_dma.o
 .debug_ranges  0x00000000000004e8       0x48 ./Drivers/STM32F3xx_HAL_Driver/Src/stm32f3xx_hal_gpio.o
 .debug_ranges  0x0000000000000530       0x78 ./Drivers/STM32F3xx_HAL_Driver/Src/stm32f3xx_hal_rcc.o
 .debug_ranges  0x00000000000005a8       0x28 ./Drivers/STM32F3xx_HAL_Driver/Src/stm32f3xx_hal_rcc_ex.o
 .debug_ranges  0x00000000000005d0      0x3d0 ./Drivers/STM32F3xx_HAL_Driver/Src/stm32f3xx_hal_tim.o
 .debug_ranges  0x00000000000009a0      0x168 ./Drivers/STM32F3xx_HAL_Driver/Src/stm32f3xx_hal_tim_ex.o
 .debug_ranges  0x0000000000000b08      0x248 ./Drivers/STM32F3xx_HAL_Driver/Src/stm32f3xx_hal_uart.o

.debug_macro    0x0000000000000000    0x1c103
 .debug_macro   0x0000000000000000      0x2a9 ./Core/Src/main.o
 .debug_macro   0x00000000000002a9      0xa78 ./Core/Src/main.o
 .debug_macro   0x0000000000000d21      0x15d ./Core/Src/main.o
 .debug_macro   0x0000000000000e7e       0x2e ./Core/Src/main.o
 .debug_macro   0x0000000000000eac       0x28 ./Core/Src/main.o
 .debug_macro   0x0000000000000ed4       0x22 ./Core/Src/main.o
 .debug_macro   0x0000000000000ef6       0x8e ./Core/Src/main.o
 .debug_macro   0x0000000000000f84       0x51 ./Core/Src/main.o
 .debug_macro   0x0000000000000fd5      0x103 ./Core/Src/main.o
 .debug_macro   0x00000000000010d8       0x6a ./Core/Src/main.o
 .debug_macro   0x0000000000001142      0x1df ./Core/Src/main.o
 .debug_macro   0x0000000000001321       0x1c ./Core/Src/main.o
 .debug_macro   0x000000000000133d       0x22 ./Core/Src/main.o
 .debug_macro   0x000000000000135f       0xd9 ./Core/Src/main.o
 .debug_macro   0x0000000000001438      0xf07 ./Core/Src/main.o
 .debug_macro   0x000000000000233f    0x110e8 ./Core/Src/main.o
 .debug_macro   0x0000000000013427       0x6d ./Core/Src/main.o
 .debug_macro   0x0000000000013494     0x3558 ./Core/Src/main.o
 .debug_macro   0x00000000000169ec      0x174 ./Core/Src/main.o
 .debug_macro   0x0000000000016b60       0x55 ./Core/Src/main.o
 .debug_macro   0x0000000000016bb5      0x8f8 ./Core/Src/main.o
 .debug_macro   0x00000000000174ad      0x41b ./Core/Src/main.o
 .debug_macro   0x00000000000178c8      0x1b5 ./Core/Src/main.o
 .debug_macro   0x0000000000017a7d      0x161 ./Core/Src/main.o
 .debug_macro   0x0000000000017bde      0x1d5 ./Core/Src/main.o
 .debug_macro   0x0000000000017db3      0x1bc ./Core/Src/main.o
 .debug_macro   0x0000000000017f6f       0x34 ./Core/Src/main.o
 .debug_macro   0x0000000000017fa3       0x3c ./Core/Src/main.o
 .debug_macro   0x0000000000017fdf       0x57 ./Core/Src/main.o
 .debug_macro   0x0000000000018036      0x176 ./Core/Src/main.o
 .debug_macro   0x00000000000181ac       0x4e ./Core/Src/main.o
 .debug_macro   0x00000000000181fa       0xc5 ./Core/Src/main.o
 .debug_macro   0x00000000000182bf      0x19f ./Core/Src/main.o
 .debug_macro   0x000000000001845e      0x22c ./Core/Src/main.o
 .debug_macro   0x000000000001868a       0x5b ./Core/Src/main.o
 .debug_macro   0x00000000000186e5       0xa5 ./Core/Src/main.o
 .debug_macro   0x000000000001878a       0x81 ./Core/Src/main.o
 .debug_macro   0x000000000001880b       0xd3 ./Core/Src/main.o
 .debug_macro   0x00000000000188de      0xa59 ./Core/Src/main.o
 .debug_macro   0x0000000000019337       0x41 ./Core/Src/main.o
 .debug_macro   0x0000000000019378      0x5ba ./Core/Src/main.o
 .debug_macro   0x0000000000019932       0x44 ./Core/Src/main.o
 .debug_macro   0x0000000000019976      0x1f7 ./Core/Src/main.o
 .debug_macro   0x0000000000019b6d       0x58 ./Core/Src/main.o
 .debug_macro   0x0000000000019bc5       0x22 ./Core/Src/main.o
 .debug_macro   0x0000000000019be7       0x46 ./Core/Src/main.o
 .debug_macro   0x0000000000019c2d       0x52 ./Core/Src/main.o
 .debug_macro   0x0000000000019c7f       0x1e ./Core/Src/main.o
 .debug_macro   0x0000000000019c9d       0x3c ./Core/Src/main.o
 .debug_macro   0x0000000000019cd9       0x34 ./Core/Src/main.o
 .debug_macro   0x0000000000019d0d       0x16 ./Core/Src/main.o
 .debug_macro   0x0000000000019d23       0x43 ./Core/Src/main.o
 .debug_macro   0x0000000000019d66       0x34 ./Core/Src/main.o
 .debug_macro   0x0000000000019d9a       0x10 ./Core/Src/main.o
 .debug_macro   0x0000000000019daa       0x58 ./Core/Src/main.o
 .debug_macro   0x0000000000019e02       0x71 ./Core/Src/main.o
 .debug_macro   0x0000000000019e73       0x1c ./Core/Src/main.o
 .debug_macro   0x0000000000019e8f      0x12a ./Core/Src/main.o
 .debug_macro   0x0000000000019fb9      0x341 ./Core/Src/main.o
 .debug_macro   0x000000000001a2fa      0x19b ./Core/Src/main.o
 .debug_macro   0x000000000001a495      0x1fa ./Core/Src/max_matrix_stm33.o
 .debug_macro   0x000000000001a68f      0x1e8 ./Core/Src/stm32f3xx_hal_msp.o
 .debug_macro   0x000000000001a877      0x1f2 ./Core/Src/stm32f3xx_it.o
 .debug_macro   0x000000000001aa69      0x1d9 ./Core/Src/system_stm32f3xx.o
 .debug_macro   0x000000000001ac42      0x1fd ./Drivers/STM32F3xx_HAL_Driver/Src/stm32f3xx_hal.o
 .debug_macro   0x000000000001ae3f      0x1d9 ./Drivers/STM32F3xx_HAL_Driver/Src/stm32f3xx_hal_cortex.o
 .debug_macro   0x000000000001b018      0x1da ./Drivers/STM32F3xx_HAL_Driver/Src/stm32f3xx_hal_dac.o
 .debug_macro   0x000000000001b1f2      0x1d9 ./Drivers/STM32F3xx_HAL_Driver/Src/stm32f3xx_hal_dac_ex.o
 .debug_macro   0x000000000001b3cb      0x1d9 ./Drivers/STM32F3xx_HAL_Driver/Src/stm32f3xx_hal_dma.o
 .debug_macro   0x000000000001b5a4      0x1e0 ./Drivers/STM32F3xx_HAL_Driver/Src/stm32f3xx_hal_gpio.o
 .debug_macro   0x000000000001b784      0x1fd ./Drivers/STM32F3xx_HAL_Driver/Src/stm32f3xx_hal_rcc.o
 .debug_macro   0x000000000001b981      0x1d9 ./Drivers/STM32F3xx_HAL_Driver/Src/stm32f3xx_hal_rcc_ex.o
 .debug_macro   0x000000000001bb5a      0x1da ./Drivers/STM32F3xx_HAL_Driver/Src/stm32f3xx_hal_tim.o
 .debug_macro   0x000000000001bd34      0x1d9 ./Drivers/STM32F3xx_HAL_Driver/Src/stm32f3xx_hal_tim_ex.o
 .debug_macro   0x000000000001bf0d      0x1f6 ./Drivers/STM32F3xx_HAL_Driver/Src/stm32f3xx_hal_uart.o

.debug_line     0x0000000000000000    0x1150e
 .debug_line    0x0000000000000000      0xb0e ./Core/Src/main.o
 .debug_line    0x0000000000000b0e      0xb6d ./Core/Src/max_matrix_stm33.o
 .debug_line    0x000000000000167b      0x852 ./Core/Src/stm32f3xx_hal_msp.o
 .debug_line    0x0000000000001ecd      0x803 ./Core/Src/stm32f3xx_it.o
 .debug_line    0x00000000000026d0      0x787 ./Core/Src/system_stm32f3xx.o
 .debug_line    0x0000000000002e57       0x88 ./Core/Startup/startup_stm32f302r8tx.o
 .debug_line    0x0000000000002edf      0x9bc ./Drivers/STM32F3xx_HAL_Driver/Src/stm32f3xx_hal.o
 .debug_line    0x000000000000389b      0xba4 ./Drivers/STM32F3xx_HAL_Driver/Src/stm32f3xx_hal_cortex.o
 .debug_line    0x000000000000443f      0x904 ./Drivers/STM32F3xx_HAL_Driver/Src/stm32f3xx_hal_dac.o
 .debug_line    0x0000000000004d43      0xa49 ./Drivers/STM32F3xx_HAL_Driver/Src/stm32f3xx_hal_dac_ex.o
 .debug_line    0x000000000000578c      0xcaa ./Drivers/STM32F3xx_HAL_Driver/Src/stm32f3xx_hal_dma.o
 .debug_line    0x0000000000006436      0xb07 ./Drivers/STM32F3xx_HAL_Driver/Src/stm32f3xx_hal_gpio.o
 .debug_line    0x0000000000006f3d     0x1399 ./Drivers/STM32F3xx_HAL_Driver/Src/stm32f3xx_hal_rcc.o
 .debug_line    0x00000000000082d6      0xbf9 ./Drivers/STM32F3xx_HAL_Driver/Src/stm32f3xx_hal_rcc_ex.o
 .debug_line    0x0000000000008ecf     0x3bba ./Drivers/STM32F3xx_HAL_Driver/Src/stm32f3xx_hal_tim.o
 .debug_line    0x000000000000ca89     0x1a02 ./Drivers/STM32F3xx_HAL_Driver/Src/stm32f3xx_hal_tim_ex.o
 .debug_line    0x000000000000e48b     0x3083 ./Drivers/STM32F3xx_HAL_Driver/Src/stm32f3xx_hal_uart.o

.debug_str      0x0000000000000000    0xa724a
 .debug_str     0x0000000000000000    0xa4525 ./Core/Src/main.o
                                      0xa4984 (size before relaxing)
 .debug_str     0x00000000000a4525       0xdb ./Core/Src/max_matrix_stm33.o
                                      0xa0213 (size before relaxing)
 .debug_str     0x00000000000a4600      0x166 ./Core/Src/stm32f3xx_hal_msp.o
                                      0xa0d6a (size before relaxing)
 .debug_str     0x00000000000a4766      0x118 ./Core/Src/stm32f3xx_it.o
                                      0xa0508 (size before relaxing)
 .debug_str     0x00000000000a487e       0xdf ./Core/Src/system_stm32f3xx.o
                                      0x9ff04 (size before relaxing)
 .debug_str     0x00000000000a495d       0x36 ./Core/Startup/startup_stm32f302r8tx.o
                                         0x75 (size before relaxing)
 .debug_str     0x00000000000a4993      0x37a ./Drivers/STM32F3xx_HAL_Driver/Src/stm32f3xx_hal.o
                                      0xa065e (size before relaxing)
 .debug_str     0x00000000000a4d0d      0x22c ./Drivers/STM32F3xx_HAL_Driver/Src/stm32f3xx_hal_cortex.o
                                      0xa0583 (size before relaxing)
 .debug_str     0x00000000000a4f39      0x167 ./Drivers/STM32F3xx_HAL_Driver/Src/stm32f3xx_hal_dac.o
                                      0xa0314 (size before relaxing)
 .debug_str     0x00000000000a50a0       0xf4 ./Drivers/STM32F3xx_HAL_Driver/Src/stm32f3xx_hal_dac_ex.o
                                      0xa033f (size before relaxing)
 .debug_str     0x00000000000a5194      0x1fa ./Drivers/STM32F3xx_HAL_Driver/Src/stm32f3xx_hal_dma.o
                                      0xa024c (size before relaxing)
 .debug_str     0x00000000000a538e       0xeb ./Drivers/STM32F3xx_HAL_Driver/Src/stm32f3xx_hal_gpio.o
                                      0xa007a (size before relaxing)
 .debug_str     0x00000000000a5479      0x2d1 ./Drivers/STM32F3xx_HAL_Driver/Src/stm32f3xx_hal_rcc.o
                                      0xa03a4 (size before relaxing)
 .debug_str     0x00000000000a574a       0xbe ./Drivers/STM32F3xx_HAL_Driver/Src/stm32f3xx_hal_rcc_ex.o
                                      0xa0128 (size before relaxing)
 .debug_str     0x00000000000a5808      0xcf7 ./Drivers/STM32F3xx_HAL_Driver/Src/stm32f3xx_hal_tim.o
                                      0xa132b (size before relaxing)
 .debug_str     0x00000000000a64ff      0x4dc ./Drivers/STM32F3xx_HAL_Driver/Src/stm32f3xx_hal_tim_ex.o
                                      0xa0b81 (size before relaxing)
 .debug_str     0x00000000000a69db      0x86f ./Drivers/STM32F3xx_HAL_Driver/Src/stm32f3xx_hal_uart.o
                                      0xa0c27 (size before relaxing)

.comment        0x0000000000000000       0x50
 .comment       0x0000000000000000       0x50 ./Core/Src/main.o
                                         0x51 (size before relaxing)
 .comment       0x0000000000000050       0x51 ./Core/Src/max_matrix_stm33.o
 .comment       0x0000000000000050       0x51 ./Core/Src/stm32f3xx_hal_msp.o
 .comment       0x0000000000000050       0x51 ./Core/Src/stm32f3xx_it.o
 .comment       0x0000000000000050       0x51 ./Core/Src/system_stm32f3xx.o
 .comment       0x0000000000000050       0x51 ./Drivers/STM32F3xx_HAL_Driver/Src/stm32f3xx_hal.o
 .comment       0x0000000000000050       0x51 ./Drivers/STM32F3xx_HAL_Driver/Src/stm32f3xx_hal_cortex.o
 .comment       0x0000000000000050       0x51 ./Drivers/STM32F3xx_HAL_Driver/Src/stm32f3xx_hal_dac.o
 .comment       0x0000000000000050       0x51 ./Drivers/STM32F3xx_HAL_Driver/Src/stm32f3xx_hal_dac_ex.o
 .comment       0x0000000000000050       0x51 ./Drivers/STM32F3xx_HAL_Driver/Src/stm32f3xx_hal_dma.o
 .comment       0x0000000000000050       0x51 ./Drivers/STM32F3xx_HAL_Driver/Src/stm32f3xx_hal_gpio.o
 .comment       0x0000000000000050       0x51 ./Drivers/STM32F3xx_HAL_Driver/Src/stm32f3xx_hal_rcc.o
 .comment       0x0000000000000050       0x51 ./Drivers/STM32F3xx_HAL_Driver/Src/stm32f3xx_hal_rcc_ex.o
 .comment       0x0000000000000050       0x51 ./Drivers/STM32F3xx_HAL_Driver/Src/stm32f3xx_hal_tim.o
 .comment       0x0000000000000050       0x51 ./Drivers/STM32F3xx_HAL_Driver/Src/stm32f3xx_hal_tim_ex.o
 .comment       0x0000000000000050       0x51 ./Drivers/STM32F3xx_HAL_Driver/Src/stm32f3xx_hal_uart.o

.debug_frame    0x0000000000000000     0x3f48
 .debug_frame   0x0000000000000000      0x188 ./Core/Src/main.o
 .debug_frame   0x0000000000000188      0x1c0 ./Core/Src/max_matrix_stm33.o
 .debug_frame   0x0000000000000348      0x15c ./Core/Src/stm32f3xx_hal_msp.o
 .debug_frame   0x00000000000004a4      0x13c ./Core/Src/stm32f3xx_it.o
 .debug_frame   0x00000000000005e0       0x58 ./Core/Src/system_stm32f3xx.o
 .debug_frame   0x0000000000000638      0x334 ./Drivers/STM32F3xx_HAL_Driver/Src/stm32f3xx_hal.o
 .debug_frame   0x000000000000096c      0x428 ./Drivers/STM32F3xx_HAL_Driver/Src/stm32f3xx_hal_cortex.o
 .debug_frame   0x0000000000000d94      0x2d4 ./Drivers/STM32F3xx_HAL_Driver/Src/stm32f3xx_hal_dac.o
 .debug_frame   0x0000000000001068      0x1dc ./Drivers/STM32F3xx_HAL_Driver/Src/stm32f3xx_hal_dac_ex.o
 .debug_frame   0x0000000000001244      0x224 ./Drivers/STM32F3xx_HAL_Driver/Src/stm32f3xx_hal_dma.o
 .debug_frame   0x0000000000001468      0x14c ./Drivers/STM32F3xx_HAL_Driver/Src/stm32f3xx_hal_gpio.o
 .debug_frame   0x00000000000015b4      0x214 ./Drivers/STM32F3xx_HAL_Driver/Src/stm32f3xx_hal_rcc.o
 .debug_frame   0x00000000000017c8       0xb0 ./Drivers/STM32F3xx_HAL_Driver/Src/stm32f3xx_hal_rcc_ex.o
 .debug_frame   0x0000000000001878     0x121c ./Drivers/STM32F3xx_HAL_Driver/Src/stm32f3xx_hal_tim.o
 .debug_frame   0x0000000000002a94      0x688 ./Drivers/STM32F3xx_HAL_Driver/Src/stm32f3xx_hal_tim_ex.o
 .debug_frame   0x000000000000311c      0x9e8 ./Drivers/STM32F3xx_HAL_Driver/Src/stm32f3xx_hal_uart.o
 .debug_frame   0x0000000000003b04       0x2c c:/st/stm32cubeide_1.12.1/stm32cubeide/plugins/com.st.stm32cube.ide.mcu.externaltools.gnu-tools-for-stm32.10.3-2021.10.win32_1.0.200.202301161003/tools/bin/../lib/gcc/arm-none-eabi/10.3.1/../../../../arm-none-eabi/lib/thumb/v7e-m+fp/hard\libc_nano.a(lib_a-init.o)
 .debug_frame   0x0000000000003b30       0x20 c:/st/stm32cubeide_1.12.1/stm32cubeide/plugins/com.st.stm32cube.ide.mcu.externaltools.gnu-tools-for-stm32.10.3-2021.10.win32_1.0.200.202301161003/tools/bin/../lib/gcc/arm-none-eabi/10.3.1/../../../../arm-none-eabi/lib/thumb/v7e-m+fp/hard\libc_nano.a(lib_a-memset.o)
 .debug_frame   0x0000000000003b50       0x38 c:/st/stm32cubeide_1.12.1/stm32cubeide/plugins/com.st.stm32cube.ide.mcu.externaltools.gnu-tools-for-stm32.10.3-2021.10.win32_1.0.200.202301161003/tools/bin/../lib/gcc/arm-none-eabi/10.3.1/../../../../arm-none-eabi/lib/thumb/v7e-m+fp/hard\libm.a(lib_a-s_sin.o)
 .debug_frame   0x0000000000003b88       0x50 c:/st/stm32cubeide_1.12.1/stm32cubeide/plugins/com.st.stm32cube.ide.mcu.externaltools.gnu-tools-for-stm32.10.3-2021.10.win32_1.0.200.202301161003/tools/bin/../lib/gcc/arm-none-eabi/10.3.1/../../../../arm-none-eabi/lib/thumb/v7e-m+fp/hard\libm.a(lib_a-e_rem_pio2.o)
 .debug_frame   0x0000000000003bd8       0x3c c:/st/stm32cubeide_1.12.1/stm32cubeide/plugins/com.st.stm32cube.ide.mcu.externaltools.gnu-tools-for-stm32.10.3-2021.10.win32_1.0.200.202301161003/tools/bin/../lib/gcc/arm-none-eabi/10.3.1/../../../../arm-none-eabi/lib/thumb/v7e-m+fp/hard\libm.a(lib_a-k_cos.o)
 .debug_frame   0x0000000000003c14       0x54 c:/st/stm32cubeide_1.12.1/stm32cubeide/plugins/com.st.stm32cube.ide.mcu.externaltools.gnu-tools-for-stm32.10.3-2021.10.win32_1.0.200.202301161003/tools/bin/../lib/gcc/arm-none-eabi/10.3.1/../../../../arm-none-eabi/lib/thumb/v7e-m+fp/hard\libm.a(lib_a-k_rem_pio2.o)
 .debug_frame   0x0000000000003c68       0x5c c:/st/stm32cubeide_1.12.1/stm32cubeide/plugins/com.st.stm32cube.ide.mcu.externaltools.gnu-tools-for-stm32.10.3-2021.10.win32_1.0.200.202301161003/tools/bin/../lib/gcc/arm-none-eabi/10.3.1/../../../../arm-none-eabi/lib/thumb/v7e-m+fp/hard\libm.a(lib_a-k_sin.o)
 .debug_frame   0x0000000000003cc4       0x20 c:/st/stm32cubeide_1.12.1/stm32cubeide/plugins/com.st.stm32cube.ide.mcu.externaltools.gnu-tools-for-stm32.10.3-2021.10.win32_1.0.200.202301161003/tools/bin/../lib/gcc/arm-none-eabi/10.3.1/../../../../arm-none-eabi/lib/thumb/v7e-m+fp/hard\libm.a(lib_a-s_fabs.o)
 .debug_frame   0x0000000000003ce4       0x30 c:/st/stm32cubeide_1.12.1/stm32cubeide/plugins/com.st.stm32cube.ide.mcu.externaltools.gnu-tools-for-stm32.10.3-2021.10.win32_1.0.200.202301161003/tools/bin/../lib/gcc/arm-none-eabi/10.3.1/../../../../arm-none-eabi/lib/thumb/v7e-m+fp/hard\libm.a(lib_a-s_floor.o)
 .debug_frame   0x0000000000003d14       0x2c c:/st/stm32cubeide_1.12.1/stm32cubeide/plugins/com.st.stm32cube.ide.mcu.externaltools.gnu-tools-for-stm32.10.3-2021.10.win32_1.0.200.202301161003/tools/bin/../lib/gcc/arm-none-eabi/10.3.1/../../../../arm-none-eabi/lib/thumb/v7e-m+fp/hard\libm.a(lib_a-s_scalbn.o)
 .debug_frame   0x0000000000003d40       0xac c:/st/stm32cubeide_1.12.1/stm32cubeide/plugins/com.st.stm32cube.ide.mcu.externaltools.gnu-tools-for-stm32.10.3-2021.10.win32_1.0.200.202301161003/tools/bin/../lib/gcc/arm-none-eabi/10.3.1/thumb/v7e-m+fp/hard\libgcc.a(_arm_addsubdf3.o)
 .debug_frame   0x0000000000003dec       0x50 c:/st/stm32cubeide_1.12.1/stm32cubeide/plugins/com.st.stm32cube.ide.mcu.externaltools.gnu-tools-for-stm32.10.3-2021.10.win32_1.0.200.202301161003/tools/bin/../lib/gcc/arm-none-eabi/10.3.1/thumb/v7e-m+fp/hard\libgcc.a(_arm_muldivdf3.o)
 .debug_frame   0x0000000000003e3c       0xc4 c:/st/stm32cubeide_1.12.1/stm32cubeide/plugins/com.st.stm32cube.ide.mcu.externaltools.gnu-tools-for-stm32.10.3-2021.10.win32_1.0.200.202301161003/tools/bin/../lib/gcc/arm-none-eabi/10.3.1/thumb/v7e-m+fp/hard\libgcc.a(_arm_cmpdf2.o)
 .debug_frame   0x0000000000003f00       0x24 c:/st/stm32cubeide_1.12.1/stm32cubeide/plugins/com.st.stm32cube.ide.mcu.externaltools.gnu-tools-for-stm32.10.3-2021.10.win32_1.0.200.202301161003/tools/bin/../lib/gcc/arm-none-eabi/10.3.1/thumb/v7e-m+fp/hard\libgcc.a(_arm_fixdfsi.o)
 .debug_frame   0x0000000000003f24       0x24 c:/st/stm32cubeide_1.12.1/stm32cubeide/plugins/com.st.stm32cube.ide.mcu.externaltools.gnu-tools-for-stm32.10.3-2021.10.win32_1.0.200.202301161003/tools/bin/../lib/gcc/arm-none-eabi/10.3.1/thumb/v7e-m+fp/hard\libgcc.a(_arm_fixunsdfsi.o)
