../Core/Src/main.c:92:6:button	8	static
../Core/Src/main.c:108:6:HAL_TIM_IC_CaptureCallback	16	static
../Core/Src/main.c:172:5:main	24	static
../Core/Src/main.c:345:6:SystemClock_Config	120	static
../Core/Src/main.c:393:13:MX_ADC1_Init	32	static
../Core/Src/main.c:450:13:MX_DAC_Init	24	static
../Core/Src/main.c:490:13:MX_TIM2_Init	56	static
../Core/Src/main.c:539:13:MX_TIM15_Init	40	static
../Core/Src/main.c:585:13:MX_USART2_UART_Init	8	static
../Core/Src/main.c:618:13:MX_DMA_Init	16	static
../Core/Src/main.c:639:13:MX_GPIO_Init	48	static
../Core/Src/main.c:679:6:Error_Handler	4	static,ignoring_inline_asm
