../Core/Src/main.c:164:6:Uart	8	static
../Core/Src/main.c:213:6:HAL_TIM_IC_CaptureCallback	16	static
../Core/Src/main.c:237:6:HAL_USART_RxCpltCallback	16	static
../Core/Src/main.c:249:5:main	88	static
../Core/Src/main.c:443:6:SystemClock_Config	120	static
../Core/Src/main.c:491:13:MX_ADC1_Init	32	static
../Core/Src/main.c:548:13:MX_DAC_Init	24	static
../Core/Src/main.c:588:13:MX_TIM2_Init	56	static
../Core/Src/main.c:637:13:MX_TIM15_Init	40	static
../Core/Src/main.c:683:13:MX_USART2_UART_Init	8	static
../Core/Src/main.c:716:13:MX_DMA_Init	16	static
../Core/Src/main.c:737:13:MX_GPIO_Init	48	static
../Core/Src/main.c:802:6:Error_Handler	4	static,ignoring_inline_asm
