11:16:01 **** Incremental Build of configuration Debug for project freertos ****
make -j4 all 
arm-none-eabi-size   freertos.elf 
   text	   data	    bss	    dec	    hex	filename
  22908	    124	   6348	  29380	   72c4	freertos.elf
Finished building: default.size.stdout
 
11:16:17 **** Incremental Build of configuration Debug for project freertos ****
make -j4 all 
arm-none-eabi-size   freertos.elf 
   text	   data	    bss	    dec	    hex	filename
  22908	    124	   6348	  29380	   72c4	freertos.elf
Finished building: default.size.stdout
 
11:17:00 **** Incremental Build of configuration Debug for project freertos ****
make -j4 all 
arm-none-eabi-size   freertos.elf 
   text	   data	    bss	    dec	    hex	filename
  22908	    124	   6348	  29380	   72c4	freertos.elf
Finished building: default.size.stdout
 
11:19:29 **** Incremental Build of configuration Debug for project freertos ****
make -j4 all 
arm-none-eabi-size   freertos.elf 
   text	   data	    bss	    dec	    hex	filename
  22908	    124	   6348	  29380	   72c4	freertos.elf
Finished building: default.size.stdout
 
11:33:51 **** Incremental Build of configuration Debug for project freertos ****
make -j4 all 
arm-none-eabi-gcc "../Core/Src/main.c" -mcpu=cortex-m4 -std=gnu11 -g3 -DDEBUG -DUSE_HAL_DRIVER -DSTM32F302x8 -c -I../Core/Inc -I../Drivers/STM32F3xx_HAL_Driver/Inc -I../Drivers/STM32F3xx_HAL_Driver/Inc/Legacy -I../Drivers/CMSIS/Device/ST/STM32F3xx/Include -I../Drivers/CMSIS/Include -I../Middlewares/Third_Party/FreeRTOS/Source/include -I../Middlewares/Third_Party/FreeRTOS/Source/CMSIS_RTOS -I../Middlewares/Third_Party/FreeRTOS/Source/portable/GCC/ARM_CM4F -O0 -ffunction-sections -fdata-sections -Wall -fstack-usage -fcyclomatic-complexity -MMD -MP -MF"Core/Src/main.d" -MT"Core/Src/main.o" --specs=nano.specs -mfpu=fpv4-sp-d16 -mfloat-abi=hard -mthumb -o "Core/Src/main.o"
arm-none-eabi-gcc -o "freertos.elf" @"objects.list"   -mcpu=cortex-m4 -T"C:\Users\User\STM32CubeIDE\workspace_1.12.1\freertos\STM32F302R8TX_FLASH.ld" --specs=nosys.specs -Wl,-Map="freertos.map" -Wl,--gc-sections -static --specs=nano.specs -mfpu=fpv4-sp-d16 -mfloat-abi=hard -mthumb -Wl,--start-group -lc -lm -Wl,--end-group
Finished building target: freertos.elf
 
arm-none-eabi-size   freertos.elf 
arm-none-eabi-objdump -h -S  freertos.elf  > "freertos.list"
   text	   data	    bss	    dec	    hex	filename
  22876	    124	   6348	  29348	   72a4	freertos.elf
Finished building: default.size.stdout
 
Finished building: freertos.list
 
11:39:15 **** Incremental Build of configuration Debug for project freertos ****
make -j4 all 
arm-none-eabi-gcc "../Core/Src/main.c" -mcpu=cortex-m4 -std=gnu11 -g3 -DDEBUG -DUSE_HAL_DRIVER -DSTM32F302x8 -c -I../Core/Inc -I../Drivers/STM32F3xx_HAL_Driver/Inc -I../Drivers/STM32F3xx_HAL_Driver/Inc/Legacy -I../Drivers/CMSIS/Device/ST/STM32F3xx/Include -I../Drivers/CMSIS/Include -I../Middlewares/Third_Party/FreeRTOS/Source/include -I../Middlewares/Third_Party/FreeRTOS/Source/CMSIS_RTOS -I../Middlewares/Third_Party/FreeRTOS/Source/portable/GCC/ARM_CM4F -O0 -ffunction-sections -fdata-sections -Wall -fstack-usage -fcyclomatic-complexity -MMD -MP -MF"Core/Src/main.d" -MT"Core/Src/main.o" --specs=nano.specs -mfpu=fpv4-sp-d16 -mfloat-abi=hard -mthumb -o "Core/Src/main.o"
arm-none-eabi-gcc -o "freertos.elf" @"objects.list"   -mcpu=cortex-m4 -T"C:\Users\User\STM32CubeIDE\workspace_1.12.1\freertos\STM32F302R8TX_FLASH.ld" --specs=nosys.specs -Wl,-Map="freertos.map" -Wl,--gc-sections -static --specs=nano.specs -mfpu=fpv4-sp-d16 -mfloat-abi=hard -mthumb -Wl,--start-group -lc -lm -Wl,--end-group
Finished building target: freertos.elf
 
arm-none-eabi-size   freertos.elf 
arm-none-eabi-objdump -h -S  freertos.elf  > "freertos.list"
   text	   data	    bss	    dec	    hex	filename
  22876	    124	   6348	  29348	   72a4	freertos.elf
Finished building: default.size.stdout
 
Finished building: freertos.list
 
12:25:18 **** Incremental Build of configuration Debug for project Micro_clase1 ****
make -j4 all 
arm-none-eabi-size   Micro_clase1.elf 
   text	   data	    bss	    dec	    hex	filename
  10168	     20	   1708	  11896	   2e78	Micro_clase1.elf
Finished building: default.size.stdout
 
12:25:50 **** Incremental Build of configuration Debug for project Micro_clase1 ****
make -j4 all 
arm-none-eabi-size   Micro_clase1.elf 
   text	   data	    bss	    dec	    hex	filename
  10168	     20	   1708	  11896	   2e78	Micro_clase1.elf
Finished building: default.size.stdout
 
12:26:13 **** Incremental Build of configuration Debug for project Micro_clase1 ****
make -j4 all 
arm-none-eabi-size   Micro_clase1.elf 
   text	   data	    bss	    dec	    hex	filename
  10168	     20	   1708	  11896	   2e78	Micro_clase1.elf
Finished building: default.size.stdout
 
12:27:00 **** Incremental Build of configuration Debug for project Pulsador ****
make -j4 all 
arm-none-eabi-size   Pulsador.elf 
   text	   data	    bss	    dec	    hex	filename
   8036	     20	   1572	   9628	   259c	Pulsador.elf
Finished building: default.size.stdout
 
12:27:45 **** Incremental Build of configuration Debug for project Pulsador ****
make -j4 all 
arm-none-eabi-size   Pulsador.elf 
   text	   data	    bss	    dec	    hex	filename
   8036	     20	   1572	   9628	   259c	Pulsador.elf
Finished building: default.size.stdout
 
12:28:30 **** Incremental Build of configuration Debug for project Pulsador ****
make -j4 all 
arm-none-eabi-size   Pulsador.elf 
   text	   data	    bss	    dec	    hex	filename
   8036	     20	   1572	   9628	   259c	Pulsador.elf
Finished building: default.size.stdout
 
12:29:44 **** Incremental Build of configuration Debug for project Proyecto0.0 ****
make -j4 all 
arm-none-eabi-size   Proyecto0.0.elf 
   text	   data	    bss	    dec	    hex	filename
  27328	    128	   4360	  31816	   7c48	Proyecto0.0.elf
Finished building: default.size.stdout
 
12:30:34 **** Incremental Build of configuration Debug for project Pulsador ****
make -j4 all 
arm-none-eabi-size   Pulsador.elf 
   text	   data	    bss	    dec	    hex	filename
   8036	     20	   1572	   9628	   259c	Pulsador.elf
Finished building: default.size.stdout
 
12:32:49 **** Incremental Build of configuration Debug for project Pulsador ****
make -j4 all 
arm-none-eabi-size   Pulsador.elf 
   text	   data	    bss	    dec	    hex	filename
   8036	     20	   1572	   9628	   259c	Pulsador.elf
Finished building: default.size.stdout
 
12:34:33 **** Incremental Build of configuration Debug for project Pulsador ****
make -j4 all 
arm-none-eabi-size   Pulsador.elf 
   text	   data	    bss	    dec	    hex	filename
   8036	     20	   1572	   9628	   259c	Pulsador.elf
Finished building: default.size.stdout
 
12:37:46 **** Incremental Build of configuration Debug for project Pulsador ****
make -j4 all 
arm-none-eabi-size   Pulsador.elf 
   text	   data	    bss	    dec	    hex	filename
   8036	     20	   1572	   9628	   259c	Pulsador.elf
Finished building: default.size.stdout
 
12:38:06 **** Incremental Build of configuration Debug for project Pulsador ****
make -j4 all 
arm-none-eabi-size   Pulsador.elf 
   text	   data	    bss	    dec	    hex	filename
   8036	     20	   1572	   9628	   259c	Pulsador.elf
Finished building: default.size.stdout
 
12:39:08 **** Incremental Build of configuration Debug for project Pulsador ****
make -j4 all 
arm-none-eabi-size   Pulsador.elf 
   text	   data	    bss	    dec	    hex	filename
   8036	     20	   1572	   9628	   259c	Pulsador.elf
Finished building: default.size.stdout
 
12:39:30 **** Incremental Build of configuration Debug for project Pulsador ****
make -j4 all 
arm-none-eabi-size   Pulsador.elf 
   text	   data	    bss	    dec	    hex	filename
   8036	     20	   1572	   9628	   259c	Pulsador.elf
Finished building: default.size.stdout
 
12:52:44 **** Incremental Build of configuration Debug for project freertos ****
make -j4 all 
arm-none-eabi-size   freertos.elf 
   text	   data	    bss	    dec	    hex	filename
  22876	    124	   6348	  29348	   72a4	freertos.elf
Finished building: default.size.stdout
 
12:53:38 **** Incremental Build of configuration Debug for project Pulsador ****
make -j4 all 
arm-none-eabi-size   Pulsador.elf 
   text	   data	    bss	    dec	    hex	filename
   8036	     20	   1572	   9628	   259c	Pulsador.elf
Finished building: default.size.stdout
 
12:54:34 **** Incremental Build of configuration Debug for project freertos ****
make -j4 all 
arm-none-eabi-size   freertos.elf 
   text	   data	    bss	    dec	    hex	filename
  22876	    124	   6348	  29348	   72a4	freertos.elf
Finished building: default.size.stdout
 
12:56:05 **** Incremental Build of configuration Debug for project freertos ****
make -j4 all 
arm-none-eabi-gcc "../Core/Src/main.c" -mcpu=cortex-m4 -std=gnu11 -g3 -DDEBUG -DUSE_HAL_DRIVER -DSTM32F302x8 -c -I../Core/Inc -I../Drivers/STM32F3xx_HAL_Driver/Inc -I../Drivers/STM32F3xx_HAL_Driver/Inc/Legacy -I../Drivers/CMSIS/Device/ST/STM32F3xx/Include -I../Drivers/CMSIS/Include -I../Middlewares/Third_Party/FreeRTOS/Source/include -I../Middlewares/Third_Party/FreeRTOS/Source/CMSIS_RTOS -I../Middlewares/Third_Party/FreeRTOS/Source/portable/GCC/ARM_CM4F -O0 -ffunction-sections -fdata-sections -Wall -fstack-usage -fcyclomatic-complexity -MMD -MP -MF"Core/Src/main.d" -MT"Core/Src/main.o" --specs=nano.specs -mfpu=fpv4-sp-d16 -mfloat-abi=hard -mthumb -o "Core/Src/main.o"
arm-none-eabi-gcc -o "freertos.elf" @"objects.list"   -mcpu=cortex-m4 -T"C:\Users\User\STM32CubeIDE\workspace_1.12.1\freertos\STM32F302R8TX_FLASH.ld" --specs=nosys.specs -Wl,-Map="freertos.map" -Wl,--gc-sections -static --specs=nano.specs -mfpu=fpv4-sp-d16 -mfloat-abi=hard -mthumb -Wl,--start-group -lc -lm -Wl,--end-group
Finished building target: freertos.elf
 
arm-none-eabi-size   freertos.elf 
arm-none-eabi-objdump -h -S  freertos.elf  > "freertos.list"
   text	   data	    bss	    dec	    hex	filename
  22876	    124	   6348	  29348	   72a4	freertos.elf
Finished building: default.size.stdout
 
Finished building: freertos.list
 
12:56:56 **** Incremental Build of configuration Debug for project freertos ****
make -j4 all 
arm-none-eabi-gcc "../Core/Src/main.c" -mcpu=cortex-m4 -std=gnu11 -g3 -DDEBUG -DUSE_HAL_DRIVER -DSTM32F302x8 -c -I../Core/Inc -I../Drivers/STM32F3xx_HAL_Driver/Inc -I../Drivers/STM32F3xx_HAL_Driver/Inc/Legacy -I../Drivers/CMSIS/Device/ST/STM32F3xx/Include -I../Drivers/CMSIS/Include -I../Middlewares/Third_Party/FreeRTOS/Source/include -I../Middlewares/Third_Party/FreeRTOS/Source/CMSIS_RTOS -I../Middlewares/Third_Party/FreeRTOS/Source/portable/GCC/ARM_CM4F -O0 -ffunction-sections -fdata-sections -Wall -fstack-usage -fcyclomatic-complexity -MMD -MP -MF"Core/Src/main.d" -MT"Core/Src/main.o" --specs=nano.specs -mfpu=fpv4-sp-d16 -mfloat-abi=hard -mthumb -o "Core/Src/main.o"
arm-none-eabi-gcc -o "freertos.elf" @"objects.list"   -mcpu=cortex-m4 -T"C:\Users\User\STM32CubeIDE\workspace_1.12.1\freertos\STM32F302R8TX_FLASH.ld" --specs=nosys.specs -Wl,-Map="freertos.map" -Wl,--gc-sections -static --specs=nano.specs -mfpu=fpv4-sp-d16 -mfloat-abi=hard -mthumb -Wl,--start-group -lc -lm -Wl,--end-group
Finished building target: freertos.elf
 
arm-none-eabi-size   freertos.elf 
arm-none-eabi-objdump -h -S  freertos.elf  > "freertos.list"
   text	   data	    bss	    dec	    hex	filename
  22796	    124	   6348	  29268	   7254	freertos.elf
Finished building: default.size.stdout
 
Finished building: freertos.list
 
12:57:20 **** Incremental Build of configuration Debug for project freertos ****
make -j4 all 
arm-none-eabi-gcc "../Core/Src/main.c" -mcpu=cortex-m4 -std=gnu11 -g3 -DDEBUG -DUSE_HAL_DRIVER -DSTM32F302x8 -c -I../Core/Inc -I../Drivers/STM32F3xx_HAL_Driver/Inc -I../Drivers/STM32F3xx_HAL_Driver/Inc/Legacy -I../Drivers/CMSIS/Device/ST/STM32F3xx/Include -I../Drivers/CMSIS/Include -I../Middlewares/Third_Party/FreeRTOS/Source/include -I../Middlewares/Third_Party/FreeRTOS/Source/CMSIS_RTOS -I../Middlewares/Third_Party/FreeRTOS/Source/portable/GCC/ARM_CM4F -O0 -ffunction-sections -fdata-sections -Wall -fstack-usage -fcyclomatic-complexity -MMD -MP -MF"Core/Src/main.d" -MT"Core/Src/main.o" --specs=nano.specs -mfpu=fpv4-sp-d16 -mfloat-abi=hard -mthumb -o "Core/Src/main.o"
arm-none-eabi-gcc -o "freertos.elf" @"objects.list"   -mcpu=cortex-m4 -T"C:\Users\User\STM32CubeIDE\workspace_1.12.1\freertos\STM32F302R8TX_FLASH.ld" --specs=nosys.specs -Wl,-Map="freertos.map" -Wl,--gc-sections -static --specs=nano.specs -mfpu=fpv4-sp-d16 -mfloat-abi=hard -mthumb -Wl,--start-group -lc -lm -Wl,--end-group
Finished building target: freertos.elf
 
arm-none-eabi-size   freertos.elf 
arm-none-eabi-objdump -h -S  freertos.elf  > "freertos.list"
   text	   data	    bss	    dec	    hex	filename
  22796	    124	   6348	  29268	   7254	freertos.elf
Finished building: default.size.stdout
 
Finished building: freertos.list
 
12:58:03 **** Incremental Build of configuration Debug for project freertos ****
make -j4 all 
arm-none-eabi-gcc "../Core/Src/main.c" -mcpu=cortex-m4 -std=gnu11 -g3 -DDEBUG -DUSE_HAL_DRIVER -DSTM32F302x8 -c -I../Core/Inc -I../Drivers/STM32F3xx_HAL_Driver/Inc -I../Drivers/STM32F3xx_HAL_Driver/Inc/Legacy -I../Drivers/CMSIS/Device/ST/STM32F3xx/Include -I../Drivers/CMSIS/Include -I../Middlewares/Third_Party/FreeRTOS/Source/include -I../Middlewares/Third_Party/FreeRTOS/Source/CMSIS_RTOS -I../Middlewares/Third_Party/FreeRTOS/Source/portable/GCC/ARM_CM4F -O0 -ffunction-sections -fdata-sections -Wall -fstack-usage -fcyclomatic-complexity -MMD -MP -MF"Core/Src/main.d" -MT"Core/Src/main.o" --specs=nano.specs -mfpu=fpv4-sp-d16 -mfloat-abi=hard -mthumb -o "Core/Src/main.o"
arm-none-eabi-gcc -o "freertos.elf" @"objects.list"   -mcpu=cortex-m4 -T"C:\Users\User\STM32CubeIDE\workspace_1.12.1\freertos\STM32F302R8TX_FLASH.ld" --specs=nosys.specs -Wl,-Map="freertos.map" -Wl,--gc-sections -static --specs=nano.specs -mfpu=fpv4-sp-d16 -mfloat-abi=hard -mthumb -Wl,--start-group -lc -lm -Wl,--end-group
Finished building target: freertos.elf
 
arm-none-eabi-size   freertos.elf 
arm-none-eabi-objdump -h -S  freertos.elf  > "freertos.list"
   text	   data	    bss	    dec	    hex	filename
  23324	   1192	   6344	  30860	   788c	freertos.elf
Finished building: default.size.stdout
 
Finished building: freertos.list
 
13:02:44 **** Incremental Build of configuration Debug for project freertos ****
make -j4 all 
arm-none-eabi-gcc "../Core/Src/main.c" -mcpu=cortex-m4 -std=gnu11 -g3 -DDEBUG -DUSE_HAL_DRIVER -DSTM32F302x8 -c -I../Core/Inc -I../Drivers/STM32F3xx_HAL_Driver/Inc -I../Drivers/STM32F3xx_HAL_Driver/Inc/Legacy -I../Drivers/CMSIS/Device/ST/STM32F3xx/Include -I../Drivers/CMSIS/Include -I../Middlewares/Third_Party/FreeRTOS/Source/include -I../Middlewares/Third_Party/FreeRTOS/Source/CMSIS_RTOS -I../Middlewares/Third_Party/FreeRTOS/Source/portable/GCC/ARM_CM4F -O0 -ffunction-sections -fdata-sections -Wall -fstack-usage -fcyclomatic-complexity -MMD -MP -MF"Core/Src/main.d" -MT"Core/Src/main.o" --specs=nano.specs -mfpu=fpv4-sp-d16 -mfloat-abi=hard -mthumb -o "Core/Src/main.o"
arm-none-eabi-gcc -o "freertos.elf" @"objects.list"   -mcpu=cortex-m4 -T"C:\Users\User\STM32CubeIDE\workspace_1.12.1\freertos\STM32F302R8TX_FLASH.ld" --specs=nosys.specs -Wl,-Map="freertos.map" -Wl,--gc-sections -static --specs=nano.specs -mfpu=fpv4-sp-d16 -mfloat-abi=hard -mthumb -Wl,--start-group -lc -lm -Wl,--end-group
Finished building target: freertos.elf
 
arm-none-eabi-size   freertos.elf 
arm-none-eabi-objdump -h -S  freertos.elf  > "freertos.list"
   text	   data	    bss	    dec	    hex	filename
  22908	    124	   6348	  29380	   72c4	freertos.elf
Finished building: default.size.stdout
 
Finished building: freertos.list
 
13:31:48 **** Incremental Build of configuration Debug for project freertos ****
make -j4 all 
arm-none-eabi-gcc "../Core/Src/main.c" -mcpu=cortex-m4 -std=gnu11 -g3 -DDEBUG -DUSE_HAL_DRIVER -DSTM32F302x8 -c -I../Core/Inc -I../Drivers/STM32F3xx_HAL_Driver/Inc -I../Drivers/STM32F3xx_HAL_Driver/Inc/Legacy -I../Drivers/CMSIS/Device/ST/STM32F3xx/Include -I../Drivers/CMSIS/Include -I../Middlewares/Third_Party/FreeRTOS/Source/include -I../Middlewares/Third_Party/FreeRTOS/Source/CMSIS_RTOS -I../Middlewares/Third_Party/FreeRTOS/Source/portable/GCC/ARM_CM4F -O0 -ffunction-sections -fdata-sections -Wall -fstack-usage -fcyclomatic-complexity -MMD -MP -MF"Core/Src/main.d" -MT"Core/Src/main.o" --specs=nano.specs -mfpu=fpv4-sp-d16 -mfloat-abi=hard -mthumb -o "Core/Src/main.o"
../Core/Src/main.c: In function 'StartServo':
../Core/Src/main.c:507:32: error: 'GPIO_Pin_0' undeclared (first use in this function); did you mean 'GPIO_PIN_0'?
  507 |      HAL_GPIO_TogglePin(GPIOC, GPIO_Pin_0);
      |                                ^~~~~~~~~~
      |                                GPIO_PIN_0
../Core/Src/main.c:507:32: note: each undeclared identifier is reported only once for each function it appears in
make: *** [Core/Src/subdir.mk:46: Core/Src/main.o] Error 1
"make -j4 all" terminated with exit code 2. Build might be incomplete.
13:33:39 **** Incremental Build of configuration Debug for project freertos ****
make -j4 all 
arm-none-eabi-gcc "../Core/Src/main.c" -mcpu=cortex-m4 -std=gnu11 -g3 -DDEBUG -DUSE_HAL_DRIVER -DSTM32F302x8 -c -I../Core/Inc -I../Drivers/STM32F3xx_HAL_Driver/Inc -I../Drivers/STM32F3xx_HAL_Driver/Inc/Legacy -I../Drivers/CMSIS/Device/ST/STM32F3xx/Include -I../Drivers/CMSIS/Include -I../Middlewares/Third_Party/FreeRTOS/Source/include -I../Middlewares/Third_Party/FreeRTOS/Source/CMSIS_RTOS -I../Middlewares/Third_Party/FreeRTOS/Source/portable/GCC/ARM_CM4F -O0 -ffunction-sections -fdata-sections -Wall -fstack-usage -fcyclomatic-complexity -MMD -MP -MF"Core/Src/main.d" -MT"Core/Src/main.o" --specs=nano.specs -mfpu=fpv4-sp-d16 -mfloat-abi=hard -mthumb -o "Core/Src/main.o"
arm-none-eabi-gcc -o "freertos.elf" @"objects.list"   -mcpu=cortex-m4 -T"C:\Users\User\STM32CubeIDE\workspace_1.12.1\freertos\STM32F302R8TX_FLASH.ld" --specs=nosys.specs -Wl,-Map="freertos.map" -Wl,--gc-sections -static --specs=nano.specs -mfpu=fpv4-sp-d16 -mfloat-abi=hard -mthumb -Wl,--start-group -lc -lm -Wl,--end-group
Finished building target: freertos.elf
 
arm-none-eabi-size   freertos.elf 
arm-none-eabi-objdump -h -S  freertos.elf  > "freertos.list"
   text	   data	    bss	    dec	    hex	filename
  23820	   1192	   6360	  31372	   7a8c	freertos.elf
Finished building: default.size.stdout
 
Finished building: freertos.list
 
13:39:41 **** Incremental Build of configuration Debug for project freertos ****
make -j4 all 
arm-none-eabi-size   freertos.elf 
   text	   data	    bss	    dec	    hex	filename
  23820	   1192	   6360	  31372	   7a8c	freertos.elf
Finished building: default.size.stdout
 
14:01:04 **** Incremental Build of configuration Debug for project freertos ****
make -j4 all 
arm-none-eabi-gcc "../Core/Src/main.c" -mcpu=cortex-m4 -std=gnu11 -g3 -DDEBUG -DUSE_HAL_DRIVER -DSTM32F302x8 -c -I../Core/Inc -I../Drivers/STM32F3xx_HAL_Driver/Inc -I../Drivers/STM32F3xx_HAL_Driver/Inc/Legacy -I../Drivers/CMSIS/Device/ST/STM32F3xx/Include -I../Drivers/CMSIS/Include -I../Middlewares/Third_Party/FreeRTOS/Source/include -I../Middlewares/Third_Party/FreeRTOS/Source/CMSIS_RTOS -I../Middlewares/Third_Party/FreeRTOS/Source/portable/GCC/ARM_CM4F -O0 -ffunction-sections -fdata-sections -Wall -fstack-usage -fcyclomatic-complexity -MMD -MP -MF"Core/Src/main.d" -MT"Core/Src/main.o" --specs=nano.specs -mfpu=fpv4-sp-d16 -mfloat-abi=hard -mthumb -o "Core/Src/main.o"
../Core/Src/main.c: In function 'StartStepper':
../Core/Src/main.c:516:83: error: lvalue required as left operand of assignment
  516 |   if (HAL_GPIO_ReadPin(GPIOC, GPIO_PIN_13) == GPIO_PIN_SET && NIVEL1 == 1 && SETT = 1 ) {
      |                                                                                   ^
make: *** [Core/Src/subdir.mk:46: Core/Src/main.o] Error 1
"make -j4 all" terminated with exit code 2. Build might be incomplete.
14:01:20 **** Incremental Build of configuration Debug for project freertos ****
make -j4 all 
arm-none-eabi-gcc "../Core/Src/main.c" -mcpu=cortex-m4 -std=gnu11 -g3 -DDEBUG -DUSE_HAL_DRIVER -DSTM32F302x8 -c -I../Core/Inc -I../Drivers/STM32F3xx_HAL_Driver/Inc -I../Drivers/STM32F3xx_HAL_Driver/Inc/Legacy -I../Drivers/CMSIS/Device/ST/STM32F3xx/Include -I../Drivers/CMSIS/Include -I../Middlewares/Third_Party/FreeRTOS/Source/include -I../Middlewares/Third_Party/FreeRTOS/Source/CMSIS_RTOS -I../Middlewares/Third_Party/FreeRTOS/Source/portable/GCC/ARM_CM4F -O0 -ffunction-sections -fdata-sections -Wall -fstack-usage -fcyclomatic-complexity -MMD -MP -MF"Core/Src/main.d" -MT"Core/Src/main.o" --specs=nano.specs -mfpu=fpv4-sp-d16 -mfloat-abi=hard -mthumb -o "Core/Src/main.o"
arm-none-eabi-gcc -o "freertos.elf" @"objects.list"   -mcpu=cortex-m4 -T"C:\Users\User\STM32CubeIDE\workspace_1.12.1\freertos\STM32F302R8TX_FLASH.ld" --specs=nosys.specs -Wl,-Map="freertos.map" -Wl,--gc-sections -static --specs=nano.specs -mfpu=fpv4-sp-d16 -mfloat-abi=hard -mthumb -Wl,--start-group -lc -lm -Wl,--end-group
Finished building target: freertos.elf
 
arm-none-eabi-size   freertos.elf 
arm-none-eabi-objdump -h -S  freertos.elf  > "freertos.list"
   text	   data	    bss	    dec	    hex	filename
  24060	   1192	   6360	  31612	   7b7c	freertos.elf
Finished building: default.size.stdout
 
Finished building: freertos.list
 
14:28:15 **** Incremental Build of configuration Debug for project freertos ****
make -j4 all 
arm-none-eabi-gcc "../Core/Src/main.c" -mcpu=cortex-m4 -std=gnu11 -g3 -DDEBUG -DUSE_HAL_DRIVER -DSTM32F302x8 -c -I../Core/Inc -I../Drivers/STM32F3xx_HAL_Driver/Inc -I../Drivers/STM32F3xx_HAL_Driver/Inc/Legacy -I../Drivers/CMSIS/Device/ST/STM32F3xx/Include -I../Drivers/CMSIS/Include -I../Middlewares/Third_Party/FreeRTOS/Source/include -I../Middlewares/Third_Party/FreeRTOS/Source/CMSIS_RTOS -I../Middlewares/Third_Party/FreeRTOS/Source/portable/GCC/ARM_CM4F -O0 -ffunction-sections -fdata-sections -Wall -fstack-usage -fcyclomatic-complexity -MMD -MP -MF"Core/Src/main.d" -MT"Core/Src/main.o" --specs=nano.specs -mfpu=fpv4-sp-d16 -mfloat-abi=hard -mthumb -o "Core/Src/main.o"
arm-none-eabi-gcc -o "freertos.elf" @"objects.list"   -mcpu=cortex-m4 -T"C:\Users\User\STM32CubeIDE\workspace_1.12.1\freertos\STM32F302R8TX_FLASH.ld" --specs=nosys.specs -Wl,-Map="freertos.map" -Wl,--gc-sections -static --specs=nano.specs -mfpu=fpv4-sp-d16 -mfloat-abi=hard -mthumb -Wl,--start-group -lc -lm -Wl,--end-group
Finished building target: freertos.elf
 
arm-none-eabi-size   freertos.elf 
arm-none-eabi-objdump -h -S  freertos.elf  > "freertos.list"
   text	   data	    bss	    dec	    hex	filename
  24060	   1192	   6360	  31612	   7b7c	freertos.elf
Finished building: default.size.stdout
 
Finished building: freertos.list
 
14:45:38 **** Incremental Build of configuration Debug for project freertos ****
make -j4 all 
arm-none-eabi-gcc "../Core/Src/main.c" -mcpu=cortex-m4 -std=gnu11 -g3 -DDEBUG -DUSE_HAL_DRIVER -DSTM32F302x8 -c -I../Core/Inc -I../Drivers/STM32F3xx_HAL_Driver/Inc -I../Drivers/STM32F3xx_HAL_Driver/Inc/Legacy -I../Drivers/CMSIS/Device/ST/STM32F3xx/Include -I../Drivers/CMSIS/Include -I../Middlewares/Third_Party/FreeRTOS/Source/include -I../Middlewares/Third_Party/FreeRTOS/Source/CMSIS_RTOS -I../Middlewares/Third_Party/FreeRTOS/Source/portable/GCC/ARM_CM4F -O0 -ffunction-sections -fdata-sections -Wall -fstack-usage -fcyclomatic-complexity -MMD -MP -MF"Core/Src/main.d" -MT"Core/Src/main.o" --specs=nano.specs -mfpu=fpv4-sp-d16 -mfloat-abi=hard -mthumb -o "Core/Src/main.o"
arm-none-eabi-gcc -o "freertos.elf" @"objects.list"   -mcpu=cortex-m4 -T"C:\Users\User\STM32CubeIDE\workspace_1.12.1\freertos\STM32F302R8TX_FLASH.ld" --specs=nosys.specs -Wl,-Map="freertos.map" -Wl,--gc-sections -static --specs=nano.specs -mfpu=fpv4-sp-d16 -mfloat-abi=hard -mthumb -Wl,--start-group -lc -lm -Wl,--end-group
Finished building target: freertos.elf
 
arm-none-eabi-size   freertos.elf 
arm-none-eabi-objdump -h -S  freertos.elf  > "freertos.list"
   text	   data	    bss	    dec	    hex	filename
  23084	    124	   6348	  29556	   7374	freertos.elf
Finished building: default.size.stdout
 
Finished building: freertos.list
 
14:46:13 **** Incremental Build of configuration Debug for project freertos ****
make -j4 all 
arm-none-eabi-gcc "../Core/Src/main.c" -mcpu=cortex-m4 -std=gnu11 -g3 -DDEBUG -DUSE_HAL_DRIVER -DSTM32F302x8 -c -I../Core/Inc -I../Drivers/STM32F3xx_HAL_Driver/Inc -I../Drivers/STM32F3xx_HAL_Driver/Inc/Legacy -I../Drivers/CMSIS/Device/ST/STM32F3xx/Include -I../Drivers/CMSIS/Include -I../Middlewares/Third_Party/FreeRTOS/Source/include -I../Middlewares/Third_Party/FreeRTOS/Source/CMSIS_RTOS -I../Middlewares/Third_Party/FreeRTOS/Source/portable/GCC/ARM_CM4F -O0 -ffunction-sections -fdata-sections -Wall -fstack-usage -fcyclomatic-complexity -MMD -MP -MF"Core/Src/main.d" -MT"Core/Src/main.o" --specs=nano.specs -mfpu=fpv4-sp-d16 -mfloat-abi=hard -mthumb -o "Core/Src/main.o"
arm-none-eabi-gcc -o "freertos.elf" @"objects.list"   -mcpu=cortex-m4 -T"C:\Users\User\STM32CubeIDE\workspace_1.12.1\freertos\STM32F302R8TX_FLASH.ld" --specs=nosys.specs -Wl,-Map="freertos.map" -Wl,--gc-sections -static --specs=nano.specs -mfpu=fpv4-sp-d16 -mfloat-abi=hard -mthumb -Wl,--start-group -lc -lm -Wl,--end-group
Finished building target: freertos.elf
 
arm-none-eabi-size   freertos.elf 
arm-none-eabi-objdump -h -S  freertos.elf  > "freertos.list"
   text	   data	    bss	    dec	    hex	filename
  23084	    124	   6348	  29556	   7374	freertos.elf
Finished building: default.size.stdout
 
Finished building: freertos.list
 
14:49:13 **** Incremental Build of configuration Debug for project freertos ****
make -j4 all 
arm-none-eabi-gcc "../Core/Src/main.c" -mcpu=cortex-m4 -std=gnu11 -g3 -DDEBUG -DUSE_HAL_DRIVER -DSTM32F302x8 -c -I../Core/Inc -I../Drivers/STM32F3xx_HAL_Driver/Inc -I../Drivers/STM32F3xx_HAL_Driver/Inc/Legacy -I../Drivers/CMSIS/Device/ST/STM32F3xx/Include -I../Drivers/CMSIS/Include -I../Middlewares/Third_Party/FreeRTOS/Source/include -I../Middlewares/Third_Party/FreeRTOS/Source/CMSIS_RTOS -I../Middlewares/Third_Party/FreeRTOS/Source/portable/GCC/ARM_CM4F -O0 -ffunction-sections -fdata-sections -Wall -fstack-usage -fcyclomatic-complexity -MMD -MP -MF"Core/Src/main.d" -MT"Core/Src/main.o" --specs=nano.specs -mfpu=fpv4-sp-d16 -mfloat-abi=hard -mthumb -o "Core/Src/main.o"
arm-none-eabi-gcc -o "freertos.elf" @"objects.list"   -mcpu=cortex-m4 -T"C:\Users\User\STM32CubeIDE\workspace_1.12.1\freertos\STM32F302R8TX_FLASH.ld" --specs=nosys.specs -Wl,-Map="freertos.map" -Wl,--gc-sections -static --specs=nano.specs -mfpu=fpv4-sp-d16 -mfloat-abi=hard -mthumb -Wl,--start-group -lc -lm -Wl,--end-group
Finished building target: freertos.elf
 
arm-none-eabi-size   freertos.elf 
arm-none-eabi-objdump -h -S  freertos.elf  > "freertos.list"
   text	   data	    bss	    dec	    hex	filename
  23084	    124	   6348	  29556	   7374	freertos.elf
Finished building: default.size.stdout
 
Finished building: freertos.list
 
14:52:08 **** Incremental Build of configuration Debug for project freertos ****
make -j4 all 
arm-none-eabi-gcc "../Core/Src/main.c" -mcpu=cortex-m4 -std=gnu11 -g3 -DDEBUG -DUSE_HAL_DRIVER -DSTM32F302x8 -c -I../Core/Inc -I../Drivers/STM32F3xx_HAL_Driver/Inc -I../Drivers/STM32F3xx_HAL_Driver/Inc/Legacy -I../Drivers/CMSIS/Device/ST/STM32F3xx/Include -I../Drivers/CMSIS/Include -I../Middlewares/Third_Party/FreeRTOS/Source/include -I../Middlewares/Third_Party/FreeRTOS/Source/CMSIS_RTOS -I../Middlewares/Third_Party/FreeRTOS/Source/portable/GCC/ARM_CM4F -O0 -ffunction-sections -fdata-sections -Wall -fstack-usage -fcyclomatic-complexity -MMD -MP -MF"Core/Src/main.d" -MT"Core/Src/main.o" --specs=nano.specs -mfpu=fpv4-sp-d16 -mfloat-abi=hard -mthumb -o "Core/Src/main.o"
arm-none-eabi-gcc -o "freertos.elf" @"objects.list"   -mcpu=cortex-m4 -T"C:\Users\User\STM32CubeIDE\workspace_1.12.1\freertos\STM32F302R8TX_FLASH.ld" --specs=nosys.specs -Wl,-Map="freertos.map" -Wl,--gc-sections -static --specs=nano.specs -mfpu=fpv4-sp-d16 -mfloat-abi=hard -mthumb -Wl,--start-group -lc -lm -Wl,--end-group
Finished building target: freertos.elf
 
arm-none-eabi-size   freertos.elf 
arm-none-eabi-objdump -h -S  freertos.elf  > "freertos.list"
   text	   data	    bss	    dec	    hex	filename
  23132	    124	   6348	  29604	   73a4	freertos.elf
Finished building: default.size.stdout
 
Finished building: freertos.list
 
14:53:42 **** Incremental Build of configuration Debug for project freertos ****
make -j4 all 
arm-none-eabi-gcc "../Core/Src/main.c" -mcpu=cortex-m4 -std=gnu11 -g3 -DDEBUG -DUSE_HAL_DRIVER -DSTM32F302x8 -c -I../Core/Inc -I../Drivers/STM32F3xx_HAL_Driver/Inc -I../Drivers/STM32F3xx_HAL_Driver/Inc/Legacy -I../Drivers/CMSIS/Device/ST/STM32F3xx/Include -I../Drivers/CMSIS/Include -I../Middlewares/Third_Party/FreeRTOS/Source/include -I../Middlewares/Third_Party/FreeRTOS/Source/CMSIS_RTOS -I../Middlewares/Third_Party/FreeRTOS/Source/portable/GCC/ARM_CM4F -O0 -ffunction-sections -fdata-sections -Wall -fstack-usage -fcyclomatic-complexity -MMD -MP -MF"Core/Src/main.d" -MT"Core/Src/main.o" --specs=nano.specs -mfpu=fpv4-sp-d16 -mfloat-abi=hard -mthumb -o "Core/Src/main.o"
arm-none-eabi-gcc -o "freertos.elf" @"objects.list"   -mcpu=cortex-m4 -T"C:\Users\User\STM32CubeIDE\workspace_1.12.1\freertos\STM32F302R8TX_FLASH.ld" --specs=nosys.specs -Wl,-Map="freertos.map" -Wl,--gc-sections -static --specs=nano.specs -mfpu=fpv4-sp-d16 -mfloat-abi=hard -mthumb -Wl,--start-group -lc -lm -Wl,--end-group
Finished building target: freertos.elf
 
arm-none-eabi-size   freertos.elf 
arm-none-eabi-objdump -h -S  freertos.elf  > "freertos.list"
   text	   data	    bss	    dec	    hex	filename
  23116	    124	   6348	  29588	   7394	freertos.elf
Finished building: default.size.stdout
 
Finished building: freertos.list
 
14:54:19 **** Incremental Build of configuration Debug for project freertos ****
make -j4 all 
arm-none-eabi-gcc "../Core/Src/main.c" -mcpu=cortex-m4 -std=gnu11 -g3 -DDEBUG -DUSE_HAL_DRIVER -DSTM32F302x8 -c -I../Core/Inc -I../Drivers/STM32F3xx_HAL_Driver/Inc -I../Drivers/STM32F3xx_HAL_Driver/Inc/Legacy -I../Drivers/CMSIS/Device/ST/STM32F3xx/Include -I../Drivers/CMSIS/Include -I../Middlewares/Third_Party/FreeRTOS/Source/include -I../Middlewares/Third_Party/FreeRTOS/Source/CMSIS_RTOS -I../Middlewares/Third_Party/FreeRTOS/Source/portable/GCC/ARM_CM4F -O0 -ffunction-sections -fdata-sections -Wall -fstack-usage -fcyclomatic-complexity -MMD -MP -MF"Core/Src/main.d" -MT"Core/Src/main.o" --specs=nano.specs -mfpu=fpv4-sp-d16 -mfloat-abi=hard -mthumb -o "Core/Src/main.o"
arm-none-eabi-gcc -o "freertos.elf" @"objects.list"   -mcpu=cortex-m4 -T"C:\Users\User\STM32CubeIDE\workspace_1.12.1\freertos\STM32F302R8TX_FLASH.ld" --specs=nosys.specs -Wl,-Map="freertos.map" -Wl,--gc-sections -static --specs=nano.specs -mfpu=fpv4-sp-d16 -mfloat-abi=hard -mthumb -Wl,--start-group -lc -lm -Wl,--end-group
Finished building target: freertos.elf
 
arm-none-eabi-size   freertos.elf 
arm-none-eabi-objdump -h -S  freertos.elf  > "freertos.list"
   text	   data	    bss	    dec	    hex	filename
  23116	    124	   6348	  29588	   7394	freertos.elf
Finished building: default.size.stdout
 
Finished building: freertos.list
 
15:05:26 **** Incremental Build of configuration Debug for project freertos ****
make -j4 all 
arm-none-eabi-gcc "../Core/Src/main.c" -mcpu=cortex-m4 -std=gnu11 -g3 -DDEBUG -DUSE_HAL_DRIVER -DSTM32F302x8 -c -I../Core/Inc -I../Drivers/STM32F3xx_HAL_Driver/Inc -I../Drivers/STM32F3xx_HAL_Driver/Inc/Legacy -I../Drivers/CMSIS/Device/ST/STM32F3xx/Include -I../Drivers/CMSIS/Include -I../Middlewares/Third_Party/FreeRTOS/Source/include -I../Middlewares/Third_Party/FreeRTOS/Source/CMSIS_RTOS -I../Middlewares/Third_Party/FreeRTOS/Source/portable/GCC/ARM_CM4F -O0 -ffunction-sections -fdata-sections -Wall -fstack-usage -fcyclomatic-complexity -MMD -MP -MF"Core/Src/main.d" -MT"Core/Src/main.o" --specs=nano.specs -mfpu=fpv4-sp-d16 -mfloat-abi=hard -mthumb -o "Core/Src/main.o"
arm-none-eabi-gcc -o "freertos.elf" @"objects.list"   -mcpu=cortex-m4 -T"C:\Users\User\STM32CubeIDE\workspace_1.12.1\freertos\STM32F302R8TX_FLASH.ld" --specs=nosys.specs -Wl,-Map="freertos.map" -Wl,--gc-sections -static --specs=nano.specs -mfpu=fpv4-sp-d16 -mfloat-abi=hard -mthumb -Wl,--start-group -lc -lm -Wl,--end-group
Finished building target: freertos.elf
 
arm-none-eabi-size   freertos.elf 
arm-none-eabi-objdump -h -S  freertos.elf  > "freertos.list"
   text	   data	    bss	    dec	    hex	filename
  23116	    124	   6348	  29588	   7394	freertos.elf
Finished building: default.size.stdout
 
Finished building: freertos.list
 
15:17:20 **** Incremental Build of configuration Debug for project freertos ****
make -j4 all 
arm-none-eabi-gcc "../Core/Src/main.c" -mcpu=cortex-m4 -std=gnu11 -g3 -DDEBUG -DUSE_HAL_DRIVER -DSTM32F302x8 -c -I../Core/Inc -I../Drivers/STM32F3xx_HAL_Driver/Inc -I../Drivers/STM32F3xx_HAL_Driver/Inc/Legacy -I../Drivers/CMSIS/Device/ST/STM32F3xx/Include -I../Drivers/CMSIS/Include -I../Middlewares/Third_Party/FreeRTOS/Source/include -I../Middlewares/Third_Party/FreeRTOS/Source/CMSIS_RTOS -I../Middlewares/Third_Party/FreeRTOS/Source/portable/GCC/ARM_CM4F -O0 -ffunction-sections -fdata-sections -Wall -fstack-usage -fcyclomatic-complexity -MMD -MP -MF"Core/Src/main.d" -MT"Core/Src/main.o" --specs=nano.specs -mfpu=fpv4-sp-d16 -mfloat-abi=hard -mthumb -o "Core/Src/main.o"
arm-none-eabi-gcc -o "freertos.elf" @"objects.list"   -mcpu=cortex-m4 -T"C:\Users\User\STM32CubeIDE\workspace_1.12.1\freertos\STM32F302R8TX_FLASH.ld" --specs=nosys.specs -Wl,-Map="freertos.map" -Wl,--gc-sections -static --specs=nano.specs -mfpu=fpv4-sp-d16 -mfloat-abi=hard -mthumb -Wl,--start-group -lc -lm -Wl,--end-group
Finished building target: freertos.elf
 
arm-none-eabi-size   freertos.elf 
arm-none-eabi-objdump -h -S  freertos.elf  > "freertos.list"
   text	   data	    bss	    dec	    hex	filename
  24060	   1192	   6360	  31612	   7b7c	freertos.elf
Finished building: default.size.stdout
 
Finished building: freertos.list
 
18:21:27 **** Incremental Build of configuration Debug for project freertos ****
make -j4 all 
arm-none-eabi-gcc "../Core/Src/main.c" -mcpu=cortex-m4 -std=gnu11 -g3 -DDEBUG -DUSE_HAL_DRIVER -DSTM32F302x8 -c -I../Core/Inc -I../Drivers/STM32F3xx_HAL_Driver/Inc -I../Drivers/STM32F3xx_HAL_Driver/Inc/Legacy -I../Drivers/CMSIS/Device/ST/STM32F3xx/Include -I../Drivers/CMSIS/Include -I../Middlewares/Third_Party/FreeRTOS/Source/include -I../Middlewares/Third_Party/FreeRTOS/Source/CMSIS_RTOS -I../Middlewares/Third_Party/FreeRTOS/Source/portable/GCC/ARM_CM4F -O0 -ffunction-sections -fdata-sections -Wall -fstack-usage -fcyclomatic-complexity -MMD -MP -MF"Core/Src/main.d" -MT"Core/Src/main.o" --specs=nano.specs -mfpu=fpv4-sp-d16 -mfloat-abi=hard -mthumb -o "Core/Src/main.o"
arm-none-eabi-gcc -o "freertos.elf" @"objects.list"   -mcpu=cortex-m4 -T"C:\Users\User\STM32CubeIDE\workspace_1.12.1\freertos\STM32F302R8TX_FLASH.ld" --specs=nosys.specs -Wl,-Map="freertos.map" -Wl,--gc-sections -static --specs=nano.specs -mfpu=fpv4-sp-d16 -mfloat-abi=hard -mthumb -Wl,--start-group -lc -lm -Wl,--end-group
Finished building target: freertos.elf
 
arm-none-eabi-size   freertos.elf 
arm-none-eabi-objdump -h -S  freertos.elf  > "freertos.list"
   text	   data	    bss	    dec	    hex	filename
  24060	   1192	   6360	  31612	   7b7c	freertos.elf
Finished building: default.size.stdout
 
Finished building: freertos.list
 
18:25:05 **** Incremental Build of configuration Debug for project freertos ****
make -j4 all 
arm-none-eabi-gcc "../Core/Src/main.c" -mcpu=cortex-m4 -std=gnu11 -g3 -DDEBUG -DUSE_HAL_DRIVER -DSTM32F302x8 -c -I../Core/Inc -I../Drivers/STM32F3xx_HAL_Driver/Inc -I../Drivers/STM32F3xx_HAL_Driver/Inc/Legacy -I../Drivers/CMSIS/Device/ST/STM32F3xx/Include -I../Drivers/CMSIS/Include -I../Middlewares/Third_Party/FreeRTOS/Source/include -I../Middlewares/Third_Party/FreeRTOS/Source/CMSIS_RTOS -I../Middlewares/Third_Party/FreeRTOS/Source/portable/GCC/ARM_CM4F -O0 -ffunction-sections -fdata-sections -Wall -fstack-usage -fcyclomatic-complexity -MMD -MP -MF"Core/Src/main.d" -MT"Core/Src/main.o" --specs=nano.specs -mfpu=fpv4-sp-d16 -mfloat-abi=hard -mthumb -o "Core/Src/main.o"
arm-none-eabi-gcc -o "freertos.elf" @"objects.list"   -mcpu=cortex-m4 -T"C:\Users\User\STM32CubeIDE\workspace_1.12.1\freertos\STM32F302R8TX_FLASH.ld" --specs=nosys.specs -Wl,-Map="freertos.map" -Wl,--gc-sections -static --specs=nano.specs -mfpu=fpv4-sp-d16 -mfloat-abi=hard -mthumb -Wl,--start-group -lc -lm -Wl,--end-group
Finished building target: freertos.elf
 
arm-none-eabi-size   freertos.elf 
arm-none-eabi-objdump -h -S  freertos.elf  > "freertos.list"
   text	   data	    bss	    dec	    hex	filename
  24060	   1192	   6360	  31612	   7b7c	freertos.elf
Finished building: default.size.stdout
 
Finished building: freertos.list
 
18:25:25 **** Incremental Build of configuration Debug for project freertos ****
make -j4 all 
arm-none-eabi-size   freertos.elf 
   text	   data	    bss	    dec	    hex	filename
  24060	   1192	   6360	  31612	   7b7c	freertos.elf
Finished building: default.size.stdout
 
18:30:58 **** Incremental Build of configuration Debug for project freertos ****
make -j4 all 
arm-none-eabi-gcc "../Core/Src/main.c" -mcpu=cortex-m4 -std=gnu11 -g3 -DDEBUG -DUSE_HAL_DRIVER -DSTM32F302x8 -c -I../Core/Inc -I../Drivers/STM32F3xx_HAL_Driver/Inc -I../Drivers/STM32F3xx_HAL_Driver/Inc/Legacy -I../Drivers/CMSIS/Device/ST/STM32F3xx/Include -I../Drivers/CMSIS/Include -I../Middlewares/Third_Party/FreeRTOS/Source/include -I../Middlewares/Third_Party/FreeRTOS/Source/CMSIS_RTOS -I../Middlewares/Third_Party/FreeRTOS/Source/portable/GCC/ARM_CM4F -O0 -ffunction-sections -fdata-sections -Wall -fstack-usage -fcyclomatic-complexity -MMD -MP -MF"Core/Src/main.d" -MT"Core/Src/main.o" --specs=nano.specs -mfpu=fpv4-sp-d16 -mfloat-abi=hard -mthumb -o "Core/Src/main.o"
arm-none-eabi-gcc -o "freertos.elf" @"objects.list"   -mcpu=cortex-m4 -T"C:\Users\User\STM32CubeIDE\workspace_1.12.1\freertos\STM32F302R8TX_FLASH.ld" --specs=nosys.specs -Wl,-Map="freertos.map" -Wl,--gc-sections -static --specs=nano.specs -mfpu=fpv4-sp-d16 -mfloat-abi=hard -mthumb -Wl,--start-group -lc -lm -Wl,--end-group
Finished building target: freertos.elf
 
arm-none-eabi-size   freertos.elf 
arm-none-eabi-objdump -h -S  freertos.elf  > "freertos.list"
   text	   data	    bss	    dec	    hex	filename
  25128	   1196	   6364	  32688	   7fb0	freertos.elf
Finished building: default.size.stdout
 
Finished building: freertos.list
 
18:31:33 **** Incremental Build of configuration Debug for project freertos ****
make -j4 all 
arm-none-eabi-size   freertos.elf 
   text	   data	    bss	    dec	    hex	filename
  25128	   1196	   6364	  32688	   7fb0	freertos.elf
Finished building: default.size.stdout
 
18:32:11 **** Incremental Build of configuration Debug for project freertos ****
make -j4 all 
arm-none-eabi-size   freertos.elf 
   text	   data	    bss	    dec	    hex	filename
  25128	   1196	   6364	  32688	   7fb0	freertos.elf
Finished building: default.size.stdout
 
18:33:16 **** Incremental Build of configuration Debug for project freertos ****
make -j4 all 
arm-none-eabi-size   freertos.elf 
   text	   data	    bss	    dec	    hex	filename
  25128	   1196	   6364	  32688	   7fb0	freertos.elf
Finished building: default.size.stdout
 
18:33:57 **** Incremental Build of configuration Debug for project freertos ****
make -j4 all 
arm-none-eabi-size   freertos.elf 
   text	   data	    bss	    dec	    hex	filename
  25128	   1196	   6364	  32688	   7fb0	freertos.elf
Finished building: default.size.stdout
 
18:34:12 **** Incremental Build of configuration Debug for project freertos ****
make -j4 all 
arm-none-eabi-size   freertos.elf 
   text	   data	    bss	    dec	    hex	filename
  25128	   1196	   6364	  32688	   7fb0	freertos.elf
Finished building: default.size.stdout
 
18:35:04 **** Incremental Build of configuration Debug for project freertos ****
make -j4 all 
arm-none-eabi-size   freertos.elf 
   text	   data	    bss	    dec	    hex	filename
  25128	   1196	   6364	  32688	   7fb0	freertos.elf
Finished building: default.size.stdout
 
18:35:45 **** Incremental Build of configuration Debug for project freertos ****
make -j4 all 
arm-none-eabi-size   freertos.elf 
   text	   data	    bss	    dec	    hex	filename
  25128	   1196	   6364	  32688	   7fb0	freertos.elf
Finished building: default.size.stdout
 
18:37:39 **** Incremental Build of configuration Debug for project freertos ****
make -j4 all 
arm-none-eabi-gcc "../Core/Src/main.c" -mcpu=cortex-m4 -std=gnu11 -g3 -DDEBUG -DUSE_HAL_DRIVER -DSTM32F302x8 -c -I../Core/Inc -I../Drivers/STM32F3xx_HAL_Driver/Inc -I../Drivers/STM32F3xx_HAL_Driver/Inc/Legacy -I../Drivers/CMSIS/Device/ST/STM32F3xx/Include -I../Drivers/CMSIS/Include -I../Middlewares/Third_Party/FreeRTOS/Source/include -I../Middlewares/Third_Party/FreeRTOS/Source/CMSIS_RTOS -I../Middlewares/Third_Party/FreeRTOS/Source/portable/GCC/ARM_CM4F -O0 -ffunction-sections -fdata-sections -Wall -fstack-usage -fcyclomatic-complexity -MMD -MP -MF"Core/Src/main.d" -MT"Core/Src/main.o" --specs=nano.specs -mfpu=fpv4-sp-d16 -mfloat-abi=hard -mthumb -o "Core/Src/main.o"
arm-none-eabi-gcc -o "freertos.elf" @"objects.list"   -mcpu=cortex-m4 -T"C:\Users\User\STM32CubeIDE\workspace_1.12.1\freertos\STM32F302R8TX_FLASH.ld" --specs=nosys.specs -Wl,-Map="freertos.map" -Wl,--gc-sections -static --specs=nano.specs -mfpu=fpv4-sp-d16 -mfloat-abi=hard -mthumb -Wl,--start-group -lc -lm -Wl,--end-group
Finished building target: freertos.elf
 
arm-none-eabi-size   freertos.elf 
arm-none-eabi-objdump -h -S  freertos.elf  > "freertos.list"
   text	   data	    bss	    dec	    hex	filename
  25128	   1196	   6364	  32688	   7fb0	freertos.elf
Finished building: default.size.stdout
 
Finished building: freertos.list
 
18:49:45 **** Incremental Build of configuration Debug for project freertos ****
make -j4 all 
arm-none-eabi-gcc "../Core/Src/main.c" -mcpu=cortex-m4 -std=gnu11 -g3 -DDEBUG -DUSE_HAL_DRIVER -DSTM32F302x8 -c -I../Core/Inc -I../Drivers/STM32F3xx_HAL_Driver/Inc -I../Drivers/STM32F3xx_HAL_Driver/Inc/Legacy -I../Drivers/CMSIS/Device/ST/STM32F3xx/Include -I../Drivers/CMSIS/Include -I../Middlewares/Third_Party/FreeRTOS/Source/include -I../Middlewares/Third_Party/FreeRTOS/Source/CMSIS_RTOS -I../Middlewares/Third_Party/FreeRTOS/Source/portable/GCC/ARM_CM4F -O0 -ffunction-sections -fdata-sections -Wall -fstack-usage -fcyclomatic-complexity -MMD -MP -MF"Core/Src/main.d" -MT"Core/Src/main.o" --specs=nano.specs -mfpu=fpv4-sp-d16 -mfloat-abi=hard -mthumb -o "Core/Src/main.o"
arm-none-eabi-gcc -o "freertos.elf" @"objects.list"   -mcpu=cortex-m4 -T"C:\Users\User\STM32CubeIDE\workspace_1.12.1\freertos\STM32F302R8TX_FLASH.ld" --specs=nosys.specs -Wl,-Map="freertos.map" -Wl,--gc-sections -static --specs=nano.specs -mfpu=fpv4-sp-d16 -mfloat-abi=hard -mthumb -Wl,--start-group -lc -lm -Wl,--end-group
Finished building target: freertos.elf
 
arm-none-eabi-size   freertos.elf 
arm-none-eabi-objdump -h -S  freertos.elf  > "freertos.list"
   text	   data	    bss	    dec	    hex	filename
  25128	   1196	   6364	  32688	   7fb0	freertos.elf
Finished building: default.size.stdout
 
Finished building: freertos.list
 
18:55:12 **** Incremental Build of configuration Debug for project freertos ****
make -j4 all 
arm-none-eabi-gcc "../Core/Src/main.c" -mcpu=cortex-m4 -std=gnu11 -g3 -DDEBUG -DUSE_HAL_DRIVER -DSTM32F302x8 -c -I../Core/Inc -I../Drivers/STM32F3xx_HAL_Driver/Inc -I../Drivers/STM32F3xx_HAL_Driver/Inc/Legacy -I../Drivers/CMSIS/Device/ST/STM32F3xx/Include -I../Drivers/CMSIS/Include -I../Middlewares/Third_Party/FreeRTOS/Source/include -I../Middlewares/Third_Party/FreeRTOS/Source/CMSIS_RTOS -I../Middlewares/Third_Party/FreeRTOS/Source/portable/GCC/ARM_CM4F -O0 -ffunction-sections -fdata-sections -Wall -fstack-usage -fcyclomatic-complexity -MMD -MP -MF"Core/Src/main.d" -MT"Core/Src/main.o" --specs=nano.specs -mfpu=fpv4-sp-d16 -mfloat-abi=hard -mthumb -o "Core/Src/main.o"
arm-none-eabi-gcc -o "freertos.elf" @"objects.list"   -mcpu=cortex-m4 -T"C:\Users\User\STM32CubeIDE\workspace_1.12.1\freertos\STM32F302R8TX_FLASH.ld" --specs=nosys.specs -Wl,-Map="freertos.map" -Wl,--gc-sections -static --specs=nano.specs -mfpu=fpv4-sp-d16 -mfloat-abi=hard -mthumb -Wl,--start-group -lc -lm -Wl,--end-group
Finished building target: freertos.elf
 
arm-none-eabi-size   freertos.elf 
arm-none-eabi-objdump -h -S  freertos.elf  > "freertos.list"
   text	   data	    bss	    dec	    hex	filename
  25128	   1196	   6364	  32688	   7fb0	freertos.elf
Finished building: default.size.stdout
 
Finished building: freertos.list
 
18:58:20 **** Incremental Build of configuration Debug for project freertos ****
make -j4 all 
arm-none-eabi-gcc "../Core/Src/main.c" -mcpu=cortex-m4 -std=gnu11 -g3 -DDEBUG -DUSE_HAL_DRIVER -DSTM32F302x8 -c -I../Core/Inc -I../Drivers/STM32F3xx_HAL_Driver/Inc -I../Drivers/STM32F3xx_HAL_Driver/Inc/Legacy -I../Drivers/CMSIS/Device/ST/STM32F3xx/Include -I../Drivers/CMSIS/Include -I../Middlewares/Third_Party/FreeRTOS/Source/include -I../Middlewares/Third_Party/FreeRTOS/Source/CMSIS_RTOS -I../Middlewares/Third_Party/FreeRTOS/Source/portable/GCC/ARM_CM4F -O0 -ffunction-sections -fdata-sections -Wall -fstack-usage -fcyclomatic-complexity -MMD -MP -MF"Core/Src/main.d" -MT"Core/Src/main.o" --specs=nano.specs -mfpu=fpv4-sp-d16 -mfloat-abi=hard -mthumb -o "Core/Src/main.o"
arm-none-eabi-gcc -o "freertos.elf" @"objects.list"   -mcpu=cortex-m4 -T"C:\Users\User\STM32CubeIDE\workspace_1.12.1\freertos\STM32F302R8TX_FLASH.ld" --specs=nosys.specs -Wl,-Map="freertos.map" -Wl,--gc-sections -static --specs=nano.specs -mfpu=fpv4-sp-d16 -mfloat-abi=hard -mthumb -Wl,--start-group -lc -lm -Wl,--end-group
Finished building target: freertos.elf
 
arm-none-eabi-size   freertos.elf 
arm-none-eabi-objdump -h -S  freertos.elf  > "freertos.list"
   text	   data	    bss	    dec	    hex	filename
  25080	   1196	   6356	  32632	   7f78	freertos.elf
Finished building: default.size.stdout
 
Finished building: freertos.list
 
19:02:53 **** Incremental Build of configuration Debug for project freertos ****
make -j4 all 
arm-none-eabi-gcc "../Core/Src/main.c" -mcpu=cortex-m4 -std=gnu11 -g3 -DDEBUG -DUSE_HAL_DRIVER -DSTM32F302x8 -c -I../Core/Inc -I../Drivers/STM32F3xx_HAL_Driver/Inc -I../Drivers/STM32F3xx_HAL_Driver/Inc/Legacy -I../Drivers/CMSIS/Device/ST/STM32F3xx/Include -I../Drivers/CMSIS/Include -I../Middlewares/Third_Party/FreeRTOS/Source/include -I../Middlewares/Third_Party/FreeRTOS/Source/CMSIS_RTOS -I../Middlewares/Third_Party/FreeRTOS/Source/portable/GCC/ARM_CM4F -O0 -ffunction-sections -fdata-sections -Wall -fstack-usage -fcyclomatic-complexity -MMD -MP -MF"Core/Src/main.d" -MT"Core/Src/main.o" --specs=nano.specs -mfpu=fpv4-sp-d16 -mfloat-abi=hard -mthumb -o "Core/Src/main.o"
arm-none-eabi-gcc -o "freertos.elf" @"objects.list"   -mcpu=cortex-m4 -T"C:\Users\User\STM32CubeIDE\workspace_1.12.1\freertos\STM32F302R8TX_FLASH.ld" --specs=nosys.specs -Wl,-Map="freertos.map" -Wl,--gc-sections -static --specs=nano.specs -mfpu=fpv4-sp-d16 -mfloat-abi=hard -mthumb -Wl,--start-group -lc -lm -Wl,--end-group
Finished building target: freertos.elf
 
arm-none-eabi-size   freertos.elf 
arm-none-eabi-objdump -h -S  freertos.elf  > "freertos.list"
   text	   data	    bss	    dec	    hex	filename
  25080	   1196	   6356	  32632	   7f78	freertos.elf
Finished building: default.size.stdout
 
Finished building: freertos.list
 
19:06:37 **** Incremental Build of configuration Debug for project freertos ****
make -j4 all 
arm-none-eabi-gcc "../Core/Src/main.c" -mcpu=cortex-m4 -std=gnu11 -g3 -DDEBUG -DUSE_HAL_DRIVER -DSTM32F302x8 -c -I../Core/Inc -I../Drivers/STM32F3xx_HAL_Driver/Inc -I../Drivers/STM32F3xx_HAL_Driver/Inc/Legacy -I../Drivers/CMSIS/Device/ST/STM32F3xx/Include -I../Drivers/CMSIS/Include -I../Middlewares/Third_Party/FreeRTOS/Source/include -I../Middlewares/Third_Party/FreeRTOS/Source/CMSIS_RTOS -I../Middlewares/Third_Party/FreeRTOS/Source/portable/GCC/ARM_CM4F -O0 -ffunction-sections -fdata-sections -Wall -fstack-usage -fcyclomatic-complexity -MMD -MP -MF"Core/Src/main.d" -MT"Core/Src/main.o" --specs=nano.specs -mfpu=fpv4-sp-d16 -mfloat-abi=hard -mthumb -o "Core/Src/main.o"
arm-none-eabi-gcc -o "freertos.elf" @"objects.list"   -mcpu=cortex-m4 -T"C:\Users\User\STM32CubeIDE\workspace_1.12.1\freertos\STM32F302R8TX_FLASH.ld" --specs=nosys.specs -Wl,-Map="freertos.map" -Wl,--gc-sections -static --specs=nano.specs -mfpu=fpv4-sp-d16 -mfloat-abi=hard -mthumb -Wl,--start-group -lc -lm -Wl,--end-group
Finished building target: freertos.elf
 
arm-none-eabi-size   freertos.elf 
arm-none-eabi-objdump -h -S  freertos.elf  > "freertos.list"
   text	   data	    bss	    dec	    hex	filename
  25064	   1196	   6356	  32616	   7f68	freertos.elf
Finished building: default.size.stdout
 
Finished building: freertos.list
 
19:09:31 **** Incremental Build of configuration Debug for project freertos ****
make -j4 all 
arm-none-eabi-gcc "../Core/Src/main.c" -mcpu=cortex-m4 -std=gnu11 -g3 -DDEBUG -DUSE_HAL_DRIVER -DSTM32F302x8 -c -I../Core/Inc -I../Drivers/STM32F3xx_HAL_Driver/Inc -I../Drivers/STM32F3xx_HAL_Driver/Inc/Legacy -I../Drivers/CMSIS/Device/ST/STM32F3xx/Include -I../Drivers/CMSIS/Include -I../Middlewares/Third_Party/FreeRTOS/Source/include -I../Middlewares/Third_Party/FreeRTOS/Source/CMSIS_RTOS -I../Middlewares/Third_Party/FreeRTOS/Source/portable/GCC/ARM_CM4F -O0 -ffunction-sections -fdata-sections -Wall -fstack-usage -fcyclomatic-complexity -MMD -MP -MF"Core/Src/main.d" -MT"Core/Src/main.o" --specs=nano.specs -mfpu=fpv4-sp-d16 -mfloat-abi=hard -mthumb -o "Core/Src/main.o"
arm-none-eabi-gcc -o "freertos.elf" @"objects.list"   -mcpu=cortex-m4 -T"C:\Users\User\STM32CubeIDE\workspace_1.12.1\freertos\STM32F302R8TX_FLASH.ld" --specs=nosys.specs -Wl,-Map="freertos.map" -Wl,--gc-sections -static --specs=nano.specs -mfpu=fpv4-sp-d16 -mfloat-abi=hard -mthumb -Wl,--start-group -lc -lm -Wl,--end-group
Finished building target: freertos.elf
 
arm-none-eabi-size   freertos.elf 
arm-none-eabi-objdump -h -S  freertos.elf  > "freertos.list"
   text	   data	    bss	    dec	    hex	filename
  25048	   1196	   6356	  32600	   7f58	freertos.elf
Finished building: default.size.stdout
 
Finished building: freertos.list
 
19:10:56 **** Incremental Build of configuration Debug for project freertos ****
make -j4 all 
arm-none-eabi-gcc "../Core/Src/main.c" -mcpu=cortex-m4 -std=gnu11 -g3 -DDEBUG -DUSE_HAL_DRIVER -DSTM32F302x8 -c -I../Core/Inc -I../Drivers/STM32F3xx_HAL_Driver/Inc -I../Drivers/STM32F3xx_HAL_Driver/Inc/Legacy -I../Drivers/CMSIS/Device/ST/STM32F3xx/Include -I../Drivers/CMSIS/Include -I../Middlewares/Third_Party/FreeRTOS/Source/include -I../Middlewares/Third_Party/FreeRTOS/Source/CMSIS_RTOS -I../Middlewares/Third_Party/FreeRTOS/Source/portable/GCC/ARM_CM4F -O0 -ffunction-sections -fdata-sections -Wall -fstack-usage -fcyclomatic-complexity -MMD -MP -MF"Core/Src/main.d" -MT"Core/Src/main.o" --specs=nano.specs -mfpu=fpv4-sp-d16 -mfloat-abi=hard -mthumb -o "Core/Src/main.o"
arm-none-eabi-gcc -o "freertos.elf" @"objects.list"   -mcpu=cortex-m4 -T"C:\Users\User\STM32CubeIDE\workspace_1.12.1\freertos\STM32F302R8TX_FLASH.ld" --specs=nosys.specs -Wl,-Map="freertos.map" -Wl,--gc-sections -static --specs=nano.specs -mfpu=fpv4-sp-d16 -mfloat-abi=hard -mthumb -Wl,--start-group -lc -lm -Wl,--end-group
Finished building target: freertos.elf
 
arm-none-eabi-size   freertos.elf 
arm-none-eabi-objdump -h -S  freertos.elf  > "freertos.list"
   text	   data	    bss	    dec	    hex	filename
  25048	   1196	   6356	  32600	   7f58	freertos.elf
Finished building: default.size.stdout
 
Finished building: freertos.list
 
19:13:52 **** Incremental Build of configuration Debug for project freertos ****
make -j4 all 
arm-none-eabi-gcc "../Core/Src/main.c" -mcpu=cortex-m4 -std=gnu11 -g3 -DDEBUG -DUSE_HAL_DRIVER -DSTM32F302x8 -c -I../Core/Inc -I../Drivers/STM32F3xx_HAL_Driver/Inc -I../Drivers/STM32F3xx_HAL_Driver/Inc/Legacy -I../Drivers/CMSIS/Device/ST/STM32F3xx/Include -I../Drivers/CMSIS/Include -I../Middlewares/Third_Party/FreeRTOS/Source/include -I../Middlewares/Third_Party/FreeRTOS/Source/CMSIS_RTOS -I../Middlewares/Third_Party/FreeRTOS/Source/portable/GCC/ARM_CM4F -O0 -ffunction-sections -fdata-sections -Wall -fstack-usage -fcyclomatic-complexity -MMD -MP -MF"Core/Src/main.d" -MT"Core/Src/main.o" --specs=nano.specs -mfpu=fpv4-sp-d16 -mfloat-abi=hard -mthumb -o "Core/Src/main.o"
arm-none-eabi-gcc -o "freertos.elf" @"objects.list"   -mcpu=cortex-m4 -T"C:\Users\User\STM32CubeIDE\workspace_1.12.1\freertos\STM32F302R8TX_FLASH.ld" --specs=nosys.specs -Wl,-Map="freertos.map" -Wl,--gc-sections -static --specs=nano.specs -mfpu=fpv4-sp-d16 -mfloat-abi=hard -mthumb -Wl,--start-group -lc -lm -Wl,--end-group
Finished building target: freertos.elf
 
arm-none-eabi-size   freertos.elf 
arm-none-eabi-objdump -h -S  freertos.elf  > "freertos.list"
   text	   data	    bss	    dec	    hex	filename
  25000	   1196	   6356	  32552	   7f28	freertos.elf
Finished building: default.size.stdout
 
Finished building: freertos.list
 
19:37:19 **** Incremental Build of configuration Debug for project freertos ****
make -j4 all 
arm-none-eabi-gcc "../Core/Src/main.c" -mcpu=cortex-m4 -std=gnu11 -g3 -DDEBUG -DUSE_HAL_DRIVER -DSTM32F302x8 -c -I../Core/Inc -I../Drivers/STM32F3xx_HAL_Driver/Inc -I../Drivers/STM32F3xx_HAL_Driver/Inc/Legacy -I../Drivers/CMSIS/Device/ST/STM32F3xx/Include -I../Drivers/CMSIS/Include -I../Middlewares/Third_Party/FreeRTOS/Source/include -I../Middlewares/Third_Party/FreeRTOS/Source/CMSIS_RTOS -I../Middlewares/Third_Party/FreeRTOS/Source/portable/GCC/ARM_CM4F -O0 -ffunction-sections -fdata-sections -Wall -fstack-usage -fcyclomatic-complexity -MMD -MP -MF"Core/Src/main.d" -MT"Core/Src/main.o" --specs=nano.specs -mfpu=fpv4-sp-d16 -mfloat-abi=hard -mthumb -o "Core/Src/main.o"
arm-none-eabi-gcc -o "freertos.elf" @"objects.list"   -mcpu=cortex-m4 -T"C:\Users\User\STM32CubeIDE\workspace_1.12.1\freertos\STM32F302R8TX_FLASH.ld" --specs=nosys.specs -Wl,-Map="freertos.map" -Wl,--gc-sections -static --specs=nano.specs -mfpu=fpv4-sp-d16 -mfloat-abi=hard -mthumb -Wl,--start-group -lc -lm -Wl,--end-group
Finished building target: freertos.elf
 
arm-none-eabi-size   freertos.elf 
arm-none-eabi-objdump -h -S  freertos.elf  > "freertos.list"
   text	   data	    bss	    dec	    hex	filename
  23084	    124	   6348	  29556	   7374	freertos.elf
Finished building: default.size.stdout
 
Finished building: freertos.list
 
19:40:24 **** Incremental Build of configuration Debug for project freertos ****
make -j4 all 
arm-none-eabi-gcc "../Core/Src/main.c" -mcpu=cortex-m4 -std=gnu11 -g3 -DDEBUG -DUSE_HAL_DRIVER -DSTM32F302x8 -c -I../Core/Inc -I../Drivers/STM32F3xx_HAL_Driver/Inc -I../Drivers/STM32F3xx_HAL_Driver/Inc/Legacy -I../Drivers/CMSIS/Device/ST/STM32F3xx/Include -I../Drivers/CMSIS/Include -I../Middlewares/Third_Party/FreeRTOS/Source/include -I../Middlewares/Third_Party/FreeRTOS/Source/CMSIS_RTOS -I../Middlewares/Third_Party/FreeRTOS/Source/portable/GCC/ARM_CM4F -O0 -ffunction-sections -fdata-sections -Wall -fstack-usage -fcyclomatic-complexity -MMD -MP -MF"Core/Src/main.d" -MT"Core/Src/main.o" --specs=nano.specs -mfpu=fpv4-sp-d16 -mfloat-abi=hard -mthumb -o "Core/Src/main.o"
arm-none-eabi-gcc -o "freertos.elf" @"objects.list"   -mcpu=cortex-m4 -T"C:\Users\User\STM32CubeIDE\workspace_1.12.1\freertos\STM32F302R8TX_FLASH.ld" --specs=nosys.specs -Wl,-Map="freertos.map" -Wl,--gc-sections -static --specs=nano.specs -mfpu=fpv4-sp-d16 -mfloat-abi=hard -mthumb -Wl,--start-group -lc -lm -Wl,--end-group
Finished building target: freertos.elf
 
arm-none-eabi-size   freertos.elf 
arm-none-eabi-objdump -h -S  freertos.elf  > "freertos.list"
   text	   data	    bss	    dec	    hex	filename
  23084	    124	   6348	  29556	   7374	freertos.elf
Finished building: default.size.stdout
 
Finished building: freertos.list
 
19:41:53 **** Incremental Build of configuration Debug for project freertos ****
make -j4 all 
arm-none-eabi-gcc "../Core/Src/main.c" -mcpu=cortex-m4 -std=gnu11 -g3 -DDEBUG -DUSE_HAL_DRIVER -DSTM32F302x8 -c -I../Core/Inc -I../Drivers/STM32F3xx_HAL_Driver/Inc -I../Drivers/STM32F3xx_HAL_Driver/Inc/Legacy -I../Drivers/CMSIS/Device/ST/STM32F3xx/Include -I../Drivers/CMSIS/Include -I../Middlewares/Third_Party/FreeRTOS/Source/include -I../Middlewares/Third_Party/FreeRTOS/Source/CMSIS_RTOS -I../Middlewares/Third_Party/FreeRTOS/Source/portable/GCC/ARM_CM4F -O0 -ffunction-sections -fdata-sections -Wall -fstack-usage -fcyclomatic-complexity -MMD -MP -MF"Core/Src/main.d" -MT"Core/Src/main.o" --specs=nano.specs -mfpu=fpv4-sp-d16 -mfloat-abi=hard -mthumb -o "Core/Src/main.o"
arm-none-eabi-gcc -o "freertos.elf" @"objects.list"   -mcpu=cortex-m4 -T"C:\Users\User\STM32CubeIDE\workspace_1.12.1\freertos\STM32F302R8TX_FLASH.ld" --specs=nosys.specs -Wl,-Map="freertos.map" -Wl,--gc-sections -static --specs=nano.specs -mfpu=fpv4-sp-d16 -mfloat-abi=hard -mthumb -Wl,--start-group -lc -lm -Wl,--end-group
Finished building target: freertos.elf
 
arm-none-eabi-size   freertos.elf 
arm-none-eabi-objdump -h -S  freertos.elf  > "freertos.list"
   text	   data	    bss	    dec	    hex	filename
  23068	    124	   6348	  29540	   7364	freertos.elf
Finished building: default.size.stdout
 
Finished building: freertos.list
 
19:57:40 **** Incremental Build of configuration Debug for project freertos ****
make -j4 all 
arm-none-eabi-gcc "../Core/Src/main.c" -mcpu=cortex-m4 -std=gnu11 -g3 -DDEBUG -DUSE_HAL_DRIVER -DSTM32F302x8 -c -I../Core/Inc -I../Drivers/STM32F3xx_HAL_Driver/Inc -I../Drivers/STM32F3xx_HAL_Driver/Inc/Legacy -I../Drivers/CMSIS/Device/ST/STM32F3xx/Include -I../Drivers/CMSIS/Include -I../Middlewares/Third_Party/FreeRTOS/Source/include -I../Middlewares/Third_Party/FreeRTOS/Source/CMSIS_RTOS -I../Middlewares/Third_Party/FreeRTOS/Source/portable/GCC/ARM_CM4F -O0 -ffunction-sections -fdata-sections -Wall -fstack-usage -fcyclomatic-complexity -MMD -MP -MF"Core/Src/main.d" -MT"Core/Src/main.o" --specs=nano.specs -mfpu=fpv4-sp-d16 -mfloat-abi=hard -mthumb -o "Core/Src/main.o"
arm-none-eabi-gcc -o "freertos.elf" @"objects.list"   -mcpu=cortex-m4 -T"C:\Users\User\STM32CubeIDE\workspace_1.12.1\freertos\STM32F302R8TX_FLASH.ld" --specs=nosys.specs -Wl,-Map="freertos.map" -Wl,--gc-sections -static --specs=nano.specs -mfpu=fpv4-sp-d16 -mfloat-abi=hard -mthumb -Wl,--start-group -lc -lm -Wl,--end-group
Finished building target: freertos.elf
 
arm-none-eabi-size   freertos.elf 
arm-none-eabi-objdump -h -S  freertos.elf  > "freertos.list"
   text	   data	    bss	    dec	    hex	filename
  23068	    124	   6348	  29540	   7364	freertos.elf
Finished building: default.size.stdout
 
Finished building: freertos.list
 
20:01:02 **** Incremental Build of configuration Debug for project freertos ****
make -j4 all 
arm-none-eabi-gcc "../Core/Src/main.c" -mcpu=cortex-m4 -std=gnu11 -g3 -DDEBUG -DUSE_HAL_DRIVER -DSTM32F302x8 -c -I../Core/Inc -I../Drivers/STM32F3xx_HAL_Driver/Inc -I../Drivers/STM32F3xx_HAL_Driver/Inc/Legacy -I../Drivers/CMSIS/Device/ST/STM32F3xx/Include -I../Drivers/CMSIS/Include -I../Middlewares/Third_Party/FreeRTOS/Source/include -I../Middlewares/Third_Party/FreeRTOS/Source/CMSIS_RTOS -I../Middlewares/Third_Party/FreeRTOS/Source/portable/GCC/ARM_CM4F -O0 -ffunction-sections -fdata-sections -Wall -fstack-usage -fcyclomatic-complexity -MMD -MP -MF"Core/Src/main.d" -MT"Core/Src/main.o" --specs=nano.specs -mfpu=fpv4-sp-d16 -mfloat-abi=hard -mthumb -o "Core/Src/main.o"
arm-none-eabi-gcc -o "freertos.elf" @"objects.list"   -mcpu=cortex-m4 -T"C:\Users\User\STM32CubeIDE\workspace_1.12.1\freertos\STM32F302R8TX_FLASH.ld" --specs=nosys.specs -Wl,-Map="freertos.map" -Wl,--gc-sections -static --specs=nano.specs -mfpu=fpv4-sp-d16 -mfloat-abi=hard -mthumb -Wl,--start-group -lc -lm -Wl,--end-group
Finished building target: freertos.elf
 
arm-none-eabi-size   freertos.elf 
arm-none-eabi-objdump -h -S  freertos.elf  > "freertos.list"
   text	   data	    bss	    dec	    hex	filename
  23068	    124	   6348	  29540	   7364	freertos.elf
Finished building: default.size.stdout
 
Finished building: freertos.list
 
20:05:11 **** Incremental Build of configuration Debug for project freertos ****
make -j4 all 
arm-none-eabi-gcc "../Core/Src/main.c" -mcpu=cortex-m4 -std=gnu11 -g3 -DDEBUG -DUSE_HAL_DRIVER -DSTM32F302x8 -c -I../Core/Inc -I../Drivers/STM32F3xx_HAL_Driver/Inc -I../Drivers/STM32F3xx_HAL_Driver/Inc/Legacy -I../Drivers/CMSIS/Device/ST/STM32F3xx/Include -I../Drivers/CMSIS/Include -I../Middlewares/Third_Party/FreeRTOS/Source/include -I../Middlewares/Third_Party/FreeRTOS/Source/CMSIS_RTOS -I../Middlewares/Third_Party/FreeRTOS/Source/portable/GCC/ARM_CM4F -O0 -ffunction-sections -fdata-sections -Wall -fstack-usage -fcyclomatic-complexity -MMD -MP -MF"Core/Src/main.d" -MT"Core/Src/main.o" --specs=nano.specs -mfpu=fpv4-sp-d16 -mfloat-abi=hard -mthumb -o "Core/Src/main.o"
arm-none-eabi-gcc -o "freertos.elf" @"objects.list"   -mcpu=cortex-m4 -T"C:\Users\User\STM32CubeIDE\workspace_1.12.1\freertos\STM32F302R8TX_FLASH.ld" --specs=nosys.specs -Wl,-Map="freertos.map" -Wl,--gc-sections -static --specs=nano.specs -mfpu=fpv4-sp-d16 -mfloat-abi=hard -mthumb -Wl,--start-group -lc -lm -Wl,--end-group
Finished building target: freertos.elf
 
arm-none-eabi-size   freertos.elf 
arm-none-eabi-objdump -h -S  freertos.elf  > "freertos.list"
   text	   data	    bss	    dec	    hex	filename
  23068	    124	   6348	  29540	   7364	freertos.elf
Finished building: default.size.stdout
 
Finished building: freertos.list
 
20:06:18 **** Incremental Build of configuration Debug for project freertos ****
make -j4 all 
arm-none-eabi-gcc "../Core/Src/main.c" -mcpu=cortex-m4 -std=gnu11 -g3 -DDEBUG -DUSE_HAL_DRIVER -DSTM32F302x8 -c -I../Core/Inc -I../Drivers/STM32F3xx_HAL_Driver/Inc -I../Drivers/STM32F3xx_HAL_Driver/Inc/Legacy -I../Drivers/CMSIS/Device/ST/STM32F3xx/Include -I../Drivers/CMSIS/Include -I../Middlewares/Third_Party/FreeRTOS/Source/include -I../Middlewares/Third_Party/FreeRTOS/Source/CMSIS_RTOS -I../Middlewares/Third_Party/FreeRTOS/Source/portable/GCC/ARM_CM4F -O0 -ffunction-sections -fdata-sections -Wall -fstack-usage -fcyclomatic-complexity -MMD -MP -MF"Core/Src/main.d" -MT"Core/Src/main.o" --specs=nano.specs -mfpu=fpv4-sp-d16 -mfloat-abi=hard -mthumb -o "Core/Src/main.o"
arm-none-eabi-gcc -o "freertos.elf" @"objects.list"   -mcpu=cortex-m4 -T"C:\Users\User\STM32CubeIDE\workspace_1.12.1\freertos\STM32F302R8TX_FLASH.ld" --specs=nosys.specs -Wl,-Map="freertos.map" -Wl,--gc-sections -static --specs=nano.specs -mfpu=fpv4-sp-d16 -mfloat-abi=hard -mthumb -Wl,--start-group -lc -lm -Wl,--end-group
Finished building target: freertos.elf
 
arm-none-eabi-size   freertos.elf 
arm-none-eabi-objdump -h -S  freertos.elf  > "freertos.list"
   text	   data	    bss	    dec	    hex	filename
  23068	    124	   6348	  29540	   7364	freertos.elf
Finished building: default.size.stdout
 
Finished building: freertos.list
 
20:15:48 **** Incremental Build of configuration Debug for project freertos ****
make -j4 all 
arm-none-eabi-gcc "../Core/Src/main.c" -mcpu=cortex-m4 -std=gnu11 -g3 -DDEBUG -DUSE_HAL_DRIVER -DSTM32F302x8 -c -I../Core/Inc -I../Drivers/STM32F3xx_HAL_Driver/Inc -I../Drivers/STM32F3xx_HAL_Driver/Inc/Legacy -I../Drivers/CMSIS/Device/ST/STM32F3xx/Include -I../Drivers/CMSIS/Include -I../Middlewares/Third_Party/FreeRTOS/Source/include -I../Middlewares/Third_Party/FreeRTOS/Source/CMSIS_RTOS -I../Middlewares/Third_Party/FreeRTOS/Source/portable/GCC/ARM_CM4F -O0 -ffunction-sections -fdata-sections -Wall -fstack-usage -fcyclomatic-complexity -MMD -MP -MF"Core/Src/main.d" -MT"Core/Src/main.o" --specs=nano.specs -mfpu=fpv4-sp-d16 -mfloat-abi=hard -mthumb -o "Core/Src/main.o"
arm-none-eabi-gcc -o "freertos.elf" @"objects.list"   -mcpu=cortex-m4 -T"C:\Users\User\STM32CubeIDE\workspace_1.12.1\freertos\STM32F302R8TX_FLASH.ld" --specs=nosys.specs -Wl,-Map="freertos.map" -Wl,--gc-sections -static --specs=nano.specs -mfpu=fpv4-sp-d16 -mfloat-abi=hard -mthumb -Wl,--start-group -lc -lm -Wl,--end-group
Finished building target: freertos.elf
 
arm-none-eabi-size   freertos.elf 
arm-none-eabi-objdump -h -S  freertos.elf  > "freertos.list"
   text	   data	    bss	    dec	    hex	filename
  23164	    124	   6348	  29636	   73c4	freertos.elf
Finished building: default.size.stdout
 
Finished building: freertos.list
 
20:24:46 **** Incremental Build of configuration Debug for project freertos ****
make -j4 all 
arm-none-eabi-gcc "../Core/Src/main.c" -mcpu=cortex-m4 -std=gnu11 -g3 -DDEBUG -DUSE_HAL_DRIVER -DSTM32F302x8 -c -I../Core/Inc -I../Drivers/STM32F3xx_HAL_Driver/Inc -I../Drivers/STM32F3xx_HAL_Driver/Inc/Legacy -I../Drivers/CMSIS/Device/ST/STM32F3xx/Include -I../Drivers/CMSIS/Include -I../Middlewares/Third_Party/FreeRTOS/Source/include -I../Middlewares/Third_Party/FreeRTOS/Source/CMSIS_RTOS -I../Middlewares/Third_Party/FreeRTOS/Source/portable/GCC/ARM_CM4F -O0 -ffunction-sections -fdata-sections -Wall -fstack-usage -fcyclomatic-complexity -MMD -MP -MF"Core/Src/main.d" -MT"Core/Src/main.o" --specs=nano.specs -mfpu=fpv4-sp-d16 -mfloat-abi=hard -mthumb -o "Core/Src/main.o"
arm-none-eabi-gcc -o "freertos.elf" @"objects.list"   -mcpu=cortex-m4 -T"C:\Users\User\STM32CubeIDE\workspace_1.12.1\freertos\STM32F302R8TX_FLASH.ld" --specs=nosys.specs -Wl,-Map="freertos.map" -Wl,--gc-sections -static --specs=nano.specs -mfpu=fpv4-sp-d16 -mfloat-abi=hard -mthumb -Wl,--start-group -lc -lm -Wl,--end-group
Finished building target: freertos.elf
 
arm-none-eabi-size   freertos.elf 
arm-none-eabi-objdump -h -S  freertos.elf  > "freertos.list"
   text	   data	    bss	    dec	    hex	filename
  24744	   1196	   6348	  32288	   7e20	freertos.elf
Finished building: default.size.stdout
 
Finished building: freertos.list
 
20:26:12 **** Incremental Build of configuration Debug for project freertos ****
make -j4 all 
arm-none-eabi-gcc "../Core/Src/main.c" -mcpu=cortex-m4 -std=gnu11 -g3 -DDEBUG -DUSE_HAL_DRIVER -DSTM32F302x8 -c -I../Core/Inc -I../Drivers/STM32F3xx_HAL_Driver/Inc -I../Drivers/STM32F3xx_HAL_Driver/Inc/Legacy -I../Drivers/CMSIS/Device/ST/STM32F3xx/Include -I../Drivers/CMSIS/Include -I../Middlewares/Third_Party/FreeRTOS/Source/include -I../Middlewares/Third_Party/FreeRTOS/Source/CMSIS_RTOS -I../Middlewares/Third_Party/FreeRTOS/Source/portable/GCC/ARM_CM4F -O0 -ffunction-sections -fdata-sections -Wall -fstack-usage -fcyclomatic-complexity -MMD -MP -MF"Core/Src/main.d" -MT"Core/Src/main.o" --specs=nano.specs -mfpu=fpv4-sp-d16 -mfloat-abi=hard -mthumb -o "Core/Src/main.o"
arm-none-eabi-gcc -o "freertos.elf" @"objects.list"   -mcpu=cortex-m4 -T"C:\Users\User\STM32CubeIDE\workspace_1.12.1\freertos\STM32F302R8TX_FLASH.ld" --specs=nosys.specs -Wl,-Map="freertos.map" -Wl,--gc-sections -static --specs=nano.specs -mfpu=fpv4-sp-d16 -mfloat-abi=hard -mthumb -Wl,--start-group -lc -lm -Wl,--end-group
Finished building target: freertos.elf
 
arm-none-eabi-size   freertos.elf 
arm-none-eabi-objdump -h -S  freertos.elf  > "freertos.list"
   text	   data	    bss	    dec	    hex	filename
  24744	   1196	   6348	  32288	   7e20	freertos.elf
Finished building: default.size.stdout
 
Finished building: freertos.list
 
20:42:00 **** Incremental Build of configuration Debug for project Proyecto0.0 ****
make -j4 all 
arm-none-eabi-gcc "../Core/Src/main.c" -mcpu=cortex-m4 -std=gnu11 -g3 -DDEBUG -DUSE_HAL_DRIVER -DSTM32F302x8 -c -I../Core/Inc -I../Drivers/STM32F3xx_HAL_Driver/Inc -I../Drivers/STM32F3xx_HAL_Driver/Inc/Legacy -I../Drivers/CMSIS/Device/ST/STM32F3xx/Include -I../Drivers/CMSIS/Include -O0 -ffunction-sections -fdata-sections -Wall -fstack-usage -fcyclomatic-complexity -MMD -MP -MF"Core/Src/main.d" -MT"Core/Src/main.o" --specs=nano.specs -mfpu=fpv4-sp-d16 -mfloat-abi=hard -mthumb -o "Core/Src/main.o"
arm-none-eabi-gcc -o "Proyecto0.0.elf" @"objects.list"   -mcpu=cortex-m4 -T"C:\Users\User\STM32CubeIDE\workspace_1.12.1\Proyecto0.0\STM32F302R8TX_FLASH.ld" --specs=nosys.specs -Wl,-Map="Proyecto0.0.map" -Wl,--gc-sections -static --specs=nano.specs -mfpu=fpv4-sp-d16 -mfloat-abi=hard -mthumb -Wl,--start-group -lc -lm -Wl,--end-group
Finished building target: Proyecto0.0.elf
 
arm-none-eabi-size   Proyecto0.0.elf 
arm-none-eabi-objdump -h -S  Proyecto0.0.elf  > "Proyecto0.0.list"
   text	   data	    bss	    dec	    hex	filename
  27340	    128	   4360	  31828	   7c54	Proyecto0.0.elf
Finished building: default.size.stdout
 
Finished building: Proyecto0.0.list
 
20:43:32 **** Incremental Build of configuration Debug for project Proyecto0.0 ****
make -j4 all 
arm-none-eabi-size   Proyecto0.0.elf 
   text	   data	    bss	    dec	    hex	filename
  27340	    128	   4360	  31828	   7c54	Proyecto0.0.elf
Finished building: default.size.stdout
 
20:47:02 **** Incremental Build of configuration Debug for project Proyecto0.0 ****
make -j4 all 
arm-none-eabi-gcc "../Core/Src/main.c" -mcpu=cortex-m4 -std=gnu11 -g3 -DDEBUG -DUSE_HAL_DRIVER -DSTM32F302x8 -c -I../Core/Inc -I../Drivers/STM32F3xx_HAL_Driver/Inc -I../Drivers/STM32F3xx_HAL_Driver/Inc/Legacy -I../Drivers/CMSIS/Device/ST/STM32F3xx/Include -I../Drivers/CMSIS/Include -O0 -ffunction-sections -fdata-sections -Wall -fstack-usage -fcyclomatic-complexity -MMD -MP -MF"Core/Src/main.d" -MT"Core/Src/main.o" --specs=nano.specs -mfpu=fpv4-sp-d16 -mfloat-abi=hard -mthumb -o "Core/Src/main.o"
arm-none-eabi-gcc -o "Proyecto0.0.elf" @"objects.list"   -mcpu=cortex-m4 -T"C:\Users\User\STM32CubeIDE\workspace_1.12.1\Proyecto0.0\STM32F302R8TX_FLASH.ld" --specs=nosys.specs -Wl,-Map="Proyecto0.0.map" -Wl,--gc-sections -static --specs=nano.specs -mfpu=fpv4-sp-d16 -mfloat-abi=hard -mthumb -Wl,--start-group -lc -lm -Wl,--end-group
Finished building target: Proyecto0.0.elf
 
arm-none-eabi-size   Proyecto0.0.elf 
arm-none-eabi-objdump -h -S  Proyecto0.0.elf  > "Proyecto0.0.list"
   text	   data	    bss	    dec	    hex	filename
  27316	    128	   4360	  31804	   7c3c	Proyecto0.0.elf
Finished building: default.size.stdout
 
Finished building: Proyecto0.0.list
 
20:48:11 **** Incremental Build of configuration Debug for project Proyecto0.0 ****
make -j4 all 
arm-none-eabi-gcc "../Core/Src/main.c" -mcpu=cortex-m4 -std=gnu11 -g3 -DDEBUG -DUSE_HAL_DRIVER -DSTM32F302x8 -c -I../Core/Inc -I../Drivers/STM32F3xx_HAL_Driver/Inc -I../Drivers/STM32F3xx_HAL_Driver/Inc/Legacy -I../Drivers/CMSIS/Device/ST/STM32F3xx/Include -I../Drivers/CMSIS/Include -O0 -ffunction-sections -fdata-sections -Wall -fstack-usage -fcyclomatic-complexity -MMD -MP -MF"Core/Src/main.d" -MT"Core/Src/main.o" --specs=nano.specs -mfpu=fpv4-sp-d16 -mfloat-abi=hard -mthumb -o "Core/Src/main.o"
arm-none-eabi-gcc -o "Proyecto0.0.elf" @"objects.list"   -mcpu=cortex-m4 -T"C:\Users\User\STM32CubeIDE\workspace_1.12.1\Proyecto0.0\STM32F302R8TX_FLASH.ld" --specs=nosys.specs -Wl,-Map="Proyecto0.0.map" -Wl,--gc-sections -static --specs=nano.specs -mfpu=fpv4-sp-d16 -mfloat-abi=hard -mthumb -Wl,--start-group -lc -lm -Wl,--end-group
Finished building target: Proyecto0.0.elf
 
arm-none-eabi-size   Proyecto0.0.elf 
arm-none-eabi-objdump -h -S  Proyecto0.0.elf  > "Proyecto0.0.list"
   text	   data	    bss	    dec	    hex	filename
  27316	    128	   4360	  31804	   7c3c	Proyecto0.0.elf
Finished building: default.size.stdout
 
Finished building: Proyecto0.0.list
 
20:51:03 **** Incremental Build of configuration Debug for project Proyecto0.0 ****
make -j4 all 
arm-none-eabi-gcc "../Core/Src/main.c" -mcpu=cortex-m4 -std=gnu11 -g3 -DDEBUG -DUSE_HAL_DRIVER -DSTM32F302x8 -c -I../Core/Inc -I../Drivers/STM32F3xx_HAL_Driver/Inc -I../Drivers/STM32F3xx_HAL_Driver/Inc/Legacy -I../Drivers/CMSIS/Device/ST/STM32F3xx/Include -I../Drivers/CMSIS/Include -O0 -ffunction-sections -fdata-sections -Wall -fstack-usage -fcyclomatic-complexity -MMD -MP -MF"Core/Src/main.d" -MT"Core/Src/main.o" --specs=nano.specs -mfpu=fpv4-sp-d16 -mfloat-abi=hard -mthumb -o "Core/Src/main.o"
arm-none-eabi-gcc -o "Proyecto0.0.elf" @"objects.list"   -mcpu=cortex-m4 -T"C:\Users\User\STM32CubeIDE\workspace_1.12.1\Proyecto0.0\STM32F302R8TX_FLASH.ld" --specs=nosys.specs -Wl,-Map="Proyecto0.0.map" -Wl,--gc-sections -static --specs=nano.specs -mfpu=fpv4-sp-d16 -mfloat-abi=hard -mthumb -Wl,--start-group -lc -lm -Wl,--end-group
Finished building target: Proyecto0.0.elf
 
arm-none-eabi-size   Proyecto0.0.elf 
arm-none-eabi-objdump -h -S  Proyecto0.0.elf  > "Proyecto0.0.list"
   text	   data	    bss	    dec	    hex	filename
  27332	    128	   4360	  31820	   7c4c	Proyecto0.0.elf
Finished building: default.size.stdout
 
Finished building: Proyecto0.0.list
 
21:02:22 **** Incremental Build of configuration Debug for project freertos ****
make -j4 all 
arm-none-eabi-gcc "../Core/Src/main.c" -mcpu=cortex-m4 -std=gnu11 -g3 -DDEBUG -DUSE_HAL_DRIVER -DSTM32F302x8 -c -I../Core/Inc -I../Drivers/STM32F3xx_HAL_Driver/Inc -I../Drivers/STM32F3xx_HAL_Driver/Inc/Legacy -I../Drivers/CMSIS/Device/ST/STM32F3xx/Include -I../Drivers/CMSIS/Include -I../Middlewares/Third_Party/FreeRTOS/Source/include -I../Middlewares/Third_Party/FreeRTOS/Source/CMSIS_RTOS -I../Middlewares/Third_Party/FreeRTOS/Source/portable/GCC/ARM_CM4F -O0 -ffunction-sections -fdata-sections -Wall -fstack-usage -fcyclomatic-complexity -MMD -MP -MF"Core/Src/main.d" -MT"Core/Src/main.o" --specs=nano.specs -mfpu=fpv4-sp-d16 -mfloat-abi=hard -mthumb -o "Core/Src/main.o"
arm-none-eabi-gcc -o "freertos.elf" @"objects.list"   -mcpu=cortex-m4 -T"C:\Users\User\STM32CubeIDE\workspace_1.12.1\freertos\STM32F302R8TX_FLASH.ld" --specs=nosys.specs -Wl,-Map="freertos.map" -Wl,--gc-sections -static --specs=nano.specs -mfpu=fpv4-sp-d16 -mfloat-abi=hard -mthumb -Wl,--start-group -lc -lm -Wl,--end-group
Finished building target: freertos.elf
 
arm-none-eabi-size   freertos.elf 
arm-none-eabi-objdump -h -S  freertos.elf  > "freertos.list"
   text	   data	    bss	    dec	    hex	filename
  24936	   1196	   6348	  32480	   7ee0	freertos.elf
Finished building: default.size.stdout
 
Finished building: freertos.list
 
21:11:38 **** Incremental Build of configuration Debug for project Proyecto0.0 ****
make -j4 all 
arm-none-eabi-gcc "../Core/Src/ESP8266_HAL.c" -mcpu=cortex-m4 -std=gnu11 -g3 -DDEBUG -DUSE_HAL_DRIVER -DSTM32F302x8 -c -I../Core/Inc -I../Drivers/STM32F3xx_HAL_Driver/Inc -I../Drivers/STM32F3xx_HAL_Driver/Inc/Legacy -I../Drivers/CMSIS/Device/ST/STM32F3xx/Include -I../Drivers/CMSIS/Include -O0 -ffunction-sections -fdata-sections -Wall -fstack-usage -fcyclomatic-complexity -MMD -MP -MF"Core/Src/ESP8266_HAL.d" -MT"Core/Src/ESP8266_HAL.o" --specs=nano.specs -mfpu=fpv4-sp-d16 -mfloat-abi=hard -mthumb -o "Core/Src/ESP8266_HAL.o"
arm-none-eabi-gcc -o "Proyecto0.0.elf" @"objects.list"   -mcpu=cortex-m4 -T"C:\Users\User\STM32CubeIDE\workspace_1.12.1\Proyecto0.0\STM32F302R8TX_FLASH.ld" --specs=nosys.specs -Wl,-Map="Proyecto0.0.map" -Wl,--gc-sections -static --specs=nano.specs -mfpu=fpv4-sp-d16 -mfloat-abi=hard -mthumb -Wl,--start-group -lc -lm -Wl,--end-group
Finished building target: Proyecto0.0.elf
 
arm-none-eabi-size   Proyecto0.0.elf 
arm-none-eabi-objdump -h -S  Proyecto0.0.elf  > "Proyecto0.0.list"
   text	   data	    bss	    dec	    hex	filename
  27332	    128	   4360	  31820	   7c4c	Proyecto0.0.elf
Finished building: default.size.stdout
 
Finished building: Proyecto0.0.list
 
21:14:56 **** Incremental Build of configuration Debug for project freertos ****
make -j4 all 
arm-none-eabi-gcc "../Core/Src/main.c" -mcpu=cortex-m4 -std=gnu11 -g3 -DDEBUG -DUSE_HAL_DRIVER -DSTM32F302x8 -c -I../Core/Inc -I../Drivers/STM32F3xx_HAL_Driver/Inc -I../Drivers/STM32F3xx_HAL_Driver/Inc/Legacy -I../Drivers/CMSIS/Device/ST/STM32F3xx/Include -I../Drivers/CMSIS/Include -I../Middlewares/Third_Party/FreeRTOS/Source/include -I../Middlewares/Third_Party/FreeRTOS/Source/CMSIS_RTOS -I../Middlewares/Third_Party/FreeRTOS/Source/portable/GCC/ARM_CM4F -O0 -ffunction-sections -fdata-sections -Wall -fstack-usage -fcyclomatic-complexity -MMD -MP -MF"Core/Src/main.d" -MT"Core/Src/main.o" --specs=nano.specs -mfpu=fpv4-sp-d16 -mfloat-abi=hard -mthumb -o "Core/Src/main.o"
arm-none-eabi-gcc -o "freertos.elf" @"objects.list"   -mcpu=cortex-m4 -T"C:\Users\User\STM32CubeIDE\workspace_1.12.1\freertos\STM32F302R8TX_FLASH.ld" --specs=nosys.specs -Wl,-Map="freertos.map" -Wl,--gc-sections -static --specs=nano.specs -mfpu=fpv4-sp-d16 -mfloat-abi=hard -mthumb -Wl,--start-group -lc -lm -Wl,--end-group
Finished building target: freertos.elf
 
arm-none-eabi-size   freertos.elf 
arm-none-eabi-objdump -h -S  freertos.elf  > "freertos.list"
   text	   data	    bss	    dec	    hex	filename
  24936	   1196	   6348	  32480	   7ee0	freertos.elf
Finished building: default.size.stdout
 
Finished building: freertos.list
 
21:29:38 **** Incremental Build of configuration Debug for project Proyecto0.0 ****
make -j4 all 
arm-none-eabi-gcc "../Core/Src/main.c" -mcpu=cortex-m4 -std=gnu11 -g3 -DDEBUG -DUSE_HAL_DRIVER -DSTM32F302x8 -c -I../Core/Inc -I../Drivers/STM32F3xx_HAL_Driver/Inc -I../Drivers/STM32F3xx_HAL_Driver/Inc/Legacy -I../Drivers/CMSIS/Device/ST/STM32F3xx/Include -I../Drivers/CMSIS/Include -O0 -ffunction-sections -fdata-sections -Wall -fstack-usage -fcyclomatic-complexity -MMD -MP -MF"Core/Src/main.d" -MT"Core/Src/main.o" --specs=nano.specs -mfpu=fpv4-sp-d16 -mfloat-abi=hard -mthumb -o "Core/Src/main.o"
arm-none-eabi-gcc -o "Proyecto0.0.elf" @"objects.list"   -mcpu=cortex-m4 -T"C:\Users\User\STM32CubeIDE\workspace_1.12.1\Proyecto0.0\STM32F302R8TX_FLASH.ld" --specs=nosys.specs -Wl,-Map="Proyecto0.0.map" -Wl,--gc-sections -static --specs=nano.specs -mfpu=fpv4-sp-d16 -mfloat-abi=hard -mthumb -Wl,--start-group -lc -lm -Wl,--end-group
Finished building target: Proyecto0.0.elf
 
arm-none-eabi-size   Proyecto0.0.elf 
arm-none-eabi-objdump -h -S  Proyecto0.0.elf  > "Proyecto0.0.list"
   text	   data	    bss	    dec	    hex	filename
  27316	    128	   4360	  31804	   7c3c	Proyecto0.0.elf
Finished building: default.size.stdout
 
Finished building: Proyecto0.0.list
 
21:33:12 **** Incremental Build of configuration Debug for project freertos ****
make -j4 all 
arm-none-eabi-gcc "../Core/Src/main.c" -mcpu=cortex-m4 -std=gnu11 -g3 -DDEBUG -DUSE_HAL_DRIVER -DSTM32F302x8 -c -I../Core/Inc -I../Drivers/STM32F3xx_HAL_Driver/Inc -I../Drivers/STM32F3xx_HAL_Driver/Inc/Legacy -I../Drivers/CMSIS/Device/ST/STM32F3xx/Include -I../Drivers/CMSIS/Include -I../Middlewares/Third_Party/FreeRTOS/Source/include -I../Middlewares/Third_Party/FreeRTOS/Source/CMSIS_RTOS -I../Middlewares/Third_Party/FreeRTOS/Source/portable/GCC/ARM_CM4F -O0 -ffunction-sections -fdata-sections -Wall -fstack-usage -fcyclomatic-complexity -MMD -MP -MF"Core/Src/main.d" -MT"Core/Src/main.o" --specs=nano.specs -mfpu=fpv4-sp-d16 -mfloat-abi=hard -mthumb -o "Core/Src/main.o"
arm-none-eabi-gcc -o "freertos.elf" @"objects.list"   -mcpu=cortex-m4 -T"C:\Users\User\STM32CubeIDE\workspace_1.12.1\freertos\STM32F302R8TX_FLASH.ld" --specs=nosys.specs -Wl,-Map="freertos.map" -Wl,--gc-sections -static --specs=nano.specs -mfpu=fpv4-sp-d16 -mfloat-abi=hard -mthumb -Wl,--start-group -lc -lm -Wl,--end-group
Finished building target: freertos.elf
 
arm-none-eabi-size   freertos.elf 
arm-none-eabi-objdump -h -S  freertos.elf  > "freertos.list"
   text	   data	    bss	    dec	    hex	filename
  24936	   1196	   6348	  32480	   7ee0	freertos.elf
Finished building: default.size.stdout
 
Finished building: freertos.list
 
21:42:33 **** Incremental Build of configuration Debug for project freertos ****
make -j4 all 
arm-none-eabi-gcc "../Core/Src/main.c" -mcpu=cortex-m4 -std=gnu11 -g3 -DDEBUG -DUSE_HAL_DRIVER -DSTM32F302x8 -c -I../Core/Inc -I../Drivers/STM32F3xx_HAL_Driver/Inc -I../Drivers/STM32F3xx_HAL_Driver/Inc/Legacy -I../Drivers/CMSIS/Device/ST/STM32F3xx/Include -I../Drivers/CMSIS/Include -I../Middlewares/Third_Party/FreeRTOS/Source/include -I../Middlewares/Third_Party/FreeRTOS/Source/CMSIS_RTOS -I../Middlewares/Third_Party/FreeRTOS/Source/portable/GCC/ARM_CM4F -O0 -ffunction-sections -fdata-sections -Wall -fstack-usage -fcyclomatic-complexity -MMD -MP -MF"Core/Src/main.d" -MT"Core/Src/main.o" --specs=nano.specs -mfpu=fpv4-sp-d16 -mfloat-abi=hard -mthumb -o "Core/Src/main.o"
arm-none-eabi-gcc -o "freertos.elf" @"objects.list"   -mcpu=cortex-m4 -T"C:\Users\User\STM32CubeIDE\workspace_1.12.1\freertos\STM32F302R8TX_FLASH.ld" --specs=nosys.specs -Wl,-Map="freertos.map" -Wl,--gc-sections -static --specs=nano.specs -mfpu=fpv4-sp-d16 -mfloat-abi=hard -mthumb -Wl,--start-group -lc -lm -Wl,--end-group
Finished building target: freertos.elf
 
arm-none-eabi-size   freertos.elf 
arm-none-eabi-objdump -h -S  freertos.elf  > "freertos.list"
   text	   data	    bss	    dec	    hex	filename
  24936	   1196	   6348	  32480	   7ee0	freertos.elf
Finished building: default.size.stdout
 
Finished building: freertos.list
 
21:43:49 **** Incremental Build of configuration Debug for project freertos ****
make -j4 all 
arm-none-eabi-gcc "../Core/Src/main.c" -mcpu=cortex-m4 -std=gnu11 -g3 -DDEBUG -DUSE_HAL_DRIVER -DSTM32F302x8 -c -I../Core/Inc -I../Drivers/STM32F3xx_HAL_Driver/Inc -I../Drivers/STM32F3xx_HAL_Driver/Inc/Legacy -I../Drivers/CMSIS/Device/ST/STM32F3xx/Include -I../Drivers/CMSIS/Include -I../Middlewares/Third_Party/FreeRTOS/Source/include -I../Middlewares/Third_Party/FreeRTOS/Source/CMSIS_RTOS -I../Middlewares/Third_Party/FreeRTOS/Source/portable/GCC/ARM_CM4F -O0 -ffunction-sections -fdata-sections -Wall -fstack-usage -fcyclomatic-complexity -MMD -MP -MF"Core/Src/main.d" -MT"Core/Src/main.o" --specs=nano.specs -mfpu=fpv4-sp-d16 -mfloat-abi=hard -mthumb -o "Core/Src/main.o"
arm-none-eabi-gcc -o "freertos.elf" @"objects.list"   -mcpu=cortex-m4 -T"C:\Users\User\STM32CubeIDE\workspace_1.12.1\freertos\STM32F302R8TX_FLASH.ld" --specs=nosys.specs -Wl,-Map="freertos.map" -Wl,--gc-sections -static --specs=nano.specs -mfpu=fpv4-sp-d16 -mfloat-abi=hard -mthumb -Wl,--start-group -lc -lm -Wl,--end-group
Finished building target: freertos.elf
 
arm-none-eabi-size   freertos.elf 
arm-none-eabi-objdump -h -S  freertos.elf  > "freertos.list"
   text	   data	    bss	    dec	    hex	filename
  24936	   1196	   6348	  32480	   7ee0	freertos.elf
Finished building: default.size.stdout
 
Finished building: freertos.list
 
21:44:43 **** Incremental Build of configuration Debug for project freertos ****
make -j4 all 
arm-none-eabi-gcc "../Core/Src/main.c" -mcpu=cortex-m4 -std=gnu11 -g3 -DDEBUG -DUSE_HAL_DRIVER -DSTM32F302x8 -c -I../Core/Inc -I../Drivers/STM32F3xx_HAL_Driver/Inc -I../Drivers/STM32F3xx_HAL_Driver/Inc/Legacy -I../Drivers/CMSIS/Device/ST/STM32F3xx/Include -I../Drivers/CMSIS/Include -I../Middlewares/Third_Party/FreeRTOS/Source/include -I../Middlewares/Third_Party/FreeRTOS/Source/CMSIS_RTOS -I../Middlewares/Third_Party/FreeRTOS/Source/portable/GCC/ARM_CM4F -O0 -ffunction-sections -fdata-sections -Wall -fstack-usage -fcyclomatic-complexity -MMD -MP -MF"Core/Src/main.d" -MT"Core/Src/main.o" --specs=nano.specs -mfpu=fpv4-sp-d16 -mfloat-abi=hard -mthumb -o "Core/Src/main.o"
arm-none-eabi-gcc -o "freertos.elf" @"objects.list"   -mcpu=cortex-m4 -T"C:\Users\User\STM32CubeIDE\workspace_1.12.1\freertos\STM32F302R8TX_FLASH.ld" --specs=nosys.specs -Wl,-Map="freertos.map" -Wl,--gc-sections -static --specs=nano.specs -mfpu=fpv4-sp-d16 -mfloat-abi=hard -mthumb -Wl,--start-group -lc -lm -Wl,--end-group
Finished building target: freertos.elf
 
arm-none-eabi-size   freertos.elf 
arm-none-eabi-objdump -h -S  freertos.elf  > "freertos.list"
   text	   data	    bss	    dec	    hex	filename
  24936	   1196	   6348	  32480	   7ee0	freertos.elf
Finished building: default.size.stdout
 
Finished building: freertos.list
 
21:45:59 **** Incremental Build of configuration Debug for project freertos ****
make -j4 all 
arm-none-eabi-gcc "../Core/Src/main.c" -mcpu=cortex-m4 -std=gnu11 -g3 -DDEBUG -DUSE_HAL_DRIVER -DSTM32F302x8 -c -I../Core/Inc -I../Drivers/STM32F3xx_HAL_Driver/Inc -I../Drivers/STM32F3xx_HAL_Driver/Inc/Legacy -I../Drivers/CMSIS/Device/ST/STM32F3xx/Include -I../Drivers/CMSIS/Include -I../Middlewares/Third_Party/FreeRTOS/Source/include -I../Middlewares/Third_Party/FreeRTOS/Source/CMSIS_RTOS -I../Middlewares/Third_Party/FreeRTOS/Source/portable/GCC/ARM_CM4F -O0 -ffunction-sections -fdata-sections -Wall -fstack-usage -fcyclomatic-complexity -MMD -MP -MF"Core/Src/main.d" -MT"Core/Src/main.o" --specs=nano.specs -mfpu=fpv4-sp-d16 -mfloat-abi=hard -mthumb -o "Core/Src/main.o"
arm-none-eabi-gcc -o "freertos.elf" @"objects.list"   -mcpu=cortex-m4 -T"C:\Users\User\STM32CubeIDE\workspace_1.12.1\freertos\STM32F302R8TX_FLASH.ld" --specs=nosys.specs -Wl,-Map="freertos.map" -Wl,--gc-sections -static --specs=nano.specs -mfpu=fpv4-sp-d16 -mfloat-abi=hard -mthumb -Wl,--start-group -lc -lm -Wl,--end-group
Finished building target: freertos.elf
 
arm-none-eabi-size   freertos.elf 
arm-none-eabi-objdump -h -S  freertos.elf  > "freertos.list"
   text	   data	    bss	    dec	    hex	filename
  24936	   1196	   6348	  32480	   7ee0	freertos.elf
Finished building: default.size.stdout
 
Finished building: freertos.list
 
21:52:57 **** Incremental Build of configuration Debug for project freertos ****
make -j4 all 
arm-none-eabi-size   freertos.elf 
   text	   data	    bss	    dec	    hex	filename
  24936	   1196	   6348	  32480	   7ee0	freertos.elf
Finished building: default.size.stdout
 
21:55:59 **** Incremental Build of configuration Debug for project freertos ****
make -j4 all 
arm-none-eabi-gcc "../Core/Src/main.c" -mcpu=cortex-m4 -std=gnu11 -g3 -DDEBUG -DUSE_HAL_DRIVER -DSTM32F302x8 -c -I../Core/Inc -I../Drivers/STM32F3xx_HAL_Driver/Inc -I../Drivers/STM32F3xx_HAL_Driver/Inc/Legacy -I../Drivers/CMSIS/Device/ST/STM32F3xx/Include -I../Drivers/CMSIS/Include -I../Middlewares/Third_Party/FreeRTOS/Source/include -I../Middlewares/Third_Party/FreeRTOS/Source/CMSIS_RTOS -I../Middlewares/Third_Party/FreeRTOS/Source/portable/GCC/ARM_CM4F -O0 -ffunction-sections -fdata-sections -Wall -fstack-usage -fcyclomatic-complexity -MMD -MP -MF"Core/Src/main.d" -MT"Core/Src/main.o" --specs=nano.specs -mfpu=fpv4-sp-d16 -mfloat-abi=hard -mthumb -o "Core/Src/main.o"
arm-none-eabi-gcc -o "freertos.elf" @"objects.list"   -mcpu=cortex-m4 -T"C:\Users\User\STM32CubeIDE\workspace_1.12.1\freertos\STM32F302R8TX_FLASH.ld" --specs=nosys.specs -Wl,-Map="freertos.map" -Wl,--gc-sections -static --specs=nano.specs -mfpu=fpv4-sp-d16 -mfloat-abi=hard -mthumb -Wl,--start-group -lc -lm -Wl,--end-group
Finished building target: freertos.elf
 
arm-none-eabi-size   freertos.elf 
arm-none-eabi-objdump -h -S  freertos.elf  > "freertos.list"
   text	   data	    bss	    dec	    hex	filename
  24936	   1196	   6348	  32480	   7ee0	freertos.elf
Finished building: default.size.stdout
 
Finished building: freertos.list
 
