19:16:22 **** Build of configuration Debug for project Matriz 8x8 ****
make -j4 all 
arm-none-eabi-gcc -o "Matriz 8x8.elf" @"objects.list"   -mcpu=cortex-m4 -T"C:\Users\User\STM32CubeIDE\Matriz 8x8\STM32F302R8TX_FLASH.ld" --specs=nosys.specs -Wl,-Map="Matriz 8x8.map" -Wl,--gc-sections -static --specs=nano.specs -mfpu=fpv4-sp-d16 -mfloat-abi=hard -mthumb -Wl,--start-group -lc -lm -Wl,--end-group
Finished building target: Matriz 8x8.elf
 
arm-none-eabi-size   Matriz\ 8x8.elf 
arm-none-eabi-objdump -h -S  Matriz\ 8x8.elf  > "Matriz 8x8.list"
   text	   data	    bss	    dec	    hex	filename
   8220	    324	   1572	  10116	   2784	Matriz 8x8.elf
Finished building: default.size.stdout
 
Finished building: Matriz 8x8.list
 

19:16:23 Build Finished. 0 errors, 0 warnings. (took 603ms)

