19:07:58 **** Build of configuration Debug for project Pulsador ****
make -j4 all 
arm-none-eabi-gcc -o "Pulsador.elf" @"objects.list"   -mcpu=cortex-m4 -T"C:\Users\User\STM32CubeIDE\Pulsador\STM32F302R8TX_FLASH.ld" --specs=nosys.specs -Wl,-Map="Pulsador.map" -Wl,--gc-sections -static --specs=nano.specs -mfpu=fpv4-sp-d16 -mfloat-abi=hard -mthumb -Wl,--start-group -lc -lm -Wl,--end-group
Finished building target: Pulsador.elf
 
arm-none-eabi-size   Pulsador.elf 
arm-none-eabi-objdump -h -S  Pulsador.elf  > "Pulsador.list"
   text	   data	    bss	    dec	    hex	filename
   8120	     20	   1572	   9712	   25f0	Pulsador.elf
Finished building: default.size.stdout
 
Finished building: Pulsador.list
 

19:07:58 Build Finished. 0 errors, 0 warnings. (took 533ms)

