21:17:38 **** Incremental Build of configuration Debug for project Pulsador matriz con barrido ****
make -j4 all 
arm-none-eabi-gcc "../Core/Src/main.c" -mcpu=cortex-m4 -std=gnu11 -g3 -DDEBUG -DUSE_HAL_DRIVER -DSTM32F302x8 -c -I../Core/Inc -I../Drivers/STM32F3xx_HAL_Driver/Inc -I../Drivers/STM32F3xx_HAL_Driver/Inc/Legacy -I../Drivers/CMSIS/Device/ST/STM32F3xx/Include -I../Drivers/CMSIS/Include -O0 -ffunction-sections -fdata-sections -Wall -fstack-usage -fcyclomatic-complexity -MMD -MP -MF"Core/Src/main.d" -MT"Core/Src/main.o" --specs=nano.specs -mfpu=fpv4-sp-d16 -mfloat-abi=hard -mthumb -o "Core/Src/main.o"
arm-none-eabi-gcc -o "Pulsador matriz con barrido.elf" @"objects.list"   -mcpu=cortex-m4 -T"C:\Users\User\STM32CubeIDE\workspace_1.12.1\Pulsador matriz con barrido\STM32F302R8TX_FLASH.ld" --specs=nosys.specs -Wl,-Map="Pulsador matriz con barrido.map" -Wl,--gc-sections -static --specs=nano.specs -mfpu=fpv4-sp-d16 -mfloat-abi=hard -mthumb -Wl,--start-group -lc -lm -Wl,--end-group
Finished building target: Pulsador matriz con barrido.elf
 
arm-none-eabi-size   Pulsador\ matriz\ con\ barrido.elf 
arm-none-eabi-objdump -h -S  Pulsador\ matriz\ con\ barrido.elf  > "Pulsador matriz con barrido.list"
   text	   data	    bss	    dec	    hex	filename
  13428	   1044	   1812	  16284	   3f9c	Pulsador matriz con barrido.elf
Finished building: default.size.stdout
 
Finished building: Pulsador matriz con barrido.list
 

21:17:39 Build Finished. 0 errors, 0 warnings. (took 1s.164ms)

