16:17:45 **** Incremental Build of configuration Debug for project ULTRASONICO ****
make -j4 all 
arm-none-eabi-gcc "../Core/Src/main.c" -mcpu=cortex-m4 -std=gnu11 -g3 -DDEBUG -DUSE_HAL_DRIVER -DSTM32F302x8 -c -I../Core/Inc -I../Drivers/STM32F3xx_HAL_Driver/Inc -I../Drivers/STM32F3xx_HAL_Driver/Inc/Legacy -I../Drivers/CMSIS/Device/ST/STM32F3xx/Include -I../Drivers/CMSIS/Include -O0 -ffunction-sections -fdata-sections -Wall -fstack-usage -fcyclomatic-complexity -MMD -MP -MF"Core/Src/main.d" -MT"Core/Src/main.o" --specs=nano.specs -mfpu=fpv4-sp-d16 -mfloat-abi=hard -mthumb -o "Core/Src/main.o"
arm-none-eabi-gcc -o "ULTRASONICO.elf" @"objects.list"   -mcpu=cortex-m4 -T"C:\Users\User\STM32CubeIDE\workspace_1.12.1\ULTRASONICO\STM32F302R8TX_FLASH.ld" --specs=nosys.specs -Wl,-Map="ULTRASONICO.map" -Wl,--gc-sections -static --specs=nano.specs -mfpu=fpv4-sp-d16 -mfloat-abi=hard -mthumb -Wl,--start-group -lc -lm -Wl,--end-group
Finished building target: ULTRASONICO.elf
 
arm-none-eabi-size   ULTRASONICO.elf 
arm-none-eabi-objdump -h -S  ULTRASONICO.elf  > "ULTRASONICO.list"
   text	   data	    bss	    dec	    hex	filename
  19892	     20	   1884	  21796	   5524	ULTRASONICO.elf
Finished building: default.size.stdout
 
Finished building: ULTRASONICO.list
 

16:17:47 Build Finished. 0 errors, 0 warnings. (took 1s.790ms)

