../Core/Src/main.c:65:6:delay	16	static
../Core/Src/main.c:82:6:HAL_TIM_IC_CaptureCallback	16	static
../Core/Src/main.c:119:6:HCSR04_Read	8	static
../Core/Src/main.c:134:5:main	8	static
../Core/Src/main.c:189:6:SystemClock_Config	120	static
../Core/Src/main.c:238:13:MX_I2C1_Init	8	static
../Core/Src/main.c:286:13:MX_TIM1_Init	40	static
../Core/Src/main.c:336:13:MX_USART2_UART_Init	8	static
../Core/Src/main.c:371:13:MX_GPIO_Init	48	static
../Core/Src/main.c:411:6:Error_Handler	4	static,ignoring_inline_asm
